[1.425s] Invoking command in '/home/davicito/Roboticos_Insanos/proyecto_ws/build/robot_description': DEBUGINFOD_URLS=https://debuginfod.ubuntu.com PYTHONPATH=/home/davicito/Roboticos_Insanos/proyecto_ws/build/robot_description/prefix_override:/usr/lib/python3/dist-packages/colcon_core/task/python/colcon_distutils_commands:/home/davicito/Roboticos_Insanos/proyecto_ws/install/robot_description/lib/python3.12/site-packages:${PYTHONPATH} /usr/bin/python3 -W ignore:setup.py install is deprecated -W ignore:easy_install command is deprecated setup.py develop --editable --build-directory /home/davicito/Roboticos_Insanos/proyecto_ws/build/robot_description/build --no-deps symlink_data
[1.779s] running develop
[2.022s] running egg_info
[2.022s] creating robot_description.egg-info
[2.046s] writing robot_description.egg-info/PKG-INFO
[2.047s] writing dependency_links to robot_description.egg-info/dependency_links.txt
[2.047s] writing requirements to robot_description.egg-info/requires.txt
[2.047s] writing top-level names to robot_description.egg-info/top_level.txt
[2.047s] writing manifest file 'robot_description.egg-info/SOURCES.txt'
[2.093s] reading manifest file 'robot_description.egg-info/SOURCES.txt'
[2.094s] writing manifest file 'robot_description.egg-info/SOURCES.txt'
[2.122s] running build_ext
[2.122s] Creating /home/davicito/Roboticos_Insanos/proyecto_ws/install/robot_description/lib/python3.12/site-packages/robot-description.egg-link (link to .)
[2.122s] 
[2.122s] Installed /home/davicito/Roboticos_Insanos/proyecto_ws/build/robot_description
[2.122s] running symlink_data
[2.122s] creating /home/davicito/Roboticos_Insanos/proyecto_ws/install/robot_description/share/ament_index
[2.123s] creating /home/davicito/Roboticos_Insanos/proyecto_ws/install/robot_description/share/ament_index/resource_index
[2.123s] creating /home/davicito/Roboticos_Insanos/proyecto_ws/install/robot_description/share/ament_index/resource_index/packages
[2.123s] symbolically linking /home/davicito/Roboticos_Insanos/proyecto_ws/build/robot_description/resource/robot_description -> /home/davicito/Roboticos_Insanos/proyecto_ws/install/robot_description/share/ament_index/resource_index/packages
[2.123s] symbolically linking /home/davicito/Roboticos_Insanos/proyecto_ws/build/robot_description/package.xml -> /home/davicito/Roboticos_Insanos/proyecto_ws/install/robot_description/share/robot_description
[2.123s] creating /home/davicito/Roboticos_Insanos/proyecto_ws/install/robot_description/share/robot_description/rviz
[2.123s] symbolically linking /home/davicito/Roboticos_Insanos/proyecto_ws/build/robot_description/rviz/rviz.conf.rviz -> /home/davicito/Roboticos_Insanos/proyecto_ws/install/robot_description/share/robot_description/rviz
[2.123s] creating /home/davicito/Roboticos_Insanos/proyecto_ws/install/robot_description/share/robot_description/urdf
[2.123s] symbolically linking /home/davicito/Roboticos_Insanos/proyecto_ws/build/robot_description/urdf/robotinsano.urdf -> /home/davicito/Roboticos_Insanos/proyecto_ws/install/robot_description/share/robot_description/urdf
[2.123s] creating /home/davicito/Roboticos_Insanos/proyecto_ws/install/robot_description/share/robot_description/meshes
[2.123s] symbolically linking /home/davicito/Roboticos_Insanos/proyecto_ws/build/robot_description/meshes/link.stl -> /home/davicito/Roboticos_Insanos/proyecto_ws/install/robot_description/share/robot_description/meshes
[2.224s] Invoked command in '/home/davicito/Roboticos_Insanos/proyecto_ws/build/robot_description' returned '0': DEBUGINFOD_URLS=https://debuginfod.ubuntu.com PYTHONPATH=/home/davicito/Roboticos_Insanos/proyecto_ws/build/robot_description/prefix_override:/usr/lib/python3/dist-packages/colcon_core/task/python/colcon_distutils_commands:/home/davicito/Roboticos_Insanos/proyecto_ws/install/robot_description/lib/python3.12/site-packages:${PYTHONPATH} /usr/bin/python3 -W ignore:setup.py install is deprecated -W ignore:easy_install command is deprecated setup.py develop --editable --build-directory /home/davicito/Roboticos_Insanos/proyecto_ws/build/robot_description/build --no-deps symlink_data
