[1.586s] Invoking command in '/home/davicito/CursoRobotica/proyecto/src/robot_kinematics': DEBUGINFOD_URLS=https://debuginfod.ubuntu.com PYTHONPATH=/home/davicito/CursoRobotica/proyecto/build/robot_kinematics/prefix_override:/usr/lib/python3/dist-packages/colcon_core/task/python/colcon_distutils_commands:/home/davicito/CursoRobotica/proyecto/install/robot_kinematics/lib/python3.12/site-packages:${PYTHONPATH} /usr/bin/python3 -W ignore:setup.py install is deprecated -W ignore:easy_install command is deprecated setup.py egg_info --egg-base ../../build/robot_kinematics build --build-base /home/davicito/CursoRobotica/proyecto/build/robot_kinematics/build install --record /home/davicito/CursoRobotica/proyecto/build/robot_kinematics/install.log --single-version-externally-managed install_data
[1.864s] running egg_info
[1.887s] writing ../../build/robot_kinematics/robot_kinematics.egg-info/PKG-INFO
[2.196s] writing dependency_links to ../../build/robot_kinematics/robot_kinematics.egg-info/dependency_links.txt
[2.196s] writing entry points to ../../build/robot_kinematics/robot_kinematics.egg-info/entry_points.txt
[2.197s] writing requirements to ../../build/robot_kinematics/robot_kinematics.egg-info/requires.txt
[2.197s] writing top-level names to ../../build/robot_kinematics/robot_kinematics.egg-info/top_level.txt
[2.247s] reading manifest file '../../build/robot_kinematics/robot_kinematics.egg-info/SOURCES.txt'
[2.248s] writing manifest file '../../build/robot_kinematics/robot_kinematics.egg-info/SOURCES.txt'
[2.248s] running build
[2.248s] running build_py
[2.248s] running install
[2.253s] running install_lib
[2.277s] running install_data
[2.277s] running install_egg_info
[2.302s] removing '/home/davicito/CursoRobotica/proyecto/install/robot_kinematics/lib/python3.12/site-packages/robot_kinematics-0.0.0-py3.12.egg-info' (and everything under it)
[2.303s] Copying ../../build/robot_kinematics/robot_kinematics.egg-info to /home/davicito/CursoRobotica/proyecto/install/robot_kinematics/lib/python3.12/site-packages/robot_kinematics-0.0.0-py3.12.egg-info
[2.303s] running install_scripts
[2.451s] Installing trajectory_publisher script to /home/davicito/CursoRobotica/proyecto/install/robot_kinematics/lib/robot_kinematics
[2.465s] writing list of installed files to '/home/davicito/CursoRobotica/proyecto/build/robot_kinematics/install.log'
[2.604s] Invoked command in '/home/davicito/CursoRobotica/proyecto/src/robot_kinematics' returned '0': DEBUGINFOD_URLS=https://debuginfod.ubuntu.com PYTHONPATH=/home/davicito/CursoRobotica/proyecto/build/robot_kinematics/prefix_override:/usr/lib/python3/dist-packages/colcon_core/task/python/colcon_distutils_commands:/home/davicito/CursoRobotica/proyecto/install/robot_kinematics/lib/python3.12/site-packages:${PYTHONPATH} /usr/bin/python3 -W ignore:setup.py install is deprecated -W ignore:easy_install command is deprecated setup.py egg_info --egg-base ../../build/robot_kinematics build --build-base /home/davicito/CursoRobotica/proyecto/build/robot_kinematics/build install --record /home/davicito/CursoRobotica/proyecto/build/robot_kinematics/install.log --single-version-externally-managed install_data
