[0.093s] DEBUG:colcon:Command line arguments: ['/usr/bin/colcon', 'build']
[0.093s] DEBUG:colcon:Parsed command line arguments: Namespace(log_base=None, log_level=None, verb_name='build', build_base='build', install_base='install', merge_install=False, symlink_install=False, test_result_base=None, continue_on_error=False, executor='parallel', parallel_workers=12, event_handlers=None, ignore_user_meta=False, metas=['./colcon.meta'], base_paths=['.'], packages_ignore=None, packages_ignore_regex=None, paths=None, packages_up_to=None, packages_up_to_regex=None, packages_above=None, packages_above_and_dependencies=None, packages_above_depth=None, packages_select_by_dep=None, packages_skip_by_dep=None, packages_skip_up_to=None, packages_select_build_failed=False, packages_skip_build_finished=False, packages_select_test_failures=False, packages_skip_test_passed=False, packages_select=None, packages_skip=None, packages_select_regex=None, packages_skip_regex=None, packages_start=None, packages_end=None, allow_overriding=[], cmake_args=None, cmake_target=None, cmake_target_skip_unavailable=False, cmake_clean_cache=False, cmake_clean_first=False, cmake_force_configure=False, ament_cmake_args=None, catkin_cmake_args=None, catkin_skip_building_tests=False, mixin_files=None, mixin=None, verb_parser=<colcon_mixin.mixin.mixin_argument.MixinArgumentDecorator object at 0x7423cc3c8e30>, verb_extension=<colcon_core.verb.build.BuildVerb object at 0x7423cc4e8c50>, main=<bound method BuildVerb.main of <colcon_core.verb.build.BuildVerb object at 0x7423cc4e8c50>>, mixin_verb=('build',))
[0.125s] Level 1:colcon.colcon_core.package_discovery:discover_packages(colcon_meta) check parameters
[0.125s] Level 1:colcon.colcon_core.package_discovery:discover_packages(recursive) check parameters
[0.125s] Level 1:colcon.colcon_core.package_discovery:discover_packages(ignore) check parameters
[0.125s] Level 1:colcon.colcon_core.package_discovery:discover_packages(path) check parameters
[0.125s] Level 1:colcon.colcon_core.package_discovery:discover_packages(colcon_meta) discover
[0.125s] Level 1:colcon.colcon_core.package_discovery:discover_packages(recursive) discover
[0.125s] INFO:colcon.colcon_core.package_discovery:Crawling recursively for packages in '/home/davicito/CursoRobotica/proyecto'
[0.125s] Level 1:colcon.colcon_core.package_identification:_identify(.) by extensions ['ignore', 'ignore_ament_install']
[0.126s] Level 1:colcon.colcon_core.package_identification:_identify(.) by extension 'ignore'
[0.126s] Level 1:colcon.colcon_core.package_identification:_identify(.) by extension 'ignore_ament_install'
[0.126s] Level 1:colcon.colcon_core.package_identification:_identify(.) by extensions ['colcon_pkg']
[0.126s] Level 1:colcon.colcon_core.package_identification:_identify(.) by extension 'colcon_pkg'
[0.126s] Level 1:colcon.colcon_core.package_identification:_identify(.) by extensions ['colcon_meta']
[0.126s] Level 1:colcon.colcon_core.package_identification:_identify(.) by extension 'colcon_meta'
[0.126s] Level 1:colcon.colcon_core.package_identification:_identify(.) by extensions ['ros']
[0.126s] Level 1:colcon.colcon_core.package_identification:_identify(.) by extension 'ros'
[0.145s] Level 1:colcon.colcon_core.package_identification:_identify(.) by extensions ['cmake', 'python']
[0.222s] Level 1:colcon.colcon_core.package_identification:_identify(.) by extension 'cmake'
[0.222s] Level 1:colcon.colcon_core.package_identification:_identify(.) by extension 'python'
[0.222s] Level 1:colcon.colcon_core.package_identification:_identify(.) by extensions ['python_setup_py']
[0.222s] Level 1:colcon.colcon_core.package_identification:_identify(.) by extension 'python_setup_py'
[0.222s] Level 1:colcon.colcon_core.package_identification:_identify(build) by extensions ['ignore', 'ignore_ament_install']
[0.223s] Level 1:colcon.colcon_core.package_identification:_identify(build) by extension 'ignore'
[0.223s] Level 1:colcon.colcon_core.package_identification:_identify(build) ignored
[0.223s] Level 1:colcon.colcon_core.package_identification:_identify(install) by extensions ['ignore', 'ignore_ament_install']
[0.223s] Level 1:colcon.colcon_core.package_identification:_identify(install) by extension 'ignore'
[0.223s] Level 1:colcon.colcon_core.package_identification:_identify(install) ignored
[0.223s] Level 1:colcon.colcon_core.package_identification:_identify(log) by extensions ['ignore', 'ignore_ament_install']
[0.223s] Level 1:colcon.colcon_core.package_identification:_identify(log) by extension 'ignore'
[0.223s] Level 1:colcon.colcon_core.package_identification:_identify(log) ignored
[0.223s] Level 1:colcon.colcon_core.package_identification:_identify(src) by extensions ['ignore', 'ignore_ament_install']
[0.223s] Level 1:colcon.colcon_core.package_identification:_identify(src) by extension 'ignore'
[0.223s] Level 1:colcon.colcon_core.package_identification:_identify(src) by extension 'ignore_ament_install'
[0.223s] Level 1:colcon.colcon_core.package_identification:_identify(src) by extensions ['colcon_pkg']
[0.223s] Level 1:colcon.colcon_core.package_identification:_identify(src) by extension 'colcon_pkg'
[0.224s] Level 1:colcon.colcon_core.package_identification:_identify(src) by extensions ['colcon_meta']
[0.224s] Level 1:colcon.colcon_core.package_identification:_identify(src) by extension 'colcon_meta'
[0.224s] Level 1:colcon.colcon_core.package_identification:_identify(src) by extensions ['ros']
[0.224s] Level 1:colcon.colcon_core.package_identification:_identify(src) by extension 'ros'
[0.224s] Level 1:colcon.colcon_core.package_identification:_identify(src) by extensions ['cmake', 'python']
[0.224s] Level 1:colcon.colcon_core.package_identification:_identify(src) by extension 'cmake'
[0.224s] Level 1:colcon.colcon_core.package_identification:_identify(src) by extension 'python'
[0.224s] Level 1:colcon.colcon_core.package_identification:_identify(src) by extensions ['python_setup_py']
[0.224s] Level 1:colcon.colcon_core.package_identification:_identify(src) by extension 'python_setup_py'
[0.224s] Level 1:colcon.colcon_core.package_identification:_identify(src/install) by extensions ['ignore', 'ignore_ament_install']
[0.224s] Level 1:colcon.colcon_core.package_identification:_identify(src/install) by extension 'ignore'
[0.224s] Level 1:colcon.colcon_core.package_identification:_identify(src/install) ignored
[0.224s] Level 1:colcon.colcon_core.package_identification:_identify(src/robot_bringup) by extensions ['ignore', 'ignore_ament_install']
[0.224s] Level 1:colcon.colcon_core.package_identification:_identify(src/robot_bringup) by extension 'ignore'
[0.224s] Level 1:colcon.colcon_core.package_identification:_identify(src/robot_bringup) by extension 'ignore_ament_install'
[0.225s] Level 1:colcon.colcon_core.package_identification:_identify(src/robot_bringup) by extensions ['colcon_pkg']
[0.225s] Level 1:colcon.colcon_core.package_identification:_identify(src/robot_bringup) by extension 'colcon_pkg'
[0.225s] Level 1:colcon.colcon_core.package_identification:_identify(src/robot_bringup) by extensions ['colcon_meta']
[0.225s] Level 1:colcon.colcon_core.package_identification:_identify(src/robot_bringup) by extension 'colcon_meta'
[0.225s] Level 1:colcon.colcon_core.package_identification:_identify(src/robot_bringup) by extensions ['ros']
[0.225s] Level 1:colcon.colcon_core.package_identification:_identify(src/robot_bringup) by extension 'ros'
[0.227s] DEBUG:colcon.colcon_core.package_identification:Package 'src/robot_bringup' with type 'ros.ament_python' and name 'robot_bringup'
[0.227s] Level 1:colcon.colcon_core.package_identification:_identify(src/robot_description) by extensions ['ignore', 'ignore_ament_install']
[0.227s] Level 1:colcon.colcon_core.package_identification:_identify(src/robot_description) by extension 'ignore'
[0.227s] Level 1:colcon.colcon_core.package_identification:_identify(src/robot_description) by extension 'ignore_ament_install'
[0.227s] Level 1:colcon.colcon_core.package_identification:_identify(src/robot_description) by extensions ['colcon_pkg']
[0.227s] Level 1:colcon.colcon_core.package_identification:_identify(src/robot_description) by extension 'colcon_pkg'
[0.227s] Level 1:colcon.colcon_core.package_identification:_identify(src/robot_description) by extensions ['colcon_meta']
[0.227s] Level 1:colcon.colcon_core.package_identification:_identify(src/robot_description) by extension 'colcon_meta'
[0.227s] Level 1:colcon.colcon_core.package_identification:_identify(src/robot_description) by extensions ['ros']
[0.227s] Level 1:colcon.colcon_core.package_identification:_identify(src/robot_description) by extension 'ros'
[0.228s] DEBUG:colcon.colcon_core.package_identification:Package 'src/robot_description' with type 'ros.ament_python' and name 'robot_description'
[0.228s] Level 1:colcon.colcon_core.package_identification:_identify(src/robot_hardware) by extensions ['ignore', 'ignore_ament_install']
[0.228s] Level 1:colcon.colcon_core.package_identification:_identify(src/robot_hardware) by extension 'ignore'
[0.228s] Level 1:colcon.colcon_core.package_identification:_identify(src/robot_hardware) by extension 'ignore_ament_install'
[0.228s] Level 1:colcon.colcon_core.package_identification:_identify(src/robot_hardware) by extensions ['colcon_pkg']
[0.228s] Level 1:colcon.colcon_core.package_identification:_identify(src/robot_hardware) by extension 'colcon_pkg'
[0.228s] Level 1:colcon.colcon_core.package_identification:_identify(src/robot_hardware) by extensions ['colcon_meta']
[0.228s] Level 1:colcon.colcon_core.package_identification:_identify(src/robot_hardware) by extension 'colcon_meta'
[0.228s] Level 1:colcon.colcon_core.package_identification:_identify(src/robot_hardware) by extensions ['ros']
[0.228s] Level 1:colcon.colcon_core.package_identification:_identify(src/robot_hardware) by extension 'ros'
[0.228s] DEBUG:colcon.colcon_core.package_identification:Package 'src/robot_hardware' with type 'ros.ament_python' and name 'robot_hardware'
[0.228s] Level 1:colcon.colcon_core.package_identification:_identify(src/robot_kinematics) by extensions ['ignore', 'ignore_ament_install']
[0.229s] Level 1:colcon.colcon_core.package_identification:_identify(src/robot_kinematics) by extension 'ignore'
[0.229s] Level 1:colcon.colcon_core.package_identification:_identify(src/robot_kinematics) by extension 'ignore_ament_install'
[0.229s] Level 1:colcon.colcon_core.package_identification:_identify(src/robot_kinematics) by extensions ['colcon_pkg']
[0.229s] Level 1:colcon.colcon_core.package_identification:_identify(src/robot_kinematics) by extension 'colcon_pkg'
[0.229s] Level 1:colcon.colcon_core.package_identification:_identify(src/robot_kinematics) by extensions ['colcon_meta']
[0.229s] Level 1:colcon.colcon_core.package_identification:_identify(src/robot_kinematics) by extension 'colcon_meta'
[0.229s] Level 1:colcon.colcon_core.package_identification:_identify(src/robot_kinematics) by extensions ['ros']
[0.229s] Level 1:colcon.colcon_core.package_identification:_identify(src/robot_kinematics) by extension 'ros'
[0.229s] DEBUG:colcon.colcon_core.package_identification:Package 'src/robot_kinematics' with type 'ros.ament_python' and name 'robot_kinematics'
[0.229s] Level 1:colcon.colcon_core.package_discovery:discover_packages(recursive) using defaults
[0.229s] Level 1:colcon.colcon_core.package_discovery:discover_packages(ignore) discover
[0.229s] Level 1:colcon.colcon_core.package_discovery:discover_packages(ignore) using defaults
[0.229s] Level 1:colcon.colcon_core.package_discovery:discover_packages(path) discover
[0.229s] Level 1:colcon.colcon_core.package_discovery:discover_packages(path) using defaults
[0.243s] Level 1:colcon.colcon_core.package_discovery:discover_packages(prefix_path) check parameters
[0.243s] Level 1:colcon.colcon_core.package_discovery:discover_packages(prefix_path) discover
[0.245s] DEBUG:colcon.colcon_installed_package_information.package_discovery:Found 1 installed packages in /home/davicito/Robotica-2026-2/proyecto_final_ws/install
[0.246s] DEBUG:colcon.colcon_installed_package_information.package_discovery:Found 292 installed packages in /opt/ros/jazzy
[0.247s] Level 1:colcon.colcon_core.package_discovery:discover_packages(prefix_path) using defaults
[0.281s] Level 5:colcon.colcon_core.verb:set package 'robot_bringup' build argument 'cmake_args' from command line to 'None'
[0.281s] Level 5:colcon.colcon_core.verb:set package 'robot_bringup' build argument 'cmake_target' from command line to 'None'
[0.282s] Level 5:colcon.colcon_core.verb:set package 'robot_bringup' build argument 'cmake_target_skip_unavailable' from command line to 'False'
[0.282s] Level 5:colcon.colcon_core.verb:set package 'robot_bringup' build argument 'cmake_clean_cache' from command line to 'False'
[0.282s] Level 5:colcon.colcon_core.verb:set package 'robot_bringup' build argument 'cmake_clean_first' from command line to 'False'
[0.282s] Level 5:colcon.colcon_core.verb:set package 'robot_bringup' build argument 'cmake_force_configure' from command line to 'False'
[0.282s] Level 5:colcon.colcon_core.verb:set package 'robot_bringup' build argument 'ament_cmake_args' from command line to 'None'
[0.282s] Level 5:colcon.colcon_core.verb:set package 'robot_bringup' build argument 'catkin_cmake_args' from command line to 'None'
[0.282s] Level 5:colcon.colcon_core.verb:set package 'robot_bringup' build argument 'catkin_skip_building_tests' from command line to 'False'
[0.282s] DEBUG:colcon.colcon_core.verb:Building package 'robot_bringup' with the following arguments: {'ament_cmake_args': None, 'build_base': '/home/davicito/CursoRobotica/proyecto/build/robot_bringup', 'catkin_cmake_args': None, 'catkin_skip_building_tests': False, 'cmake_args': None, 'cmake_clean_cache': False, 'cmake_clean_first': False, 'cmake_force_configure': False, 'cmake_target': None, 'cmake_target_skip_unavailable': False, 'install_base': '/home/davicito/CursoRobotica/proyecto/install/robot_bringup', 'merge_install': False, 'path': '/home/davicito/CursoRobotica/proyecto/src/robot_bringup', 'symlink_install': False, 'test_result_base': None}
[0.282s] Level 5:colcon.colcon_core.verb:set package 'robot_description' build argument 'cmake_args' from command line to 'None'
[0.282s] Level 5:colcon.colcon_core.verb:set package 'robot_description' build argument 'cmake_target' from command line to 'None'
[0.282s] Level 5:colcon.colcon_core.verb:set package 'robot_description' build argument 'cmake_target_skip_unavailable' from command line to 'False'
[0.282s] Level 5:colcon.colcon_core.verb:set package 'robot_description' build argument 'cmake_clean_cache' from command line to 'False'
[0.282s] Level 5:colcon.colcon_core.verb:set package 'robot_description' build argument 'cmake_clean_first' from command line to 'False'
[0.282s] Level 5:colcon.colcon_core.verb:set package 'robot_description' build argument 'cmake_force_configure' from command line to 'False'
[0.282s] Level 5:colcon.colcon_core.verb:set package 'robot_description' build argument 'ament_cmake_args' from command line to 'None'
[0.282s] Level 5:colcon.colcon_core.verb:set package 'robot_description' build argument 'catkin_cmake_args' from command line to 'None'
[0.282s] Level 5:colcon.colcon_core.verb:set package 'robot_description' build argument 'catkin_skip_building_tests' from command line to 'False'
[0.282s] DEBUG:colcon.colcon_core.verb:Building package 'robot_description' with the following arguments: {'ament_cmake_args': None, 'build_base': '/home/davicito/CursoRobotica/proyecto/build/robot_description', 'catkin_cmake_args': None, 'catkin_skip_building_tests': False, 'cmake_args': None, 'cmake_clean_cache': False, 'cmake_clean_first': False, 'cmake_force_configure': False, 'cmake_target': None, 'cmake_target_skip_unavailable': False, 'install_base': '/home/davicito/CursoRobotica/proyecto/install/robot_description', 'merge_install': False, 'path': '/home/davicito/CursoRobotica/proyecto/src/robot_description', 'symlink_install': False, 'test_result_base': None}
[0.283s] Level 5:colcon.colcon_core.verb:set package 'robot_hardware' build argument 'cmake_args' from command line to 'None'
[0.283s] Level 5:colcon.colcon_core.verb:set package 'robot_hardware' build argument 'cmake_target' from command line to 'None'
[0.283s] Level 5:colcon.colcon_core.verb:set package 'robot_hardware' build argument 'cmake_target_skip_unavailable' from command line to 'False'
[0.283s] Level 5:colcon.colcon_core.verb:set package 'robot_hardware' build argument 'cmake_clean_cache' from command line to 'False'
[0.283s] Level 5:colcon.colcon_core.verb:set package 'robot_hardware' build argument 'cmake_clean_first' from command line to 'False'
[0.283s] Level 5:colcon.colcon_core.verb:set package 'robot_hardware' build argument 'cmake_force_configure' from command line to 'False'
[0.283s] Level 5:colcon.colcon_core.verb:set package 'robot_hardware' build argument 'ament_cmake_args' from command line to 'None'
[0.283s] Level 5:colcon.colcon_core.verb:set package 'robot_hardware' build argument 'catkin_cmake_args' from command line to 'None'
[0.283s] Level 5:colcon.colcon_core.verb:set package 'robot_hardware' build argument 'catkin_skip_building_tests' from command line to 'False'
[0.283s] DEBUG:colcon.colcon_core.verb:Building package 'robot_hardware' with the following arguments: {'ament_cmake_args': None, 'build_base': '/home/davicito/CursoRobotica/proyecto/build/robot_hardware', 'catkin_cmake_args': None, 'catkin_skip_building_tests': False, 'cmake_args': None, 'cmake_clean_cache': False, 'cmake_clean_first': False, 'cmake_force_configure': False, 'cmake_target': None, 'cmake_target_skip_unavailable': False, 'install_base': '/home/davicito/CursoRobotica/proyecto/install/robot_hardware', 'merge_install': False, 'path': '/home/davicito/CursoRobotica/proyecto/src/robot_hardware', 'symlink_install': False, 'test_result_base': None}
[0.283s] Level 5:colcon.colcon_core.verb:set package 'robot_kinematics' build argument 'cmake_args' from command line to 'None'
[0.283s] Level 5:colcon.colcon_core.verb:set package 'robot_kinematics' build argument 'cmake_target' from command line to 'None'
[0.283s] Level 5:colcon.colcon_core.verb:set package 'robot_kinematics' build argument 'cmake_target_skip_unavailable' from command line to 'False'
[0.283s] Level 5:colcon.colcon_core.verb:set package 'robot_kinematics' build argument 'cmake_clean_cache' from command line to 'False'
[0.283s] Level 5:colcon.colcon_core.verb:set package 'robot_kinematics' build argument 'cmake_clean_first' from command line to 'False'
[0.283s] Level 5:colcon.colcon_core.verb:set package 'robot_kinematics' build argument 'cmake_force_configure' from command line to 'False'
[0.283s] Level 5:colcon.colcon_core.verb:set package 'robot_kinematics' build argument 'ament_cmake_args' from command line to 'None'
[0.283s] Level 5:colcon.colcon_core.verb:set package 'robot_kinematics' build argument 'catkin_cmake_args' from command line to 'None'
[0.283s] Level 5:colcon.colcon_core.verb:set package 'robot_kinematics' build argument 'catkin_skip_building_tests' from command line to 'False'
[0.283s] DEBUG:colcon.colcon_core.verb:Building package 'robot_kinematics' with the following arguments: {'ament_cmake_args': None, 'build_base': '/home/davicito/CursoRobotica/proyecto/build/robot_kinematics', 'catkin_cmake_args': None, 'catkin_skip_building_tests': False, 'cmake_args': None, 'cmake_clean_cache': False, 'cmake_clean_first': False, 'cmake_force_configure': False, 'cmake_target': None, 'cmake_target_skip_unavailable': False, 'install_base': '/home/davicito/CursoRobotica/proyecto/install/robot_kinematics', 'merge_install': False, 'path': '/home/davicito/CursoRobotica/proyecto/src/robot_kinematics', 'symlink_install': False, 'test_result_base': None}
[0.283s] INFO:colcon.colcon_core.executor:Executing jobs using 'parallel' executor
[0.284s] DEBUG:colcon.colcon_parallel_executor.executor.parallel:run_until_complete
[0.284s] INFO:colcon.colcon_ros.task.ament_python.build:Building ROS package in '/home/davicito/CursoRobotica/proyecto/src/robot_bringup' with build type 'ament_python'
[0.284s] Level 1:colcon.colcon_core.shell:create_environment_hook('robot_bringup', 'ament_prefix_path')
[0.286s] INFO:colcon.colcon_core.plugin_system:Skipping extension 'colcon_core.shell.bat': Not used on non-Windows systems
[0.286s] INFO:colcon.colcon_core.shell:Creating environment hook '/home/davicito/CursoRobotica/proyecto/install/robot_bringup/share/robot_bringup/hook/ament_prefix_path.ps1'
[0.287s] INFO:colcon.colcon_core.shell:Creating environment descriptor '/home/davicito/CursoRobotica/proyecto/install/robot_bringup/share/robot_bringup/hook/ament_prefix_path.dsv'
[0.287s] INFO:colcon.colcon_core.shell:Creating environment hook '/home/davicito/CursoRobotica/proyecto/install/robot_bringup/share/robot_bringup/hook/ament_prefix_path.sh'
[0.288s] INFO:colcon.colcon_core.shell:Skip shell extension 'powershell' for command environment: Not usable outside of PowerShell
[0.288s] DEBUG:colcon.colcon_core.shell:Skip shell extension 'dsv' for command environment
[0.291s] INFO:colcon.colcon_ros.task.ament_python.build:Building ROS package in '/home/davicito/CursoRobotica/proyecto/src/robot_description' with build type 'ament_python'
[0.291s] Level 1:colcon.colcon_core.shell:create_environment_hook('robot_description', 'ament_prefix_path')
[0.291s] INFO:colcon.colcon_core.shell:Creating environment hook '/home/davicito/CursoRobotica/proyecto/install/robot_description/share/robot_description/hook/ament_prefix_path.ps1'
[0.292s] INFO:colcon.colcon_core.shell:Creating environment descriptor '/home/davicito/CursoRobotica/proyecto/install/robot_description/share/robot_description/hook/ament_prefix_path.dsv'
[0.294s] INFO:colcon.colcon_core.shell:Creating environment hook '/home/davicito/CursoRobotica/proyecto/install/robot_description/share/robot_description/hook/ament_prefix_path.sh'
[0.294s] INFO:colcon.colcon_core.shell:Skip shell extension 'powershell' for command environment: Not usable outside of PowerShell
[0.294s] DEBUG:colcon.colcon_core.shell:Skip shell extension 'dsv' for command environment
[0.297s] INFO:colcon.colcon_ros.task.ament_python.build:Building ROS package in '/home/davicito/CursoRobotica/proyecto/src/robot_hardware' with build type 'ament_python'
[0.297s] Level 1:colcon.colcon_core.shell:create_environment_hook('robot_hardware', 'ament_prefix_path')
[0.297s] INFO:colcon.colcon_core.shell:Creating environment hook '/home/davicito/CursoRobotica/proyecto/install/robot_hardware/share/robot_hardware/hook/ament_prefix_path.ps1'
[0.297s] INFO:colcon.colcon_core.shell:Creating environment descriptor '/home/davicito/CursoRobotica/proyecto/install/robot_hardware/share/robot_hardware/hook/ament_prefix_path.dsv'
[0.297s] INFO:colcon.colcon_core.shell:Creating environment hook '/home/davicito/CursoRobotica/proyecto/install/robot_hardware/share/robot_hardware/hook/ament_prefix_path.sh'
[0.298s] INFO:colcon.colcon_core.shell:Skip shell extension 'powershell' for command environment: Not usable outside of PowerShell
[0.298s] DEBUG:colcon.colcon_core.shell:Skip shell extension 'dsv' for command environment
[0.300s] INFO:colcon.colcon_ros.task.ament_python.build:Building ROS package in '/home/davicito/CursoRobotica/proyecto/src/robot_kinematics' with build type 'ament_python'
[0.300s] Level 1:colcon.colcon_core.shell:create_environment_hook('robot_kinematics', 'ament_prefix_path')
[0.300s] INFO:colcon.colcon_core.shell:Creating environment hook '/home/davicito/CursoRobotica/proyecto/install/robot_kinematics/share/robot_kinematics/hook/ament_prefix_path.ps1'
[0.301s] INFO:colcon.colcon_core.shell:Creating environment descriptor '/home/davicito/CursoRobotica/proyecto/install/robot_kinematics/share/robot_kinematics/hook/ament_prefix_path.dsv'
[0.301s] INFO:colcon.colcon_core.shell:Creating environment hook '/home/davicito/CursoRobotica/proyecto/install/robot_kinematics/share/robot_kinematics/hook/ament_prefix_path.sh'
[0.301s] INFO:colcon.colcon_core.shell:Skip shell extension 'powershell' for command environment: Not usable outside of PowerShell
[0.301s] DEBUG:colcon.colcon_core.shell:Skip shell extension 'dsv' for command environment
[0.498s] INFO:colcon.colcon_core.task.python.build:Building Python package in '/home/davicito/CursoRobotica/proyecto/src/robot_bringup'
[0.546s] INFO:colcon.colcon_core.shell:Skip shell extension 'powershell' for command environment: Not usable outside of PowerShell
[0.546s] DEBUG:colcon.colcon_core.shell:Skip shell extension 'dsv' for command environment
[0.745s] INFO:colcon.colcon_core.task.python.build:Building Python package in '/home/davicito/CursoRobotica/proyecto/src/robot_description'
[0.746s] INFO:colcon.colcon_core.shell:Skip shell extension 'powershell' for command environment: Not usable outside of PowerShell
[0.746s] DEBUG:colcon.colcon_core.shell:Skip shell extension 'dsv' for command environment
[0.944s] INFO:colcon.colcon_core.task.python.build:Building Python package in '/home/davicito/CursoRobotica/proyecto/src/robot_hardware'
[0.944s] INFO:colcon.colcon_core.shell:Skip shell extension 'powershell' for command environment: Not usable outside of PowerShell
[0.945s] DEBUG:colcon.colcon_core.shell:Skip shell extension 'dsv' for command environment
[1.139s] INFO:colcon.colcon_core.task.python.build:Building Python package in '/home/davicito/CursoRobotica/proyecto/src/robot_kinematics'
[1.140s] INFO:colcon.colcon_core.shell:Skip shell extension 'powershell' for command environment: Not usable outside of PowerShell
[1.140s] DEBUG:colcon.colcon_core.shell:Skip shell extension 'dsv' for command environment
[1.996s] DEBUG:colcon.colcon_core.event_handler.log_command:Invoking command in '/home/davicito/CursoRobotica/proyecto/src/robot_kinematics': DEBUGINFOD_URLS=https://debuginfod.ubuntu.com PYTHONPATH=/home/davicito/CursoRobotica/proyecto/build/robot_kinematics/prefix_override:/usr/lib/python3/dist-packages/colcon_core/task/python/colcon_distutils_commands:/home/davicito/CursoRobotica/proyecto/install/robot_kinematics/lib/python3.12/site-packages:${PYTHONPATH} /usr/bin/python3 -W ignore:setup.py install is deprecated -W ignore:easy_install command is deprecated setup.py egg_info --egg-base ../../build/robot_kinematics build --build-base /home/davicito/CursoRobotica/proyecto/build/robot_kinematics/build install --record /home/davicito/CursoRobotica/proyecto/build/robot_kinematics/install.log --single-version-externally-managed install_data
[2.004s] DEBUG:colcon.colcon_core.event_handler.log_command:Invoking command in '/home/davicito/CursoRobotica/proyecto/src/robot_hardware': DEBUGINFOD_URLS=https://debuginfod.ubuntu.com PYTHONPATH=/home/davicito/CursoRobotica/proyecto/build/robot_hardware/prefix_override:/usr/lib/python3/dist-packages/colcon_core/task/python/colcon_distutils_commands:/home/davicito/CursoRobotica/proyecto/install/robot_hardware/lib/python3.12/site-packages:${PYTHONPATH} /usr/bin/python3 -W ignore:setup.py install is deprecated -W ignore:easy_install command is deprecated setup.py egg_info --egg-base ../../build/robot_hardware build --build-base /home/davicito/CursoRobotica/proyecto/build/robot_hardware/build install --record /home/davicito/CursoRobotica/proyecto/build/robot_hardware/install.log --single-version-externally-managed install_data
[2.014s] DEBUG:colcon.colcon_core.event_handler.log_command:Invoking command in '/home/davicito/CursoRobotica/proyecto/src/robot_bringup': DEBUGINFOD_URLS=https://debuginfod.ubuntu.com PYTHONPATH=/home/davicito/CursoRobotica/proyecto/build/robot_bringup/prefix_override:/usr/lib/python3/dist-packages/colcon_core/task/python/colcon_distutils_commands:/home/davicito/CursoRobotica/proyecto/install/robot_bringup/lib/python3.12/site-packages:${PYTHONPATH} /usr/bin/python3 -W ignore:setup.py install is deprecated -W ignore:easy_install command is deprecated setup.py egg_info --egg-base ../../build/robot_bringup build --build-base /home/davicito/CursoRobotica/proyecto/build/robot_bringup/build install --record /home/davicito/CursoRobotica/proyecto/build/robot_bringup/install.log --single-version-externally-managed install_data
[2.021s] DEBUG:colcon.colcon_core.event_handler.log_command:Invoking command in '/home/davicito/CursoRobotica/proyecto/src/robot_description': DEBUGINFOD_URLS=https://debuginfod.ubuntu.com PYTHONPATH=/home/davicito/CursoRobotica/proyecto/build/robot_description/prefix_override:/usr/lib/python3/dist-packages/colcon_core/task/python/colcon_distutils_commands:/home/davicito/CursoRobotica/proyecto/install/robot_description/lib/python3.12/site-packages:${PYTHONPATH} /usr/bin/python3 -W ignore:setup.py install is deprecated -W ignore:easy_install command is deprecated setup.py egg_info --egg-base ../../build/robot_description build --build-base /home/davicito/CursoRobotica/proyecto/build/robot_description/build install --record /home/davicito/CursoRobotica/proyecto/build/robot_description/install.log --single-version-externally-managed install_data
[2.621s] DEBUG:colcon.colcon_core.event_handler.log_command:Invoked command in '/home/davicito/CursoRobotica/proyecto/src/robot_hardware' returned '0': DEBUGINFOD_URLS=https://debuginfod.ubuntu.com PYTHONPATH=/home/davicito/CursoRobotica/proyecto/build/robot_hardware/prefix_override:/usr/lib/python3/dist-packages/colcon_core/task/python/colcon_distutils_commands:/home/davicito/CursoRobotica/proyecto/install/robot_hardware/lib/python3.12/site-packages:${PYTHONPATH} /usr/bin/python3 -W ignore:setup.py install is deprecated -W ignore:easy_install command is deprecated setup.py egg_info --egg-base ../../build/robot_hardware build --build-base /home/davicito/CursoRobotica/proyecto/build/robot_hardware/build install --record /home/davicito/CursoRobotica/proyecto/build/robot_hardware/install.log --single-version-externally-managed install_data
[2.624s] Level 1:colcon.colcon_core.environment:checking '/home/davicito/CursoRobotica/proyecto/install/robot_hardware' for CMake module files
[2.624s] Level 1:colcon.colcon_core.environment:checking '/home/davicito/CursoRobotica/proyecto/install/robot_hardware' for CMake config files
[2.625s] Level 1:colcon.colcon_core.environment:checking '/home/davicito/CursoRobotica/proyecto/install/robot_hardware/lib'
[2.625s] Level 1:colcon.colcon_core.environment:checking '/home/davicito/CursoRobotica/proyecto/install/robot_hardware/bin'
[2.625s] Level 1:colcon.colcon_core.environment:checking '/home/davicito/CursoRobotica/proyecto/install/robot_hardware/lib/pkgconfig/robot_hardware.pc'
[2.626s] Level 1:colcon.colcon_core.environment:checking '/home/davicito/CursoRobotica/proyecto/install/robot_hardware/lib/python3.12/site-packages'
[2.626s] Level 1:colcon.colcon_core.shell:create_environment_hook('robot_hardware', 'pythonpath')
[2.626s] INFO:colcon.colcon_core.shell:Creating environment hook '/home/davicito/CursoRobotica/proyecto/install/robot_hardware/share/robot_hardware/hook/pythonpath.ps1'
[2.635s] INFO:colcon.colcon_core.shell:Creating environment descriptor '/home/davicito/CursoRobotica/proyecto/install/robot_hardware/share/robot_hardware/hook/pythonpath.dsv'
[2.668s] INFO:colcon.colcon_core.shell:Creating environment hook '/home/davicito/CursoRobotica/proyecto/install/robot_hardware/share/robot_hardware/hook/pythonpath.sh'
[2.669s] Level 1:colcon.colcon_core.environment:checking '/home/davicito/CursoRobotica/proyecto/install/robot_hardware/bin'
[2.669s] Level 1:colcon.colcon_core.environment:create_environment_scripts_only(robot_hardware)
[2.669s] INFO:colcon.colcon_core.shell:Creating package script '/home/davicito/CursoRobotica/proyecto/install/robot_hardware/share/robot_hardware/package.ps1'
[2.670s] INFO:colcon.colcon_core.shell:Creating package descriptor '/home/davicito/CursoRobotica/proyecto/install/robot_hardware/share/robot_hardware/package.dsv'
[2.670s] INFO:colcon.colcon_core.shell:Creating package script '/home/davicito/CursoRobotica/proyecto/install/robot_hardware/share/robot_hardware/package.sh'
[2.671s] INFO:colcon.colcon_core.shell:Creating package script '/home/davicito/CursoRobotica/proyecto/install/robot_hardware/share/robot_hardware/package.bash'
[2.672s] INFO:colcon.colcon_core.shell:Creating package script '/home/davicito/CursoRobotica/proyecto/install/robot_hardware/share/robot_hardware/package.zsh'
[2.672s] Level 1:colcon.colcon_core.environment:create_file_with_runtime_dependencies(/home/davicito/CursoRobotica/proyecto/install/robot_hardware/share/colcon-core/packages/robot_hardware)
[2.673s] Level 1:colcon.colcon_core.environment:checking '/home/davicito/CursoRobotica/proyecto/install/robot_kinematics' for CMake module files
[2.674s] Level 1:colcon.colcon_core.environment:checking '/home/davicito/CursoRobotica/proyecto/install/robot_kinematics' for CMake config files
[2.675s] Level 1:colcon.colcon_core.environment:checking '/home/davicito/CursoRobotica/proyecto/install/robot_kinematics/lib'
[2.675s] Level 1:colcon.colcon_core.environment:checking '/home/davicito/CursoRobotica/proyecto/install/robot_kinematics/bin'
[2.675s] Level 1:colcon.colcon_core.environment:checking '/home/davicito/CursoRobotica/proyecto/install/robot_kinematics/lib/pkgconfig/robot_kinematics.pc'
[2.675s] Level 1:colcon.colcon_core.environment:checking '/home/davicito/CursoRobotica/proyecto/install/robot_kinematics/lib/python3.12/site-packages'
[2.675s] Level 1:colcon.colcon_core.shell:create_environment_hook('robot_kinematics', 'pythonpath')
[2.675s] INFO:colcon.colcon_core.shell:Creating environment hook '/home/davicito/CursoRobotica/proyecto/install/robot_kinematics/share/robot_kinematics/hook/pythonpath.ps1'
[2.710s] DEBUG:colcon.colcon_core.event_handler.log_command:Invoked command in '/home/davicito/CursoRobotica/proyecto/src/robot_kinematics' returned '0': DEBUGINFOD_URLS=https://debuginfod.ubuntu.com PYTHONPATH=/home/davicito/CursoRobotica/proyecto/build/robot_kinematics/prefix_override:/usr/lib/python3/dist-packages/colcon_core/task/python/colcon_distutils_commands:/home/davicito/CursoRobotica/proyecto/install/robot_kinematics/lib/python3.12/site-packages:${PYTHONPATH} /usr/bin/python3 -W ignore:setup.py install is deprecated -W ignore:easy_install command is deprecated setup.py egg_info --egg-base ../../build/robot_kinematics build --build-base /home/davicito/CursoRobotica/proyecto/build/robot_kinematics/build install --record /home/davicito/CursoRobotica/proyecto/build/robot_kinematics/install.log --single-version-externally-managed install_data
[2.742s] INFO:colcon.colcon_core.shell:Creating environment descriptor '/home/davicito/CursoRobotica/proyecto/install/robot_kinematics/share/robot_kinematics/hook/pythonpath.dsv'
[2.774s] INFO:colcon.colcon_core.shell:Creating environment hook '/home/davicito/CursoRobotica/proyecto/install/robot_kinematics/share/robot_kinematics/hook/pythonpath.sh'
[2.807s] Level 1:colcon.colcon_core.environment:checking '/home/davicito/CursoRobotica/proyecto/install/robot_kinematics/bin'
[2.807s] Level 1:colcon.colcon_core.environment:create_environment_scripts_only(robot_kinematics)
[2.807s] INFO:colcon.colcon_core.shell:Creating package script '/home/davicito/CursoRobotica/proyecto/install/robot_kinematics/share/robot_kinematics/package.ps1'
[2.808s] INFO:colcon.colcon_core.shell:Creating package descriptor '/home/davicito/CursoRobotica/proyecto/install/robot_kinematics/share/robot_kinematics/package.dsv'
[2.808s] INFO:colcon.colcon_core.shell:Creating package script '/home/davicito/CursoRobotica/proyecto/install/robot_kinematics/share/robot_kinematics/package.sh'
[2.809s] INFO:colcon.colcon_core.shell:Creating package script '/home/davicito/CursoRobotica/proyecto/install/robot_kinematics/share/robot_kinematics/package.bash'
[2.809s] INFO:colcon.colcon_core.shell:Creating package script '/home/davicito/CursoRobotica/proyecto/install/robot_kinematics/share/robot_kinematics/package.zsh'
[2.809s] Level 1:colcon.colcon_core.environment:create_file_with_runtime_dependencies(/home/davicito/CursoRobotica/proyecto/install/robot_kinematics/share/colcon-core/packages/robot_kinematics)
[2.810s] Level 1:colcon.colcon_core.environment:checking '/home/davicito/CursoRobotica/proyecto/install/robot_description' for CMake module files
[2.810s] Level 1:colcon.colcon_core.environment:checking '/home/davicito/CursoRobotica/proyecto/install/robot_description' for CMake config files
[2.811s] Level 1:colcon.colcon_core.environment:checking '/home/davicito/CursoRobotica/proyecto/install/robot_description/lib'
[2.811s] Level 1:colcon.colcon_core.environment:checking '/home/davicito/CursoRobotica/proyecto/install/robot_description/bin'
[2.811s] Level 1:colcon.colcon_core.environment:checking '/home/davicito/CursoRobotica/proyecto/install/robot_description/lib/pkgconfig/robot_description.pc'
[2.811s] Level 1:colcon.colcon_core.environment:checking '/home/davicito/CursoRobotica/proyecto/install/robot_description/lib/python3.12/site-packages'
[2.811s] Level 1:colcon.colcon_core.shell:create_environment_hook('robot_description', 'pythonpath')
[2.811s] INFO:colcon.colcon_core.shell:Creating environment hook '/home/davicito/CursoRobotica/proyecto/install/robot_description/share/robot_description/hook/pythonpath.ps1'
[2.812s] INFO:colcon.colcon_core.shell:Creating environment descriptor '/home/davicito/CursoRobotica/proyecto/install/robot_description/share/robot_description/hook/pythonpath.dsv'
[2.812s] INFO:colcon.colcon_core.shell:Creating environment hook '/home/davicito/CursoRobotica/proyecto/install/robot_description/share/robot_description/hook/pythonpath.sh'
[2.812s] Level 1:colcon.colcon_core.environment:checking '/home/davicito/CursoRobotica/proyecto/install/robot_description/bin'
[2.812s] Level 1:colcon.colcon_core.environment:create_environment_scripts_only(robot_description)
[2.813s] INFO:colcon.colcon_core.shell:Creating package script '/home/davicito/CursoRobotica/proyecto/install/robot_description/share/robot_description/package.ps1'
[2.813s] INFO:colcon.colcon_core.shell:Creating package descriptor '/home/davicito/CursoRobotica/proyecto/install/robot_description/share/robot_description/package.dsv'
[2.813s] INFO:colcon.colcon_core.shell:Creating package script '/home/davicito/CursoRobotica/proyecto/install/robot_description/share/robot_description/package.sh'
[2.814s] INFO:colcon.colcon_core.shell:Creating package script '/home/davicito/CursoRobotica/proyecto/install/robot_description/share/robot_description/package.bash'
[2.814s] INFO:colcon.colcon_core.shell:Creating package script '/home/davicito/CursoRobotica/proyecto/install/robot_description/share/robot_description/package.zsh'
[2.814s] Level 1:colcon.colcon_core.environment:create_file_with_runtime_dependencies(/home/davicito/CursoRobotica/proyecto/install/robot_description/share/colcon-core/packages/robot_description)
[2.815s] Level 1:colcon.colcon_core.environment:checking '/home/davicito/CursoRobotica/proyecto/install/robot_bringup' for CMake module files
[2.815s] Level 1:colcon.colcon_core.environment:checking '/home/davicito/CursoRobotica/proyecto/install/robot_bringup' for CMake config files
[2.815s] Level 1:colcon.colcon_core.environment:checking '/home/davicito/CursoRobotica/proyecto/install/robot_bringup/lib'
[2.815s] Level 1:colcon.colcon_core.environment:checking '/home/davicito/CursoRobotica/proyecto/install/robot_bringup/bin'
[2.815s] Level 1:colcon.colcon_core.environment:checking '/home/davicito/CursoRobotica/proyecto/install/robot_bringup/lib/pkgconfig/robot_bringup.pc'
[2.816s] Level 1:colcon.colcon_core.environment:checking '/home/davicito/CursoRobotica/proyecto/install/robot_bringup/lib/python3.12/site-packages'
[2.816s] Level 1:colcon.colcon_core.shell:create_environment_hook('robot_bringup', 'pythonpath')
[2.816s] INFO:colcon.colcon_core.shell:Creating environment hook '/home/davicito/CursoRobotica/proyecto/install/robot_bringup/share/robot_bringup/hook/pythonpath.ps1'
[2.816s] INFO:colcon.colcon_core.shell:Creating environment descriptor '/home/davicito/CursoRobotica/proyecto/install/robot_bringup/share/robot_bringup/hook/pythonpath.dsv'
[2.816s] INFO:colcon.colcon_core.shell:Creating environment hook '/home/davicito/CursoRobotica/proyecto/install/robot_bringup/share/robot_bringup/hook/pythonpath.sh'
[2.817s] Level 1:colcon.colcon_core.environment:checking '/home/davicito/CursoRobotica/proyecto/install/robot_bringup/bin'
[2.817s] Level 1:colcon.colcon_core.environment:create_environment_scripts_only(robot_bringup)
[2.817s] INFO:colcon.colcon_core.shell:Creating package script '/home/davicito/CursoRobotica/proyecto/install/robot_bringup/share/robot_bringup/package.ps1'
[2.817s] INFO:colcon.colcon_core.shell:Creating package descriptor '/home/davicito/CursoRobotica/proyecto/install/robot_bringup/share/robot_bringup/package.dsv'
[2.818s] INFO:colcon.colcon_core.shell:Creating package script '/home/davicito/CursoRobotica/proyecto/install/robot_bringup/share/robot_bringup/package.sh'
[2.818s] INFO:colcon.colcon_core.shell:Creating package script '/home/davicito/CursoRobotica/proyecto/install/robot_bringup/share/robot_bringup/package.bash'
[2.818s] INFO:colcon.colcon_core.shell:Creating package script '/home/davicito/CursoRobotica/proyecto/install/robot_bringup/share/robot_bringup/package.zsh'
[2.818s] Level 1:colcon.colcon_core.environment:create_file_with_runtime_dependencies(/home/davicito/CursoRobotica/proyecto/install/robot_bringup/share/colcon-core/packages/robot_bringup)
[2.818s] DEBUG:colcon.colcon_parallel_executor.executor.parallel:closing loop
[2.819s] DEBUG:colcon.colcon_parallel_executor.executor.parallel:loop closed
[2.819s] DEBUG:colcon.colcon_parallel_executor.executor.parallel:run_until_complete finished with '0'
[2.819s] DEBUG:colcon.colcon_core.event_reactor:joining thread
[2.843s] DEBUG:colcon.colcon_core.event_handler.log_command:Invoked command in '/home/davicito/CursoRobotica/proyecto/src/robot_description' returned '0': DEBUGINFOD_URLS=https://debuginfod.ubuntu.com PYTHONPATH=/home/davicito/CursoRobotica/proyecto/build/robot_description/prefix_override:/usr/lib/python3/dist-packages/colcon_core/task/python/colcon_distutils_commands:/home/davicito/CursoRobotica/proyecto/install/robot_description/lib/python3.12/site-packages:${PYTHONPATH} /usr/bin/python3 -W ignore:setup.py install is deprecated -W ignore:easy_install command is deprecated setup.py egg_info --egg-base ../../build/robot_description build --build-base /home/davicito/CursoRobotica/proyecto/build/robot_description/build install --record /home/davicito/CursoRobotica/proyecto/build/robot_description/install.log --single-version-externally-managed install_data
[2.844s] DEBUG:colcon.colcon_core.event_handler.log_command:Invoked command in '/home/davicito/CursoRobotica/proyecto/src/robot_bringup' returned '0': DEBUGINFOD_URLS=https://debuginfod.ubuntu.com PYTHONPATH=/home/davicito/CursoRobotica/proyecto/build/robot_bringup/prefix_override:/usr/lib/python3/dist-packages/colcon_core/task/python/colcon_distutils_commands:/home/davicito/CursoRobotica/proyecto/install/robot_bringup/lib/python3.12/site-packages:${PYTHONPATH} /usr/bin/python3 -W ignore:setup.py install is deprecated -W ignore:easy_install command is deprecated setup.py egg_info --egg-base ../../build/robot_bringup build --build-base /home/davicito/CursoRobotica/proyecto/build/robot_bringup/build install --record /home/davicito/CursoRobotica/proyecto/build/robot_bringup/install.log --single-version-externally-managed install_data
[2.848s] INFO:colcon.colcon_core.plugin_system:Skipping extension 'colcon_notification.desktop_notification.terminal_notifier': Not used on non-Darwin systems
[2.848s] INFO:colcon.colcon_core.plugin_system:Skipping extension 'colcon_notification.desktop_notification.win32': Not used on non-Windows systems
[2.848s] INFO:colcon.colcon_notification.desktop_notification:Sending desktop notification using 'notify2'
[2.869s] DEBUG:colcon.colcon_core.event_reactor:joined thread
[2.869s] INFO:colcon.colcon_core.shell:Creating prefix script '/home/davicito/CursoRobotica/proyecto/install/local_setup.ps1'
[2.870s] INFO:colcon.colcon_core.shell:Creating prefix util module '/home/davicito/CursoRobotica/proyecto/install/_local_setup_util_ps1.py'
[2.870s] INFO:colcon.colcon_core.shell:Creating prefix chain script '/home/davicito/CursoRobotica/proyecto/install/setup.ps1'
[2.871s] INFO:colcon.colcon_core.shell:Creating prefix script '/home/davicito/CursoRobotica/proyecto/install/local_setup.sh'
[2.871s] INFO:colcon.colcon_core.shell:Creating prefix util module '/home/davicito/CursoRobotica/proyecto/install/_local_setup_util_sh.py'
[2.872s] INFO:colcon.colcon_core.shell:Creating prefix chain script '/home/davicito/CursoRobotica/proyecto/install/setup.sh'
[2.872s] INFO:colcon.colcon_core.shell:Creating prefix script '/home/davicito/CursoRobotica/proyecto/install/local_setup.bash'
[2.873s] INFO:colcon.colcon_core.shell:Creating prefix chain script '/home/davicito/CursoRobotica/proyecto/install/setup.bash'
[2.873s] INFO:colcon.colcon_core.shell:Creating prefix script '/home/davicito/CursoRobotica/proyecto/install/local_setup.zsh'
[2.874s] INFO:colcon.colcon_core.shell:Creating prefix chain script '/home/davicito/CursoRobotica/proyecto/install/setup.zsh'
