[1.608s] Invoking command in '/home/edu/CursoRobotica/proyecto/src/robot_bringup': DEBUGINFOD_URLS=https://debuginfod.ubuntu.com PYTHONPATH=/home/edu/CursoRobotica/proyecto/build/robot_bringup/prefix_override:/usr/lib/python3/dist-packages/colcon_core/task/python/colcon_distutils_commands:/home/edu/CursoRobotica/proyecto/install/robot_bringup/lib/python3.12/site-packages:${PYTHONPATH} /usr/bin/python3 -W ignore:setup.py install is deprecated -W ignore:easy_install command is deprecated setup.py egg_info --egg-base ../../build/robot_bringup build --build-base /home/edu/CursoRobotica/proyecto/build/robot_bringup/build install --record /home/edu/CursoRobotica/proyecto/build/robot_bringup/install.log --single-version-externally-managed install_data
[1.928s] running egg_info
[1.928s] creating ../../build/robot_bringup/robot_bringup.egg-info
[1.954s] writing ../../build/robot_bringup/robot_bringup.egg-info/PKG-INFO
[1.954s] writing dependency_links to ../../build/robot_bringup/robot_bringup.egg-info/dependency_links.txt
[1.954s] writing requirements to ../../build/robot_bringup/robot_bringup.egg-info/requires.txt
[1.954s] writing top-level names to ../../build/robot_bringup/robot_bringup.egg-info/top_level.txt
[1.954s] writing manifest file '../../build/robot_bringup/robot_bringup.egg-info/SOURCES.txt'
[2.006s] reading manifest file '../../build/robot_bringup/robot_bringup.egg-info/SOURCES.txt'
[2.007s] writing manifest file '../../build/robot_bringup/robot_bringup.egg-info/SOURCES.txt'
[2.007s] running build
[2.007s] running build_py
[2.007s] creating /home/edu/CursoRobotica/proyecto/build/robot_bringup/build
[2.007s] creating /home/edu/CursoRobotica/proyecto/build/robot_bringup/build/lib
[2.007s] creating /home/edu/CursoRobotica/proyecto/build/robot_bringup/build/lib/robot_bringup
[2.007s] copying robot_bringup/__init__.py -> /home/edu/CursoRobotica/proyecto/build/robot_bringup/build/lib/robot_bringup
[2.007s] running install
[2.013s] running install_lib
[2.039s] creating /home/edu/CursoRobotica/proyecto/install/robot_bringup/lib/python3.12/site-packages/robot_bringup
[2.039s] copying /home/edu/CursoRobotica/proyecto/build/robot_bringup/build/lib/robot_bringup/__init__.py -> /home/edu/CursoRobotica/proyecto/install/robot_bringup/lib/python3.12/site-packages/robot_bringup
[2.040s] byte-compiling /home/edu/CursoRobotica/proyecto/install/robot_bringup/lib/python3.12/site-packages/robot_bringup/__init__.py to __init__.cpython-312.pyc
[2.040s] running install_data
[2.040s] creating /home/edu/CursoRobotica/proyecto/install/robot_bringup/share/ament_index
[2.041s] creating /home/edu/CursoRobotica/proyecto/install/robot_bringup/share/ament_index/resource_index
[2.041s] creating /home/edu/CursoRobotica/proyecto/install/robot_bringup/share/ament_index/resource_index/packages
[2.041s] copying resource/robot_bringup -> /home/edu/CursoRobotica/proyecto/install/robot_bringup/share/ament_index/resource_index/packages
[2.041s] copying package.xml -> /home/edu/CursoRobotica/proyecto/install/robot_bringup/share/robot_bringup
[2.041s] running install_egg_info
[2.067s] Copying ../../build/robot_bringup/robot_bringup.egg-info to /home/edu/CursoRobotica/proyecto/install/robot_bringup/lib/python3.12/site-packages/robot_bringup-0.0.0-py3.12.egg-info
[2.068s] running install_scripts
[2.230s] writing list of installed files to '/home/edu/CursoRobotica/proyecto/build/robot_bringup/install.log'
[2.256s] Invoked command in '/home/edu/CursoRobotica/proyecto/src/robot_bringup' returned '0': DEBUGINFOD_URLS=https://debuginfod.ubuntu.com PYTHONPATH=/home/edu/CursoRobotica/proyecto/build/robot_bringup/prefix_override:/usr/lib/python3/dist-packages/colcon_core/task/python/colcon_distutils_commands:/home/edu/CursoRobotica/proyecto/install/robot_bringup/lib/python3.12/site-packages:${PYTHONPATH} /usr/bin/python3 -W ignore:setup.py install is deprecated -W ignore:easy_install command is deprecated setup.py egg_info --egg-base ../../build/robot_bringup build --build-base /home/edu/CursoRobotica/proyecto/build/robot_bringup/build install --record /home/edu/CursoRobotica/proyecto/build/robot_bringup/install.log --single-version-externally-managed install_data
