[0.095s] DEBUG:colcon:Command line arguments: ['/usr/bin/colcon', 'build', '--symlink-install']
[0.095s] DEBUG:colcon:Parsed command line arguments: Namespace(log_base=None, log_level=None, verb_name='build', build_base='build', install_base='install', merge_install=False, symlink_install=True, test_result_base=None, continue_on_error=False, executor='parallel', parallel_workers=12, event_handlers=None, ignore_user_meta=False, metas=['./colcon.meta'], base_paths=['.'], packages_ignore=None, packages_ignore_regex=None, paths=None, packages_up_to=None, packages_up_to_regex=None, packages_above=None, packages_above_and_dependencies=None, packages_above_depth=None, packages_select_by_dep=None, packages_skip_by_dep=None, packages_skip_up_to=None, packages_select_build_failed=False, packages_skip_build_finished=False, packages_select_test_failures=False, packages_skip_test_passed=False, packages_select=None, packages_skip=None, packages_select_regex=None, packages_skip_regex=None, packages_start=None, packages_end=None, allow_overriding=[], cmake_args=None, cmake_target=None, cmake_target_skip_unavailable=False, cmake_clean_cache=False, cmake_clean_first=False, cmake_force_configure=False, ament_cmake_args=None, catkin_cmake_args=None, catkin_skip_building_tests=False, mixin_files=None, mixin=None, verb_parser=<colcon_mixin.mixin.mixin_argument.MixinArgumentDecorator object at 0x7b4c56399c70>, verb_extension=<colcon_core.verb.build.BuildVerb object at 0x7b4c564e9e50>, main=<bound method BuildVerb.main of <colcon_core.verb.build.BuildVerb object at 0x7b4c564e9e50>>, mixin_verb=('build',))
[0.128s] Level 1:colcon.colcon_core.package_discovery:discover_packages(colcon_meta) check parameters
[0.128s] Level 1:colcon.colcon_core.package_discovery:discover_packages(recursive) check parameters
[0.128s] Level 1:colcon.colcon_core.package_discovery:discover_packages(ignore) check parameters
[0.128s] Level 1:colcon.colcon_core.package_discovery:discover_packages(path) check parameters
[0.128s] Level 1:colcon.colcon_core.package_discovery:discover_packages(colcon_meta) discover
[0.128s] Level 1:colcon.colcon_core.package_discovery:discover_packages(recursive) discover
[0.128s] INFO:colcon.colcon_core.package_discovery:Crawling recursively for packages in '/home/davicito/Roboticos_Insanos/proyecto_ws'
[0.128s] Level 1:colcon.colcon_core.package_identification:_identify(.) by extensions ['ignore', 'ignore_ament_install']
[0.128s] Level 1:colcon.colcon_core.package_identification:_identify(.) by extension 'ignore'
[0.128s] Level 1:colcon.colcon_core.package_identification:_identify(.) by extension 'ignore_ament_install'
[0.128s] Level 1:colcon.colcon_core.package_identification:_identify(.) by extensions ['colcon_pkg']
[0.128s] Level 1:colcon.colcon_core.package_identification:_identify(.) by extension 'colcon_pkg'
[0.129s] Level 1:colcon.colcon_core.package_identification:_identify(.) by extensions ['colcon_meta']
[0.129s] Level 1:colcon.colcon_core.package_identification:_identify(.) by extension 'colcon_meta'
[0.129s] Level 1:colcon.colcon_core.package_identification:_identify(.) by extensions ['ros']
[0.129s] Level 1:colcon.colcon_core.package_identification:_identify(.) by extension 'ros'
[0.149s] Level 1:colcon.colcon_core.package_identification:_identify(.) by extensions ['cmake', 'python']
[0.149s] Level 1:colcon.colcon_core.package_identification:_identify(.) by extension 'cmake'
[0.150s] Level 1:colcon.colcon_core.package_identification:_identify(.) by extension 'python'
[0.150s] Level 1:colcon.colcon_core.package_identification:_identify(.) by extensions ['python_setup_py']
[0.150s] Level 1:colcon.colcon_core.package_identification:_identify(.) by extension 'python_setup_py'
[0.150s] Level 1:colcon.colcon_core.package_identification:_identify(build) by extensions ['ignore', 'ignore_ament_install']
[0.150s] Level 1:colcon.colcon_core.package_identification:_identify(build) by extension 'ignore'
[0.150s] Level 1:colcon.colcon_core.package_identification:_identify(build) ignored
[0.150s] Level 1:colcon.colcon_core.package_identification:_identify(install) by extensions ['ignore', 'ignore_ament_install']
[0.150s] Level 1:colcon.colcon_core.package_identification:_identify(install) by extension 'ignore'
[0.150s] Level 1:colcon.colcon_core.package_identification:_identify(install) ignored
[0.150s] Level 1:colcon.colcon_core.package_identification:_identify(log) by extensions ['ignore', 'ignore_ament_install']
[0.150s] Level 1:colcon.colcon_core.package_identification:_identify(log) by extension 'ignore'
[0.150s] Level 1:colcon.colcon_core.package_identification:_identify(log) ignored
[0.150s] Level 1:colcon.colcon_core.package_identification:_identify(src) by extensions ['ignore', 'ignore_ament_install']
[0.150s] Level 1:colcon.colcon_core.package_identification:_identify(src) by extension 'ignore'
[0.150s] Level 1:colcon.colcon_core.package_identification:_identify(src) by extension 'ignore_ament_install'
[0.151s] Level 1:colcon.colcon_core.package_identification:_identify(src) by extensions ['colcon_pkg']
[0.151s] Level 1:colcon.colcon_core.package_identification:_identify(src) by extension 'colcon_pkg'
[0.151s] Level 1:colcon.colcon_core.package_identification:_identify(src) by extensions ['colcon_meta']
[0.151s] Level 1:colcon.colcon_core.package_identification:_identify(src) by extension 'colcon_meta'
[0.151s] Level 1:colcon.colcon_core.package_identification:_identify(src) by extensions ['ros']
[0.151s] Level 1:colcon.colcon_core.package_identification:_identify(src) by extension 'ros'
[0.151s] Level 1:colcon.colcon_core.package_identification:_identify(src) by extensions ['cmake', 'python']
[0.151s] Level 1:colcon.colcon_core.package_identification:_identify(src) by extension 'cmake'
[0.151s] Level 1:colcon.colcon_core.package_identification:_identify(src) by extension 'python'
[0.151s] Level 1:colcon.colcon_core.package_identification:_identify(src) by extensions ['python_setup_py']
[0.151s] Level 1:colcon.colcon_core.package_identification:_identify(src) by extension 'python_setup_py'
[0.151s] Level 1:colcon.colcon_core.package_identification:_identify(src/install) by extensions ['ignore', 'ignore_ament_install']
[0.151s] Level 1:colcon.colcon_core.package_identification:_identify(src/install) by extension 'ignore'
[0.151s] Level 1:colcon.colcon_core.package_identification:_identify(src/install) ignored
[0.151s] Level 1:colcon.colcon_core.package_identification:_identify(src/robot_bringup) by extensions ['ignore', 'ignore_ament_install']
[0.151s] Level 1:colcon.colcon_core.package_identification:_identify(src/robot_bringup) by extension 'ignore'
[0.151s] Level 1:colcon.colcon_core.package_identification:_identify(src/robot_bringup) by extension 'ignore_ament_install'
[0.151s] Level 1:colcon.colcon_core.package_identification:_identify(src/robot_bringup) by extensions ['colcon_pkg']
[0.151s] Level 1:colcon.colcon_core.package_identification:_identify(src/robot_bringup) by extension 'colcon_pkg'
[0.151s] Level 1:colcon.colcon_core.package_identification:_identify(src/robot_bringup) by extensions ['colcon_meta']
[0.151s] Level 1:colcon.colcon_core.package_identification:_identify(src/robot_bringup) by extension 'colcon_meta'
[0.151s] Level 1:colcon.colcon_core.package_identification:_identify(src/robot_bringup) by extensions ['ros']
[0.151s] Level 1:colcon.colcon_core.package_identification:_identify(src/robot_bringup) by extension 'ros'
[0.153s] DEBUG:colcon.colcon_core.package_identification:Package 'src/robot_bringup' with type 'ros.ament_python' and name 'robot_bringup'
[0.153s] Level 1:colcon.colcon_core.package_identification:_identify(src/robot_description) by extensions ['ignore', 'ignore_ament_install']
[0.153s] Level 1:colcon.colcon_core.package_identification:_identify(src/robot_description) by extension 'ignore'
[0.153s] Level 1:colcon.colcon_core.package_identification:_identify(src/robot_description) by extension 'ignore_ament_install'
[0.153s] Level 1:colcon.colcon_core.package_identification:_identify(src/robot_description) by extensions ['colcon_pkg']
[0.153s] Level 1:colcon.colcon_core.package_identification:_identify(src/robot_description) by extension 'colcon_pkg'
[0.153s] Level 1:colcon.colcon_core.package_identification:_identify(src/robot_description) by extensions ['colcon_meta']
[0.153s] Level 1:colcon.colcon_core.package_identification:_identify(src/robot_description) by extension 'colcon_meta'
[0.153s] Level 1:colcon.colcon_core.package_identification:_identify(src/robot_description) by extensions ['ros']
[0.153s] Level 1:colcon.colcon_core.package_identification:_identify(src/robot_description) by extension 'ros'
[0.154s] DEBUG:colcon.colcon_core.package_identification:Package 'src/robot_description' with type 'ros.ament_python' and name 'robot_description'
[0.154s] Level 1:colcon.colcon_core.package_identification:_identify(src/robot_hardware) by extensions ['ignore', 'ignore_ament_install']
[0.154s] Level 1:colcon.colcon_core.package_identification:_identify(src/robot_hardware) by extension 'ignore'
[0.154s] Level 1:colcon.colcon_core.package_identification:_identify(src/robot_hardware) by extension 'ignore_ament_install'
[0.154s] Level 1:colcon.colcon_core.package_identification:_identify(src/robot_hardware) by extensions ['colcon_pkg']
[0.154s] Level 1:colcon.colcon_core.package_identification:_identify(src/robot_hardware) by extension 'colcon_pkg'
[0.154s] Level 1:colcon.colcon_core.package_identification:_identify(src/robot_hardware) by extensions ['colcon_meta']
[0.154s] Level 1:colcon.colcon_core.package_identification:_identify(src/robot_hardware) by extension 'colcon_meta'
[0.154s] Level 1:colcon.colcon_core.package_identification:_identify(src/robot_hardware) by extensions ['ros']
[0.154s] Level 1:colcon.colcon_core.package_identification:_identify(src/robot_hardware) by extension 'ros'
[0.154s] DEBUG:colcon.colcon_core.package_identification:Package 'src/robot_hardware' with type 'ros.ament_python' and name 'robot_hardware'
[0.155s] Level 1:colcon.colcon_core.package_identification:_identify(src/robot_kinematics) by extensions ['ignore', 'ignore_ament_install']
[0.155s] Level 1:colcon.colcon_core.package_identification:_identify(src/robot_kinematics) by extension 'ignore'
[0.155s] Level 1:colcon.colcon_core.package_identification:_identify(src/robot_kinematics) by extension 'ignore_ament_install'
[0.155s] Level 1:colcon.colcon_core.package_identification:_identify(src/robot_kinematics) by extensions ['colcon_pkg']
[0.155s] Level 1:colcon.colcon_core.package_identification:_identify(src/robot_kinematics) by extension 'colcon_pkg'
[0.155s] Level 1:colcon.colcon_core.package_identification:_identify(src/robot_kinematics) by extensions ['colcon_meta']
[0.155s] Level 1:colcon.colcon_core.package_identification:_identify(src/robot_kinematics) by extension 'colcon_meta'
[0.155s] Level 1:colcon.colcon_core.package_identification:_identify(src/robot_kinematics) by extensions ['ros']
[0.155s] Level 1:colcon.colcon_core.package_identification:_identify(src/robot_kinematics) by extension 'ros'
[0.155s] DEBUG:colcon.colcon_core.package_identification:Package 'src/robot_kinematics' with type 'ros.ament_python' and name 'robot_kinematics'
[0.155s] Level 1:colcon.colcon_core.package_discovery:discover_packages(recursive) using defaults
[0.155s] Level 1:colcon.colcon_core.package_discovery:discover_packages(ignore) discover
[0.155s] Level 1:colcon.colcon_core.package_discovery:discover_packages(ignore) using defaults
[0.155s] Level 1:colcon.colcon_core.package_discovery:discover_packages(path) discover
[0.155s] Level 1:colcon.colcon_core.package_discovery:discover_packages(path) using defaults
[0.170s] Level 1:colcon.colcon_core.package_discovery:discover_packages(prefix_path) check parameters
[0.170s] Level 1:colcon.colcon_core.package_discovery:discover_packages(prefix_path) discover
[0.172s] DEBUG:colcon.colcon_installed_package_information.package_discovery:Found 4 installed packages in /home/davicito/Roboticos_Insanos/proyecto_ws/install
[0.173s] DEBUG:colcon.colcon_installed_package_information.package_discovery:Found 292 installed packages in /opt/ros/jazzy
[0.174s] Level 1:colcon.colcon_core.package_discovery:discover_packages(prefix_path) using defaults
[0.210s] Level 5:colcon.colcon_core.verb:set package 'robot_bringup' build argument 'cmake_args' from command line to 'None'
[0.210s] Level 5:colcon.colcon_core.verb:set package 'robot_bringup' build argument 'cmake_target' from command line to 'None'
[0.210s] Level 5:colcon.colcon_core.verb:set package 'robot_bringup' build argument 'cmake_target_skip_unavailable' from command line to 'False'
[0.210s] Level 5:colcon.colcon_core.verb:set package 'robot_bringup' build argument 'cmake_clean_cache' from command line to 'False'
[0.210s] Level 5:colcon.colcon_core.verb:set package 'robot_bringup' build argument 'cmake_clean_first' from command line to 'False'
[0.210s] Level 5:colcon.colcon_core.verb:set package 'robot_bringup' build argument 'cmake_force_configure' from command line to 'False'
[0.210s] Level 5:colcon.colcon_core.verb:set package 'robot_bringup' build argument 'ament_cmake_args' from command line to 'None'
[0.210s] Level 5:colcon.colcon_core.verb:set package 'robot_bringup' build argument 'catkin_cmake_args' from command line to 'None'
[0.210s] Level 5:colcon.colcon_core.verb:set package 'robot_bringup' build argument 'catkin_skip_building_tests' from command line to 'False'
[0.210s] DEBUG:colcon.colcon_core.verb:Building package 'robot_bringup' with the following arguments: {'ament_cmake_args': None, 'build_base': '/home/davicito/Roboticos_Insanos/proyecto_ws/build/robot_bringup', 'catkin_cmake_args': None, 'catkin_skip_building_tests': False, 'cmake_args': None, 'cmake_clean_cache': False, 'cmake_clean_first': False, 'cmake_force_configure': False, 'cmake_target': None, 'cmake_target_skip_unavailable': False, 'install_base': '/home/davicito/Roboticos_Insanos/proyecto_ws/install/robot_bringup', 'merge_install': False, 'path': '/home/davicito/Roboticos_Insanos/proyecto_ws/src/robot_bringup', 'symlink_install': True, 'test_result_base': None}
[0.210s] Level 5:colcon.colcon_core.verb:set package 'robot_description' build argument 'cmake_args' from command line to 'None'
[0.210s] Level 5:colcon.colcon_core.verb:set package 'robot_description' build argument 'cmake_target' from command line to 'None'
[0.210s] Level 5:colcon.colcon_core.verb:set package 'robot_description' build argument 'cmake_target_skip_unavailable' from command line to 'False'
[0.210s] Level 5:colcon.colcon_core.verb:set package 'robot_description' build argument 'cmake_clean_cache' from command line to 'False'
[0.210s] Level 5:colcon.colcon_core.verb:set package 'robot_description' build argument 'cmake_clean_first' from command line to 'False'
[0.210s] Level 5:colcon.colcon_core.verb:set package 'robot_description' build argument 'cmake_force_configure' from command line to 'False'
[0.210s] Level 5:colcon.colcon_core.verb:set package 'robot_description' build argument 'ament_cmake_args' from command line to 'None'
[0.210s] Level 5:colcon.colcon_core.verb:set package 'robot_description' build argument 'catkin_cmake_args' from command line to 'None'
[0.211s] Level 5:colcon.colcon_core.verb:set package 'robot_description' build argument 'catkin_skip_building_tests' from command line to 'False'
[0.211s] DEBUG:colcon.colcon_core.verb:Building package 'robot_description' with the following arguments: {'ament_cmake_args': None, 'build_base': '/home/davicito/Roboticos_Insanos/proyecto_ws/build/robot_description', 'catkin_cmake_args': None, 'catkin_skip_building_tests': False, 'cmake_args': None, 'cmake_clean_cache': False, 'cmake_clean_first': False, 'cmake_force_configure': False, 'cmake_target': None, 'cmake_target_skip_unavailable': False, 'install_base': '/home/davicito/Roboticos_Insanos/proyecto_ws/install/robot_description', 'merge_install': False, 'path': '/home/davicito/Roboticos_Insanos/proyecto_ws/src/robot_description', 'symlink_install': True, 'test_result_base': None}
[0.211s] Level 5:colcon.colcon_core.verb:set package 'robot_hardware' build argument 'cmake_args' from command line to 'None'
[0.211s] Level 5:colcon.colcon_core.verb:set package 'robot_hardware' build argument 'cmake_target' from command line to 'None'
[0.211s] Level 5:colcon.colcon_core.verb:set package 'robot_hardware' build argument 'cmake_target_skip_unavailable' from command line to 'False'
[0.211s] Level 5:colcon.colcon_core.verb:set package 'robot_hardware' build argument 'cmake_clean_cache' from command line to 'False'
[0.211s] Level 5:colcon.colcon_core.verb:set package 'robot_hardware' build argument 'cmake_clean_first' from command line to 'False'
[0.211s] Level 5:colcon.colcon_core.verb:set package 'robot_hardware' build argument 'cmake_force_configure' from command line to 'False'
[0.211s] Level 5:colcon.colcon_core.verb:set package 'robot_hardware' build argument 'ament_cmake_args' from command line to 'None'
[0.211s] Level 5:colcon.colcon_core.verb:set package 'robot_hardware' build argument 'catkin_cmake_args' from command line to 'None'
[0.211s] Level 5:colcon.colcon_core.verb:set package 'robot_hardware' build argument 'catkin_skip_building_tests' from command line to 'False'
[0.211s] DEBUG:colcon.colcon_core.verb:Building package 'robot_hardware' with the following arguments: {'ament_cmake_args': None, 'build_base': '/home/davicito/Roboticos_Insanos/proyecto_ws/build/robot_hardware', 'catkin_cmake_args': None, 'catkin_skip_building_tests': False, 'cmake_args': None, 'cmake_clean_cache': False, 'cmake_clean_first': False, 'cmake_force_configure': False, 'cmake_target': None, 'cmake_target_skip_unavailable': False, 'install_base': '/home/davicito/Roboticos_Insanos/proyecto_ws/install/robot_hardware', 'merge_install': False, 'path': '/home/davicito/Roboticos_Insanos/proyecto_ws/src/robot_hardware', 'symlink_install': True, 'test_result_base': None}
[0.211s] Level 5:colcon.colcon_core.verb:set package 'robot_kinematics' build argument 'cmake_args' from command line to 'None'
[0.211s] Level 5:colcon.colcon_core.verb:set package 'robot_kinematics' build argument 'cmake_target' from command line to 'None'
[0.211s] Level 5:colcon.colcon_core.verb:set package 'robot_kinematics' build argument 'cmake_target_skip_unavailable' from command line to 'False'
[0.211s] Level 5:colcon.colcon_core.verb:set package 'robot_kinematics' build argument 'cmake_clean_cache' from command line to 'False'
[0.211s] Level 5:colcon.colcon_core.verb:set package 'robot_kinematics' build argument 'cmake_clean_first' from command line to 'False'
[0.211s] Level 5:colcon.colcon_core.verb:set package 'robot_kinematics' build argument 'cmake_force_configure' from command line to 'False'
[0.211s] Level 5:colcon.colcon_core.verb:set package 'robot_kinematics' build argument 'ament_cmake_args' from command line to 'None'
[0.211s] Level 5:colcon.colcon_core.verb:set package 'robot_kinematics' build argument 'catkin_cmake_args' from command line to 'None'
[0.211s] Level 5:colcon.colcon_core.verb:set package 'robot_kinematics' build argument 'catkin_skip_building_tests' from command line to 'False'
[0.211s] DEBUG:colcon.colcon_core.verb:Building package 'robot_kinematics' with the following arguments: {'ament_cmake_args': None, 'build_base': '/home/davicito/Roboticos_Insanos/proyecto_ws/build/robot_kinematics', 'catkin_cmake_args': None, 'catkin_skip_building_tests': False, 'cmake_args': None, 'cmake_clean_cache': False, 'cmake_clean_first': False, 'cmake_force_configure': False, 'cmake_target': None, 'cmake_target_skip_unavailable': False, 'install_base': '/home/davicito/Roboticos_Insanos/proyecto_ws/install/robot_kinematics', 'merge_install': False, 'path': '/home/davicito/Roboticos_Insanos/proyecto_ws/src/robot_kinematics', 'symlink_install': True, 'test_result_base': None}
[0.211s] INFO:colcon.colcon_core.executor:Executing jobs using 'parallel' executor
[0.212s] DEBUG:colcon.colcon_parallel_executor.executor.parallel:run_until_complete
[0.212s] INFO:colcon.colcon_ros.task.ament_python.build:Building ROS package in '/home/davicito/Roboticos_Insanos/proyecto_ws/src/robot_bringup' with build type 'ament_python'
[0.213s] Level 1:colcon.colcon_core.shell:create_environment_hook('robot_bringup', 'ament_prefix_path')
[0.214s] INFO:colcon.colcon_core.plugin_system:Skipping extension 'colcon_core.shell.bat': Not used on non-Windows systems
[0.215s] INFO:colcon.colcon_core.shell:Creating environment hook '/home/davicito/Roboticos_Insanos/proyecto_ws/install/robot_bringup/share/robot_bringup/hook/ament_prefix_path.ps1'
[0.215s] INFO:colcon.colcon_core.shell:Creating environment descriptor '/home/davicito/Roboticos_Insanos/proyecto_ws/install/robot_bringup/share/robot_bringup/hook/ament_prefix_path.dsv'
[0.215s] INFO:colcon.colcon_core.shell:Creating environment hook '/home/davicito/Roboticos_Insanos/proyecto_ws/install/robot_bringup/share/robot_bringup/hook/ament_prefix_path.sh'
[0.216s] INFO:colcon.colcon_core.shell:Skip shell extension 'powershell' for command environment: Not usable outside of PowerShell
[0.216s] DEBUG:colcon.colcon_core.shell:Skip shell extension 'dsv' for command environment
[0.219s] INFO:colcon.colcon_ros.task.ament_python.build:Building ROS package in '/home/davicito/Roboticos_Insanos/proyecto_ws/src/robot_description' with build type 'ament_python'
[0.219s] Level 1:colcon.colcon_core.shell:create_environment_hook('robot_description', 'ament_prefix_path')
[0.219s] INFO:colcon.colcon_core.shell:Creating environment hook '/home/davicito/Roboticos_Insanos/proyecto_ws/install/robot_description/share/robot_description/hook/ament_prefix_path.ps1'
[0.219s] INFO:colcon.colcon_core.shell:Creating environment descriptor '/home/davicito/Roboticos_Insanos/proyecto_ws/install/robot_description/share/robot_description/hook/ament_prefix_path.dsv'
[0.220s] INFO:colcon.colcon_core.shell:Creating environment hook '/home/davicito/Roboticos_Insanos/proyecto_ws/install/robot_description/share/robot_description/hook/ament_prefix_path.sh'
[0.220s] INFO:colcon.colcon_core.shell:Skip shell extension 'powershell' for command environment: Not usable outside of PowerShell
[0.220s] DEBUG:colcon.colcon_core.shell:Skip shell extension 'dsv' for command environment
[0.222s] INFO:colcon.colcon_ros.task.ament_python.build:Building ROS package in '/home/davicito/Roboticos_Insanos/proyecto_ws/src/robot_hardware' with build type 'ament_python'
[0.223s] Level 1:colcon.colcon_core.shell:create_environment_hook('robot_hardware', 'ament_prefix_path')
[0.223s] INFO:colcon.colcon_core.shell:Creating environment hook '/home/davicito/Roboticos_Insanos/proyecto_ws/install/robot_hardware/share/robot_hardware/hook/ament_prefix_path.ps1'
[0.223s] INFO:colcon.colcon_core.shell:Creating environment descriptor '/home/davicito/Roboticos_Insanos/proyecto_ws/install/robot_hardware/share/robot_hardware/hook/ament_prefix_path.dsv'
[0.223s] INFO:colcon.colcon_core.shell:Creating environment hook '/home/davicito/Roboticos_Insanos/proyecto_ws/install/robot_hardware/share/robot_hardware/hook/ament_prefix_path.sh'
[0.224s] INFO:colcon.colcon_core.shell:Skip shell extension 'powershell' for command environment: Not usable outside of PowerShell
[0.224s] DEBUG:colcon.colcon_core.shell:Skip shell extension 'dsv' for command environment
[0.227s] INFO:colcon.colcon_ros.task.ament_python.build:Building ROS package in '/home/davicito/Roboticos_Insanos/proyecto_ws/src/robot_kinematics' with build type 'ament_python'
[0.227s] Level 1:colcon.colcon_core.shell:create_environment_hook('robot_kinematics', 'ament_prefix_path')
[0.227s] INFO:colcon.colcon_core.shell:Creating environment hook '/home/davicito/Roboticos_Insanos/proyecto_ws/install/robot_kinematics/share/robot_kinematics/hook/ament_prefix_path.ps1'
[0.227s] INFO:colcon.colcon_core.shell:Creating environment descriptor '/home/davicito/Roboticos_Insanos/proyecto_ws/install/robot_kinematics/share/robot_kinematics/hook/ament_prefix_path.dsv'
[0.228s] INFO:colcon.colcon_core.shell:Creating environment hook '/home/davicito/Roboticos_Insanos/proyecto_ws/install/robot_kinematics/share/robot_kinematics/hook/ament_prefix_path.sh'
[0.228s] INFO:colcon.colcon_core.shell:Skip shell extension 'powershell' for command environment: Not usable outside of PowerShell
[0.228s] DEBUG:colcon.colcon_core.shell:Skip shell extension 'dsv' for command environment
[0.432s] INFO:colcon.colcon_core.task.python.build:Building Python package in '/home/davicito/Roboticos_Insanos/proyecto_ws/src/robot_bringup'
[0.433s] INFO:colcon.colcon_core.shell:Skip shell extension 'powershell' for command environment: Not usable outside of PowerShell
[0.433s] DEBUG:colcon.colcon_core.shell:Skip shell extension 'dsv' for command environment
[0.733s] INFO:colcon.colcon_core.task.python.build:Building Python package in '/home/davicito/Roboticos_Insanos/proyecto_ws/src/robot_description'
[0.733s] INFO:colcon.colcon_core.shell:Skip shell extension 'powershell' for command environment: Not usable outside of PowerShell
[0.733s] DEBUG:colcon.colcon_core.shell:Skip shell extension 'dsv' for command environment
[0.940s] INFO:colcon.colcon_core.task.python.build:Building Python package in '/home/davicito/Roboticos_Insanos/proyecto_ws/src/robot_hardware'
[0.940s] INFO:colcon.colcon_core.shell:Skip shell extension 'powershell' for command environment: Not usable outside of PowerShell
[0.940s] DEBUG:colcon.colcon_core.shell:Skip shell extension 'dsv' for command environment
[1.136s] INFO:colcon.colcon_core.task.python.build:Building Python package in '/home/davicito/Roboticos_Insanos/proyecto_ws/src/robot_kinematics'
[1.136s] INFO:colcon.colcon_core.shell:Skip shell extension 'powershell' for command environment: Not usable outside of PowerShell
[1.136s] DEBUG:colcon.colcon_core.shell:Skip shell extension 'dsv' for command environment
[1.748s] DEBUG:colcon.colcon_core.event_handler.log_command:Invoking command in '/home/davicito/Roboticos_Insanos/proyecto_ws/build/robot_kinematics': DEBUGINFOD_URLS=https://debuginfod.ubuntu.com PYTHONPATH=/home/davicito/Roboticos_Insanos/proyecto_ws/build/robot_kinematics/prefix_override:/usr/lib/python3/dist-packages/colcon_core/task/python/colcon_distutils_commands:/home/davicito/Roboticos_Insanos/proyecto_ws/install/robot_kinematics/lib/python3.12/site-packages:${PYTHONPATH} /usr/bin/python3 -W ignore:setup.py install is deprecated -W ignore:easy_install command is deprecated setup.py develop --editable --build-directory /home/davicito/Roboticos_Insanos/proyecto_ws/build/robot_kinematics/build --no-deps symlink_data
[1.775s] DEBUG:colcon.colcon_core.event_handler.log_command:Invoking command in '/home/davicito/Roboticos_Insanos/proyecto_ws/build/robot_bringup': DEBUGINFOD_URLS=https://debuginfod.ubuntu.com PYTHONPATH=/home/davicito/Roboticos_Insanos/proyecto_ws/build/robot_bringup/prefix_override:/usr/lib/python3/dist-packages/colcon_core/task/python/colcon_distutils_commands:/home/davicito/Roboticos_Insanos/proyecto_ws/install/robot_bringup/lib/python3.12/site-packages:${PYTHONPATH} /usr/bin/python3 -W ignore:setup.py install is deprecated -W ignore:easy_install command is deprecated setup.py develop --editable --build-directory /home/davicito/Roboticos_Insanos/proyecto_ws/build/robot_bringup/build --no-deps symlink_data
[2.157s] DEBUG:colcon.colcon_core.event_handler.log_command:Invoking command in '/home/davicito/Roboticos_Insanos/proyecto_ws/build/robot_description': DEBUGINFOD_URLS=https://debuginfod.ubuntu.com PYTHONPATH=/home/davicito/Roboticos_Insanos/proyecto_ws/build/robot_description/prefix_override:/usr/lib/python3/dist-packages/colcon_core/task/python/colcon_distutils_commands:/home/davicito/Roboticos_Insanos/proyecto_ws/install/robot_description/lib/python3.12/site-packages:${PYTHONPATH} /usr/bin/python3 -W ignore:setup.py install is deprecated -W ignore:easy_install command is deprecated setup.py develop --editable --build-directory /home/davicito/Roboticos_Insanos/proyecto_ws/build/robot_description/build --no-deps symlink_data
[2.250s] DEBUG:colcon.colcon_core.event_handler.log_command:Invoking command in '/home/davicito/Roboticos_Insanos/proyecto_ws/build/robot_hardware': DEBUGINFOD_URLS=https://debuginfod.ubuntu.com PYTHONPATH=/home/davicito/Roboticos_Insanos/proyecto_ws/build/robot_hardware/prefix_override:/usr/lib/python3/dist-packages/colcon_core/task/python/colcon_distutils_commands:/home/davicito/Roboticos_Insanos/proyecto_ws/install/robot_hardware/lib/python3.12/site-packages:${PYTHONPATH} /usr/bin/python3 -W ignore:setup.py install is deprecated -W ignore:easy_install command is deprecated setup.py develop --editable --build-directory /home/davicito/Roboticos_Insanos/proyecto_ws/build/robot_hardware/build --no-deps symlink_data
[2.447s] Level 1:colcon.colcon_core.shell:create_environment_hook('robot_kinematics', 'pythonpath_develop')
[2.447s] INFO:colcon.colcon_core.shell:Creating environment hook '/home/davicito/Roboticos_Insanos/proyecto_ws/build/robot_kinematics/share/robot_kinematics/hook/pythonpath_develop.ps1'
[2.448s] DEBUG:colcon.colcon_core.event_handler.log_command:Invoked command in '/home/davicito/Roboticos_Insanos/proyecto_ws/build/robot_kinematics' returned '0': DEBUGINFOD_URLS=https://debuginfod.ubuntu.com PYTHONPATH=/home/davicito/Roboticos_Insanos/proyecto_ws/build/robot_kinematics/prefix_override:/usr/lib/python3/dist-packages/colcon_core/task/python/colcon_distutils_commands:/home/davicito/Roboticos_Insanos/proyecto_ws/install/robot_kinematics/lib/python3.12/site-packages:${PYTHONPATH} /usr/bin/python3 -W ignore:setup.py install is deprecated -W ignore:easy_install command is deprecated setup.py develop --editable --build-directory /home/davicito/Roboticos_Insanos/proyecto_ws/build/robot_kinematics/build --no-deps symlink_data
[2.530s] INFO:colcon.colcon_core.shell:Creating environment descriptor '/home/davicito/Roboticos_Insanos/proyecto_ws/build/robot_kinematics/share/robot_kinematics/hook/pythonpath_develop.dsv'
[2.531s] INFO:colcon.colcon_core.shell:Creating environment hook '/home/davicito/Roboticos_Insanos/proyecto_ws/build/robot_kinematics/share/robot_kinematics/hook/pythonpath_develop.sh'
[2.533s] Level 1:colcon.colcon_core.environment:checking '/home/davicito/Roboticos_Insanos/proyecto_ws/install/robot_kinematics' for CMake module files
[2.533s] Level 1:colcon.colcon_core.environment:checking '/home/davicito/Roboticos_Insanos/proyecto_ws/install/robot_kinematics' for CMake config files
[2.534s] Level 1:colcon.colcon_core.environment:checking '/home/davicito/Roboticos_Insanos/proyecto_ws/install/robot_kinematics/lib'
[2.534s] Level 1:colcon.colcon_core.environment:checking '/home/davicito/Roboticos_Insanos/proyecto_ws/install/robot_kinematics/bin'
[2.534s] Level 1:colcon.colcon_core.environment:checking '/home/davicito/Roboticos_Insanos/proyecto_ws/install/robot_kinematics/lib/pkgconfig/robot_kinematics.pc'
[2.534s] Level 1:colcon.colcon_core.environment:checking '/home/davicito/Roboticos_Insanos/proyecto_ws/install/robot_kinematics/lib/python3.12/site-packages'
[2.534s] Level 1:colcon.colcon_core.shell:create_environment_hook('robot_kinematics', 'pythonpath')
[2.534s] INFO:colcon.colcon_core.shell:Creating environment hook '/home/davicito/Roboticos_Insanos/proyecto_ws/install/robot_kinematics/share/robot_kinematics/hook/pythonpath.ps1'
[2.535s] INFO:colcon.colcon_core.shell:Creating environment descriptor '/home/davicito/Roboticos_Insanos/proyecto_ws/install/robot_kinematics/share/robot_kinematics/hook/pythonpath.dsv'
[2.535s] INFO:colcon.colcon_core.shell:Creating environment hook '/home/davicito/Roboticos_Insanos/proyecto_ws/install/robot_kinematics/share/robot_kinematics/hook/pythonpath.sh'
[2.536s] Level 1:colcon.colcon_core.environment:checking '/home/davicito/Roboticos_Insanos/proyecto_ws/install/robot_kinematics/bin'
[2.536s] Level 1:colcon.colcon_core.environment:create_environment_scripts_only(robot_kinematics)
[2.536s] INFO:colcon.colcon_core.shell:Creating package script '/home/davicito/Roboticos_Insanos/proyecto_ws/install/robot_kinematics/share/robot_kinematics/package.ps1'
[2.537s] INFO:colcon.colcon_core.shell:Creating package descriptor '/home/davicito/Roboticos_Insanos/proyecto_ws/install/robot_kinematics/share/robot_kinematics/package.dsv'
[2.537s] INFO:colcon.colcon_core.shell:Creating package script '/home/davicito/Roboticos_Insanos/proyecto_ws/install/robot_kinematics/share/robot_kinematics/package.sh'
[2.537s] INFO:colcon.colcon_core.shell:Creating package script '/home/davicito/Roboticos_Insanos/proyecto_ws/install/robot_kinematics/share/robot_kinematics/package.bash'
[2.538s] INFO:colcon.colcon_core.shell:Creating package script '/home/davicito/Roboticos_Insanos/proyecto_ws/install/robot_kinematics/share/robot_kinematics/package.zsh'
[2.538s] Level 1:colcon.colcon_core.environment:create_file_with_runtime_dependencies(/home/davicito/Roboticos_Insanos/proyecto_ws/install/robot_kinematics/share/colcon-core/packages/robot_kinematics)
[2.935s] Level 1:colcon.colcon_core.shell:create_environment_hook('robot_bringup', 'pythonpath_develop')
[2.935s] INFO:colcon.colcon_core.shell:Creating environment hook '/home/davicito/Roboticos_Insanos/proyecto_ws/build/robot_bringup/share/robot_bringup/hook/pythonpath_develop.ps1'
[2.935s] DEBUG:colcon.colcon_core.event_handler.log_command:Invoked command in '/home/davicito/Roboticos_Insanos/proyecto_ws/build/robot_bringup' returned '0': DEBUGINFOD_URLS=https://debuginfod.ubuntu.com PYTHONPATH=/home/davicito/Roboticos_Insanos/proyecto_ws/build/robot_bringup/prefix_override:/usr/lib/python3/dist-packages/colcon_core/task/python/colcon_distutils_commands:/home/davicito/Roboticos_Insanos/proyecto_ws/install/robot_bringup/lib/python3.12/site-packages:${PYTHONPATH} /usr/bin/python3 -W ignore:setup.py install is deprecated -W ignore:easy_install command is deprecated setup.py develop --editable --build-directory /home/davicito/Roboticos_Insanos/proyecto_ws/build/robot_bringup/build --no-deps symlink_data
[2.972s] INFO:colcon.colcon_core.shell:Creating environment descriptor '/home/davicito/Roboticos_Insanos/proyecto_ws/build/robot_bringup/share/robot_bringup/hook/pythonpath_develop.dsv'
[2.974s] INFO:colcon.colcon_core.shell:Creating environment hook '/home/davicito/Roboticos_Insanos/proyecto_ws/build/robot_bringup/share/robot_bringup/hook/pythonpath_develop.sh'
[2.974s] Level 1:colcon.colcon_core.environment:checking '/home/davicito/Roboticos_Insanos/proyecto_ws/install/robot_bringup' for CMake module files
[2.975s] Level 1:colcon.colcon_core.environment:checking '/home/davicito/Roboticos_Insanos/proyecto_ws/install/robot_bringup' for CMake config files
[2.975s] Level 1:colcon.colcon_core.environment:checking '/home/davicito/Roboticos_Insanos/proyecto_ws/install/robot_bringup/lib'
[2.975s] Level 1:colcon.colcon_core.environment:checking '/home/davicito/Roboticos_Insanos/proyecto_ws/install/robot_bringup/bin'
[2.975s] Level 1:colcon.colcon_core.environment:checking '/home/davicito/Roboticos_Insanos/proyecto_ws/install/robot_bringup/lib/pkgconfig/robot_bringup.pc'
[2.975s] Level 1:colcon.colcon_core.environment:checking '/home/davicito/Roboticos_Insanos/proyecto_ws/install/robot_bringup/lib/python3.12/site-packages'
[2.976s] Level 1:colcon.colcon_core.shell:create_environment_hook('robot_bringup', 'pythonpath')
[2.976s] INFO:colcon.colcon_core.shell:Creating environment hook '/home/davicito/Roboticos_Insanos/proyecto_ws/install/robot_bringup/share/robot_bringup/hook/pythonpath.ps1'
[2.976s] INFO:colcon.colcon_core.shell:Creating environment descriptor '/home/davicito/Roboticos_Insanos/proyecto_ws/install/robot_bringup/share/robot_bringup/hook/pythonpath.dsv'
[2.976s] INFO:colcon.colcon_core.shell:Creating environment hook '/home/davicito/Roboticos_Insanos/proyecto_ws/install/robot_bringup/share/robot_bringup/hook/pythonpath.sh'
[2.977s] Level 1:colcon.colcon_core.environment:checking '/home/davicito/Roboticos_Insanos/proyecto_ws/install/robot_bringup/bin'
[2.977s] Level 1:colcon.colcon_core.environment:create_environment_scripts_only(robot_bringup)
[2.977s] INFO:colcon.colcon_core.shell:Creating package script '/home/davicito/Roboticos_Insanos/proyecto_ws/install/robot_bringup/share/robot_bringup/package.ps1'
[2.978s] INFO:colcon.colcon_core.shell:Creating package descriptor '/home/davicito/Roboticos_Insanos/proyecto_ws/install/robot_bringup/share/robot_bringup/package.dsv'
[2.978s] INFO:colcon.colcon_core.shell:Creating package script '/home/davicito/Roboticos_Insanos/proyecto_ws/install/robot_bringup/share/robot_bringup/package.sh'
[2.978s] INFO:colcon.colcon_core.shell:Creating package script '/home/davicito/Roboticos_Insanos/proyecto_ws/install/robot_bringup/share/robot_bringup/package.bash'
[2.979s] INFO:colcon.colcon_core.shell:Creating package script '/home/davicito/Roboticos_Insanos/proyecto_ws/install/robot_bringup/share/robot_bringup/package.zsh'
[2.979s] Level 1:colcon.colcon_core.environment:create_file_with_runtime_dependencies(/home/davicito/Roboticos_Insanos/proyecto_ws/install/robot_bringup/share/colcon-core/packages/robot_bringup)
[3.182s] Level 1:colcon.colcon_core.shell:create_environment_hook('robot_hardware', 'pythonpath_develop')
[3.182s] INFO:colcon.colcon_core.shell:Creating environment hook '/home/davicito/Roboticos_Insanos/proyecto_ws/build/robot_hardware/share/robot_hardware/hook/pythonpath_develop.ps1'
[3.182s] DEBUG:colcon.colcon_core.event_handler.log_command:Invoked command in '/home/davicito/Roboticos_Insanos/proyecto_ws/build/robot_hardware' returned '0': DEBUGINFOD_URLS=https://debuginfod.ubuntu.com PYTHONPATH=/home/davicito/Roboticos_Insanos/proyecto_ws/build/robot_hardware/prefix_override:/usr/lib/python3/dist-packages/colcon_core/task/python/colcon_distutils_commands:/home/davicito/Roboticos_Insanos/proyecto_ws/install/robot_hardware/lib/python3.12/site-packages:${PYTHONPATH} /usr/bin/python3 -W ignore:setup.py install is deprecated -W ignore:easy_install command is deprecated setup.py develop --editable --build-directory /home/davicito/Roboticos_Insanos/proyecto_ws/build/robot_hardware/build --no-deps symlink_data
[3.188s] INFO:colcon.colcon_core.shell:Creating environment descriptor '/home/davicito/Roboticos_Insanos/proyecto_ws/build/robot_hardware/share/robot_hardware/hook/pythonpath_develop.dsv'
[3.189s] INFO:colcon.colcon_core.shell:Creating environment hook '/home/davicito/Roboticos_Insanos/proyecto_ws/build/robot_hardware/share/robot_hardware/hook/pythonpath_develop.sh'
[3.189s] Level 1:colcon.colcon_core.environment:checking '/home/davicito/Roboticos_Insanos/proyecto_ws/install/robot_hardware' for CMake module files
[3.190s] Level 1:colcon.colcon_core.environment:checking '/home/davicito/Roboticos_Insanos/proyecto_ws/install/robot_hardware' for CMake config files
[3.190s] Level 1:colcon.colcon_core.environment:checking '/home/davicito/Roboticos_Insanos/proyecto_ws/install/robot_hardware/lib'
[3.190s] Level 1:colcon.colcon_core.environment:checking '/home/davicito/Roboticos_Insanos/proyecto_ws/install/robot_hardware/bin'
[3.190s] Level 1:colcon.colcon_core.environment:checking '/home/davicito/Roboticos_Insanos/proyecto_ws/install/robot_hardware/lib/pkgconfig/robot_hardware.pc'
[3.191s] Level 1:colcon.colcon_core.environment:checking '/home/davicito/Roboticos_Insanos/proyecto_ws/install/robot_hardware/lib/python3.12/site-packages'
[3.191s] Level 1:colcon.colcon_core.shell:create_environment_hook('robot_hardware', 'pythonpath')
[3.191s] INFO:colcon.colcon_core.shell:Creating environment hook '/home/davicito/Roboticos_Insanos/proyecto_ws/install/robot_hardware/share/robot_hardware/hook/pythonpath.ps1'
[3.191s] INFO:colcon.colcon_core.shell:Creating environment descriptor '/home/davicito/Roboticos_Insanos/proyecto_ws/install/robot_hardware/share/robot_hardware/hook/pythonpath.dsv'
[3.191s] INFO:colcon.colcon_core.shell:Creating environment hook '/home/davicito/Roboticos_Insanos/proyecto_ws/install/robot_hardware/share/robot_hardware/hook/pythonpath.sh'
[3.192s] Level 1:colcon.colcon_core.environment:checking '/home/davicito/Roboticos_Insanos/proyecto_ws/install/robot_hardware/bin'
[3.192s] Level 1:colcon.colcon_core.environment:create_environment_scripts_only(robot_hardware)
[3.192s] INFO:colcon.colcon_core.shell:Creating package script '/home/davicito/Roboticos_Insanos/proyecto_ws/install/robot_hardware/share/robot_hardware/package.ps1'
[3.193s] INFO:colcon.colcon_core.shell:Creating package descriptor '/home/davicito/Roboticos_Insanos/proyecto_ws/install/robot_hardware/share/robot_hardware/package.dsv'
[3.193s] INFO:colcon.colcon_core.shell:Creating package script '/home/davicito/Roboticos_Insanos/proyecto_ws/install/robot_hardware/share/robot_hardware/package.sh'
[3.193s] INFO:colcon.colcon_core.shell:Creating package script '/home/davicito/Roboticos_Insanos/proyecto_ws/install/robot_hardware/share/robot_hardware/package.bash'
[3.193s] INFO:colcon.colcon_core.shell:Creating package script '/home/davicito/Roboticos_Insanos/proyecto_ws/install/robot_hardware/share/robot_hardware/package.zsh'
[3.194s] Level 1:colcon.colcon_core.environment:create_file_with_runtime_dependencies(/home/davicito/Roboticos_Insanos/proyecto_ws/install/robot_hardware/share/colcon-core/packages/robot_hardware)
[3.218s] Level 1:colcon.colcon_core.shell:create_environment_hook('robot_description', 'pythonpath_develop')
[3.218s] INFO:colcon.colcon_core.shell:Creating environment hook '/home/davicito/Roboticos_Insanos/proyecto_ws/build/robot_description/share/robot_description/hook/pythonpath_develop.ps1'
[3.218s] INFO:colcon.colcon_core.shell:Creating environment descriptor '/home/davicito/Roboticos_Insanos/proyecto_ws/build/robot_description/share/robot_description/hook/pythonpath_develop.dsv'
[3.219s] INFO:colcon.colcon_core.shell:Creating environment hook '/home/davicito/Roboticos_Insanos/proyecto_ws/build/robot_description/share/robot_description/hook/pythonpath_develop.sh'
[3.219s] Level 1:colcon.colcon_core.environment:checking '/home/davicito/Roboticos_Insanos/proyecto_ws/install/robot_description' for CMake module files
[3.219s] Level 1:colcon.colcon_core.environment:checking '/home/davicito/Roboticos_Insanos/proyecto_ws/install/robot_description' for CMake config files
[3.220s] Level 1:colcon.colcon_core.environment:checking '/home/davicito/Roboticos_Insanos/proyecto_ws/install/robot_description/lib'
[3.220s] Level 1:colcon.colcon_core.environment:checking '/home/davicito/Roboticos_Insanos/proyecto_ws/install/robot_description/bin'
[3.220s] Level 1:colcon.colcon_core.environment:checking '/home/davicito/Roboticos_Insanos/proyecto_ws/install/robot_description/lib/pkgconfig/robot_description.pc'
[3.220s] Level 1:colcon.colcon_core.environment:checking '/home/davicito/Roboticos_Insanos/proyecto_ws/install/robot_description/lib/python3.12/site-packages'
[3.220s] Level 1:colcon.colcon_core.shell:create_environment_hook('robot_description', 'pythonpath')
[3.220s] INFO:colcon.colcon_core.shell:Creating environment hook '/home/davicito/Roboticos_Insanos/proyecto_ws/install/robot_description/share/robot_description/hook/pythonpath.ps1'
[3.221s] INFO:colcon.colcon_core.shell:Creating environment descriptor '/home/davicito/Roboticos_Insanos/proyecto_ws/install/robot_description/share/robot_description/hook/pythonpath.dsv'
[3.221s] INFO:colcon.colcon_core.shell:Creating environment hook '/home/davicito/Roboticos_Insanos/proyecto_ws/install/robot_description/share/robot_description/hook/pythonpath.sh'
[3.221s] Level 1:colcon.colcon_core.environment:checking '/home/davicito/Roboticos_Insanos/proyecto_ws/install/robot_description/bin'
[3.222s] Level 1:colcon.colcon_core.environment:create_environment_scripts_only(robot_description)
[3.222s] INFO:colcon.colcon_core.shell:Creating package script '/home/davicito/Roboticos_Insanos/proyecto_ws/install/robot_description/share/robot_description/package.ps1'
[3.222s] INFO:colcon.colcon_core.shell:Creating package descriptor '/home/davicito/Roboticos_Insanos/proyecto_ws/install/robot_description/share/robot_description/package.dsv'
[3.223s] INFO:colcon.colcon_core.shell:Creating package script '/home/davicito/Roboticos_Insanos/proyecto_ws/install/robot_description/share/robot_description/package.sh'
[3.223s] INFO:colcon.colcon_core.shell:Creating package script '/home/davicito/Roboticos_Insanos/proyecto_ws/install/robot_description/share/robot_description/package.bash'
[3.223s] INFO:colcon.colcon_core.shell:Creating package script '/home/davicito/Roboticos_Insanos/proyecto_ws/install/robot_description/share/robot_description/package.zsh'
[3.224s] DEBUG:colcon.colcon_core.event_handler.log_command:Invoked command in '/home/davicito/Roboticos_Insanos/proyecto_ws/build/robot_description' returned '0': DEBUGINFOD_URLS=https://debuginfod.ubuntu.com PYTHONPATH=/home/davicito/Roboticos_Insanos/proyecto_ws/build/robot_description/prefix_override:/usr/lib/python3/dist-packages/colcon_core/task/python/colcon_distutils_commands:/home/davicito/Roboticos_Insanos/proyecto_ws/install/robot_description/lib/python3.12/site-packages:${PYTHONPATH} /usr/bin/python3 -W ignore:setup.py install is deprecated -W ignore:easy_install command is deprecated setup.py develop --editable --build-directory /home/davicito/Roboticos_Insanos/proyecto_ws/build/robot_description/build --no-deps symlink_data
[3.482s] Level 1:colcon.colcon_core.environment:create_file_with_runtime_dependencies(/home/davicito/Roboticos_Insanos/proyecto_ws/install/robot_description/share/colcon-core/packages/robot_description)
[3.482s] DEBUG:colcon.colcon_parallel_executor.executor.parallel:closing loop
[3.482s] DEBUG:colcon.colcon_parallel_executor.executor.parallel:loop closed
[3.483s] DEBUG:colcon.colcon_parallel_executor.executor.parallel:run_until_complete finished with '0'
[3.483s] DEBUG:colcon.colcon_core.event_reactor:joining thread
[3.520s] INFO:colcon.colcon_core.plugin_system:Skipping extension 'colcon_notification.desktop_notification.terminal_notifier': Not used on non-Darwin systems
[3.520s] INFO:colcon.colcon_core.plugin_system:Skipping extension 'colcon_notification.desktop_notification.win32': Not used on non-Windows systems
[3.520s] INFO:colcon.colcon_notification.desktop_notification:Sending desktop notification using 'notify2'
[3.532s] DEBUG:colcon.colcon_core.event_reactor:joined thread
[3.532s] INFO:colcon.colcon_core.shell:Creating prefix script '/home/davicito/Roboticos_Insanos/proyecto_ws/install/local_setup.ps1'
[3.547s] INFO:colcon.colcon_core.shell:Creating prefix util module '/home/davicito/Roboticos_Insanos/proyecto_ws/install/_local_setup_util_ps1.py'
[3.547s] INFO:colcon.colcon_core.shell:Creating prefix chain script '/home/davicito/Roboticos_Insanos/proyecto_ws/install/setup.ps1'
[3.548s] INFO:colcon.colcon_core.shell:Creating prefix script '/home/davicito/Roboticos_Insanos/proyecto_ws/install/local_setup.sh'
[3.549s] INFO:colcon.colcon_core.shell:Creating prefix util module '/home/davicito/Roboticos_Insanos/proyecto_ws/install/_local_setup_util_sh.py'
[3.549s] INFO:colcon.colcon_core.shell:Creating prefix chain script '/home/davicito/Roboticos_Insanos/proyecto_ws/install/setup.sh'
[3.550s] INFO:colcon.colcon_core.shell:Creating prefix script '/home/davicito/Roboticos_Insanos/proyecto_ws/install/local_setup.bash'
[3.550s] INFO:colcon.colcon_core.shell:Creating prefix chain script '/home/davicito/Roboticos_Insanos/proyecto_ws/install/setup.bash'
[3.551s] INFO:colcon.colcon_core.shell:Creating prefix script '/home/davicito/Roboticos_Insanos/proyecto_ws/install/local_setup.zsh'
[3.551s] INFO:colcon.colcon_core.shell:Creating prefix chain script '/home/davicito/Roboticos_Insanos/proyecto_ws/install/setup.zsh'
