[1.794s] Invoking command in '/home/davicito/CursoRobotica/proyecto/src/robot_kinematics': DEBUGINFOD_URLS=https://debuginfod.ubuntu.com PYTHONPATH=/home/davicito/CursoRobotica/proyecto/build/robot_kinematics/prefix_override:/usr/lib/python3/dist-packages/colcon_core/task/python/colcon_distutils_commands:/home/davicito/CursoRobotica/proyecto/install/robot_kinematics/lib/python3.12/site-packages:${PYTHONPATH} /usr/bin/python3 -W ignore:setup.py install is deprecated -W ignore:easy_install command is deprecated setup.py egg_info --egg-base ../../build/robot_kinematics build --build-base /home/davicito/CursoRobotica/proyecto/build/robot_kinematics/build install --record /home/davicito/CursoRobotica/proyecto/build/robot_kinematics/install.log --single-version-externally-managed install_data
[2.069s] running egg_info
[2.092s] writing ../../build/robot_kinematics/robot_kinematics.egg-info/PKG-INFO
[2.307s] writing dependency_links to ../../build/robot_kinematics/robot_kinematics.egg-info/dependency_links.txt
[2.340s] writing entry points to ../../build/robot_kinematics/robot_kinematics.egg-info/entry_points.txt
[2.374s] writing requirements to ../../build/robot_kinematics/robot_kinematics.egg-info/requires.txt
[2.410s] writing top-level names to ../../build/robot_kinematics/robot_kinematics.egg-info/top_level.txt
[2.521s] reading manifest file '../../build/robot_kinematics/robot_kinematics.egg-info/SOURCES.txt'
[2.521s] writing manifest file '../../build/robot_kinematics/robot_kinematics.egg-info/SOURCES.txt'
[2.521s] running build
[2.522s] running build_py
[2.522s] copying robot_kinematics/kinematics.py -> /home/davicito/CursoRobotica/proyecto/build/robot_kinematics/build/lib/robot_kinematics
[2.522s] running install
[2.527s] running install_lib
[2.721s] copying /home/davicito/CursoRobotica/proyecto/build/robot_kinematics/build/lib/robot_kinematics/kinematics.py -> /home/davicito/CursoRobotica/proyecto/install/robot_kinematics/lib/python3.12/site-packages/robot_kinematics
[2.721s] byte-compiling /home/davicito/CursoRobotica/proyecto/install/robot_kinematics/lib/python3.12/site-packages/robot_kinematics/kinematics.py to kinematics.cpython-312.pyc
[2.973s] running install_data
[2.973s] running install_egg_info
[2.973s] removing '/home/davicito/CursoRobotica/proyecto/install/robot_kinematics/lib/python3.12/site-packages/robot_kinematics-0.0.0-py3.12.egg-info' (and everything under it)
[2.973s] Copying ../../build/robot_kinematics/robot_kinematics.egg-info to /home/davicito/CursoRobotica/proyecto/install/robot_kinematics/lib/python3.12/site-packages/robot_kinematics-0.0.0-py3.12.egg-info
[2.973s] running install_scripts
[2.973s] Installing trajectory_publisher script to /home/davicito/CursoRobotica/proyecto/install/robot_kinematics/lib/robot_kinematics
[3.040s] writing list of installed files to '/home/davicito/CursoRobotica/proyecto/build/robot_kinematics/install.log'
[3.122s] Invoked command in '/home/davicito/CursoRobotica/proyecto/src/robot_kinematics' returned '0': DEBUGINFOD_URLS=https://debuginfod.ubuntu.com PYTHONPATH=/home/davicito/CursoRobotica/proyecto/build/robot_kinematics/prefix_override:/usr/lib/python3/dist-packages/colcon_core/task/python/colcon_distutils_commands:/home/davicito/CursoRobotica/proyecto/install/robot_kinematics/lib/python3.12/site-packages:${PYTHONPATH} /usr/bin/python3 -W ignore:setup.py install is deprecated -W ignore:easy_install command is deprecated setup.py egg_info --egg-base ../../build/robot_kinematics build --build-base /home/davicito/CursoRobotica/proyecto/build/robot_kinematics/build install --record /home/davicito/CursoRobotica/proyecto/build/robot_kinematics/install.log --single-version-externally-managed install_data
