[0.119s] DEBUG:colcon:Command line arguments: ['/usr/bin/colcon', 'build']
[0.120s] DEBUG:colcon:Parsed command line arguments: Namespace(log_base=None, log_level=None, verb_name='build', build_base='build', install_base='install', merge_install=False, symlink_install=False, test_result_base=None, continue_on_error=False, executor='parallel', parallel_workers=12, event_handlers=None, ignore_user_meta=False, metas=['./colcon.meta'], base_paths=['.'], packages_ignore=None, packages_ignore_regex=None, paths=None, packages_up_to=None, packages_up_to_regex=None, packages_above=None, packages_above_and_dependencies=None, packages_above_depth=None, packages_select_by_dep=None, packages_skip_by_dep=None, packages_skip_up_to=None, packages_select_build_failed=False, packages_skip_build_finished=False, packages_select_test_failures=False, packages_skip_test_passed=False, packages_select=None, packages_skip=None, packages_select_regex=None, packages_skip_regex=None, packages_start=None, packages_end=None, allow_overriding=[], cmake_args=None, cmake_target=None, cmake_target_skip_unavailable=False, cmake_clean_cache=False, cmake_clean_first=False, cmake_force_configure=False, ament_cmake_args=None, catkin_cmake_args=None, catkin_skip_building_tests=False, mixin_files=None, mixin=None, verb_parser=<colcon_mixin.mixin.mixin_argument.MixinArgumentDecorator object at 0x769246cd0770>, verb_extension=<colcon_core.verb.build.BuildVerb object at 0x769246de8950>, main=<bound method BuildVerb.main of <colcon_core.verb.build.BuildVerb object at 0x769246de8950>>, mixin_verb=('build',))
[0.160s] Level 1:colcon.colcon_core.package_discovery:discover_packages(colcon_meta) check parameters
[0.161s] Level 1:colcon.colcon_core.package_discovery:discover_packages(recursive) check parameters
[0.161s] Level 1:colcon.colcon_core.package_discovery:discover_packages(ignore) check parameters
[0.161s] Level 1:colcon.colcon_core.package_discovery:discover_packages(path) check parameters
[0.161s] Level 1:colcon.colcon_core.package_discovery:discover_packages(colcon_meta) discover
[0.161s] Level 1:colcon.colcon_core.package_discovery:discover_packages(recursive) discover
[0.161s] INFO:colcon.colcon_core.package_discovery:Crawling recursively for packages in '/home/samuel_arteaga/Desktop/Roboticos_Insanos/proyecto_ws/src'
[0.161s] Level 1:colcon.colcon_core.package_identification:_identify(.) by extensions ['ignore', 'ignore_ament_install']
[0.161s] Level 1:colcon.colcon_core.package_identification:_identify(.) by extension 'ignore'
[0.161s] Level 1:colcon.colcon_core.package_identification:_identify(.) by extension 'ignore_ament_install'
[0.161s] Level 1:colcon.colcon_core.package_identification:_identify(.) by extensions ['colcon_pkg']
[0.161s] Level 1:colcon.colcon_core.package_identification:_identify(.) by extension 'colcon_pkg'
[0.161s] Level 1:colcon.colcon_core.package_identification:_identify(.) by extensions ['colcon_meta']
[0.161s] Level 1:colcon.colcon_core.package_identification:_identify(.) by extension 'colcon_meta'
[0.161s] Level 1:colcon.colcon_core.package_identification:_identify(.) by extensions ['ros']
[0.161s] Level 1:colcon.colcon_core.package_identification:_identify(.) by extension 'ros'
[0.190s] Level 1:colcon.colcon_core.package_identification:_identify(.) by extensions ['cmake', 'python']
[0.190s] Level 1:colcon.colcon_core.package_identification:_identify(.) by extension 'cmake'
[0.190s] Level 1:colcon.colcon_core.package_identification:_identify(.) by extension 'python'
[0.190s] Level 1:colcon.colcon_core.package_identification:_identify(.) by extensions ['python_setup_py']
[0.190s] Level 1:colcon.colcon_core.package_identification:_identify(.) by extension 'python_setup_py'
[0.190s] Level 1:colcon.colcon_core.package_identification:_identify(build) by extensions ['ignore', 'ignore_ament_install']
[0.190s] Level 1:colcon.colcon_core.package_identification:_identify(build) by extension 'ignore'
[0.191s] Level 1:colcon.colcon_core.package_identification:_identify(build) ignored
[0.191s] Level 1:colcon.colcon_core.package_identification:_identify(install) by extensions ['ignore', 'ignore_ament_install']
[0.191s] Level 1:colcon.colcon_core.package_identification:_identify(install) by extension 'ignore'
[0.191s] Level 1:colcon.colcon_core.package_identification:_identify(install) ignored
[0.191s] Level 1:colcon.colcon_core.package_identification:_identify(log) by extensions ['ignore', 'ignore_ament_install']
[0.191s] Level 1:colcon.colcon_core.package_identification:_identify(log) by extension 'ignore'
[0.191s] Level 1:colcon.colcon_core.package_identification:_identify(log) ignored
[0.191s] Level 1:colcon.colcon_core.package_identification:_identify(robot_bringup) by extensions ['ignore', 'ignore_ament_install']
[0.191s] Level 1:colcon.colcon_core.package_identification:_identify(robot_bringup) by extension 'ignore'
[0.191s] Level 1:colcon.colcon_core.package_identification:_identify(robot_bringup) by extension 'ignore_ament_install'
[0.191s] Level 1:colcon.colcon_core.package_identification:_identify(robot_bringup) by extensions ['colcon_pkg']
[0.191s] Level 1:colcon.colcon_core.package_identification:_identify(robot_bringup) by extension 'colcon_pkg'
[0.191s] Level 1:colcon.colcon_core.package_identification:_identify(robot_bringup) by extensions ['colcon_meta']
[0.191s] Level 1:colcon.colcon_core.package_identification:_identify(robot_bringup) by extension 'colcon_meta'
[0.191s] Level 1:colcon.colcon_core.package_identification:_identify(robot_bringup) by extensions ['ros']
[0.191s] Level 1:colcon.colcon_core.package_identification:_identify(robot_bringup) by extension 'ros'
[0.194s] DEBUG:colcon.colcon_core.package_identification:Package 'robot_bringup' with type 'ros.ament_python' and name 'robot_bringup'
[0.194s] Level 1:colcon.colcon_core.package_identification:_identify(robot_description) by extensions ['ignore', 'ignore_ament_install']
[0.194s] Level 1:colcon.colcon_core.package_identification:_identify(robot_description) by extension 'ignore'
[0.194s] Level 1:colcon.colcon_core.package_identification:_identify(robot_description) by extension 'ignore_ament_install'
[0.194s] Level 1:colcon.colcon_core.package_identification:_identify(robot_description) by extensions ['colcon_pkg']
[0.194s] Level 1:colcon.colcon_core.package_identification:_identify(robot_description) by extension 'colcon_pkg'
[0.194s] Level 1:colcon.colcon_core.package_identification:_identify(robot_description) by extensions ['colcon_meta']
[0.194s] Level 1:colcon.colcon_core.package_identification:_identify(robot_description) by extension 'colcon_meta'
[0.194s] Level 1:colcon.colcon_core.package_identification:_identify(robot_description) by extensions ['ros']
[0.194s] Level 1:colcon.colcon_core.package_identification:_identify(robot_description) by extension 'ros'
[0.195s] DEBUG:colcon.colcon_core.package_identification:Package 'robot_description' with type 'ros.ament_python' and name 'robot_description'
[0.195s] Level 1:colcon.colcon_core.package_identification:_identify(robot_hardware) by extensions ['ignore', 'ignore_ament_install']
[0.195s] Level 1:colcon.colcon_core.package_identification:_identify(robot_hardware) by extension 'ignore'
[0.195s] Level 1:colcon.colcon_core.package_identification:_identify(robot_hardware) by extension 'ignore_ament_install'
[0.195s] Level 1:colcon.colcon_core.package_identification:_identify(robot_hardware) by extensions ['colcon_pkg']
[0.195s] Level 1:colcon.colcon_core.package_identification:_identify(robot_hardware) by extension 'colcon_pkg'
[0.195s] Level 1:colcon.colcon_core.package_identification:_identify(robot_hardware) by extensions ['colcon_meta']
[0.195s] Level 1:colcon.colcon_core.package_identification:_identify(robot_hardware) by extension 'colcon_meta'
[0.195s] Level 1:colcon.colcon_core.package_identification:_identify(robot_hardware) by extensions ['ros']
[0.195s] Level 1:colcon.colcon_core.package_identification:_identify(robot_hardware) by extension 'ros'
[0.196s] DEBUG:colcon.colcon_core.package_identification:Package 'robot_hardware' with type 'ros.ament_python' and name 'robot_hardware'
[0.196s] Level 1:colcon.colcon_core.package_identification:_identify(robot_kinematics) by extensions ['ignore', 'ignore_ament_install']
[0.196s] Level 1:colcon.colcon_core.package_identification:_identify(robot_kinematics) by extension 'ignore'
[0.196s] Level 1:colcon.colcon_core.package_identification:_identify(robot_kinematics) by extension 'ignore_ament_install'
[0.196s] Level 1:colcon.colcon_core.package_identification:_identify(robot_kinematics) by extensions ['colcon_pkg']
[0.196s] Level 1:colcon.colcon_core.package_identification:_identify(robot_kinematics) by extension 'colcon_pkg'
[0.196s] Level 1:colcon.colcon_core.package_identification:_identify(robot_kinematics) by extensions ['colcon_meta']
[0.196s] Level 1:colcon.colcon_core.package_identification:_identify(robot_kinematics) by extension 'colcon_meta'
[0.196s] Level 1:colcon.colcon_core.package_identification:_identify(robot_kinematics) by extensions ['ros']
[0.196s] Level 1:colcon.colcon_core.package_identification:_identify(robot_kinematics) by extension 'ros'
[0.196s] DEBUG:colcon.colcon_core.package_identification:Package 'robot_kinematics' with type 'ros.ament_python' and name 'robot_kinematics'
[0.197s] Level 1:colcon.colcon_core.package_discovery:discover_packages(recursive) using defaults
[0.197s] Level 1:colcon.colcon_core.package_discovery:discover_packages(ignore) discover
[0.197s] Level 1:colcon.colcon_core.package_discovery:discover_packages(ignore) using defaults
[0.197s] Level 1:colcon.colcon_core.package_discovery:discover_packages(path) discover
[0.197s] Level 1:colcon.colcon_core.package_discovery:discover_packages(path) using defaults
[0.217s] Level 1:colcon.colcon_core.package_discovery:discover_packages(prefix_path) check parameters
[0.217s] Level 1:colcon.colcon_core.package_discovery:discover_packages(prefix_path) discover
[0.219s] DEBUG:colcon.colcon_installed_package_information.package_discovery:Found 291 installed packages in /opt/ros/jazzy
[0.221s] Level 1:colcon.colcon_core.package_discovery:discover_packages(prefix_path) using defaults
[0.258s] Level 5:colcon.colcon_core.verb:set package 'robot_bringup' build argument 'cmake_args' from command line to 'None'
[0.258s] Level 5:colcon.colcon_core.verb:set package 'robot_bringup' build argument 'cmake_target' from command line to 'None'
[0.259s] Level 5:colcon.colcon_core.verb:set package 'robot_bringup' build argument 'cmake_target_skip_unavailable' from command line to 'False'
[0.259s] Level 5:colcon.colcon_core.verb:set package 'robot_bringup' build argument 'cmake_clean_cache' from command line to 'False'
[0.259s] Level 5:colcon.colcon_core.verb:set package 'robot_bringup' build argument 'cmake_clean_first' from command line to 'False'
[0.259s] Level 5:colcon.colcon_core.verb:set package 'robot_bringup' build argument 'cmake_force_configure' from command line to 'False'
[0.259s] Level 5:colcon.colcon_core.verb:set package 'robot_bringup' build argument 'ament_cmake_args' from command line to 'None'
[0.259s] Level 5:colcon.colcon_core.verb:set package 'robot_bringup' build argument 'catkin_cmake_args' from command line to 'None'
[0.259s] Level 5:colcon.colcon_core.verb:set package 'robot_bringup' build argument 'catkin_skip_building_tests' from command line to 'False'
[0.259s] DEBUG:colcon.colcon_core.verb:Building package 'robot_bringup' with the following arguments: {'ament_cmake_args': None, 'build_base': '/home/samuel_arteaga/Desktop/Roboticos_Insanos/proyecto_ws/src/build/robot_bringup', 'catkin_cmake_args': None, 'catkin_skip_building_tests': False, 'cmake_args': None, 'cmake_clean_cache': False, 'cmake_clean_first': False, 'cmake_force_configure': False, 'cmake_target': None, 'cmake_target_skip_unavailable': False, 'install_base': '/home/samuel_arteaga/Desktop/Roboticos_Insanos/proyecto_ws/src/install/robot_bringup', 'merge_install': False, 'path': '/home/samuel_arteaga/Desktop/Roboticos_Insanos/proyecto_ws/src/robot_bringup', 'symlink_install': False, 'test_result_base': None}
[0.259s] Level 5:colcon.colcon_core.verb:set package 'robot_description' build argument 'cmake_args' from command line to 'None'
[0.259s] Level 5:colcon.colcon_core.verb:set package 'robot_description' build argument 'cmake_target' from command line to 'None'
[0.259s] Level 5:colcon.colcon_core.verb:set package 'robot_description' build argument 'cmake_target_skip_unavailable' from command line to 'False'
[0.259s] Level 5:colcon.colcon_core.verb:set package 'robot_description' build argument 'cmake_clean_cache' from command line to 'False'
[0.259s] Level 5:colcon.colcon_core.verb:set package 'robot_description' build argument 'cmake_clean_first' from command line to 'False'
[0.259s] Level 5:colcon.colcon_core.verb:set package 'robot_description' build argument 'cmake_force_configure' from command line to 'False'
[0.259s] Level 5:colcon.colcon_core.verb:set package 'robot_description' build argument 'ament_cmake_args' from command line to 'None'
[0.259s] Level 5:colcon.colcon_core.verb:set package 'robot_description' build argument 'catkin_cmake_args' from command line to 'None'
[0.259s] Level 5:colcon.colcon_core.verb:set package 'robot_description' build argument 'catkin_skip_building_tests' from command line to 'False'
[0.259s] DEBUG:colcon.colcon_core.verb:Building package 'robot_description' with the following arguments: {'ament_cmake_args': None, 'build_base': '/home/samuel_arteaga/Desktop/Roboticos_Insanos/proyecto_ws/src/build/robot_description', 'catkin_cmake_args': None, 'catkin_skip_building_tests': False, 'cmake_args': None, 'cmake_clean_cache': False, 'cmake_clean_first': False, 'cmake_force_configure': False, 'cmake_target': None, 'cmake_target_skip_unavailable': False, 'install_base': '/home/samuel_arteaga/Desktop/Roboticos_Insanos/proyecto_ws/src/install/robot_description', 'merge_install': False, 'path': '/home/samuel_arteaga/Desktop/Roboticos_Insanos/proyecto_ws/src/robot_description', 'symlink_install': False, 'test_result_base': None}
[0.259s] Level 5:colcon.colcon_core.verb:set package 'robot_hardware' build argument 'cmake_args' from command line to 'None'
[0.259s] Level 5:colcon.colcon_core.verb:set package 'robot_hardware' build argument 'cmake_target' from command line to 'None'
[0.259s] Level 5:colcon.colcon_core.verb:set package 'robot_hardware' build argument 'cmake_target_skip_unavailable' from command line to 'False'
[0.259s] Level 5:colcon.colcon_core.verb:set package 'robot_hardware' build argument 'cmake_clean_cache' from command line to 'False'
[0.259s] Level 5:colcon.colcon_core.verb:set package 'robot_hardware' build argument 'cmake_clean_first' from command line to 'False'
[0.259s] Level 5:colcon.colcon_core.verb:set package 'robot_hardware' build argument 'cmake_force_configure' from command line to 'False'
[0.259s] Level 5:colcon.colcon_core.verb:set package 'robot_hardware' build argument 'ament_cmake_args' from command line to 'None'
[0.259s] Level 5:colcon.colcon_core.verb:set package 'robot_hardware' build argument 'catkin_cmake_args' from command line to 'None'
[0.260s] Level 5:colcon.colcon_core.verb:set package 'robot_hardware' build argument 'catkin_skip_building_tests' from command line to 'False'
[0.260s] DEBUG:colcon.colcon_core.verb:Building package 'robot_hardware' with the following arguments: {'ament_cmake_args': None, 'build_base': '/home/samuel_arteaga/Desktop/Roboticos_Insanos/proyecto_ws/src/build/robot_hardware', 'catkin_cmake_args': None, 'catkin_skip_building_tests': False, 'cmake_args': None, 'cmake_clean_cache': False, 'cmake_clean_first': False, 'cmake_force_configure': False, 'cmake_target': None, 'cmake_target_skip_unavailable': False, 'install_base': '/home/samuel_arteaga/Desktop/Roboticos_Insanos/proyecto_ws/src/install/robot_hardware', 'merge_install': False, 'path': '/home/samuel_arteaga/Desktop/Roboticos_Insanos/proyecto_ws/src/robot_hardware', 'symlink_install': False, 'test_result_base': None}
[0.260s] Level 5:colcon.colcon_core.verb:set package 'robot_kinematics' build argument 'cmake_args' from command line to 'None'
[0.260s] Level 5:colcon.colcon_core.verb:set package 'robot_kinematics' build argument 'cmake_target' from command line to 'None'
[0.260s] Level 5:colcon.colcon_core.verb:set package 'robot_kinematics' build argument 'cmake_target_skip_unavailable' from command line to 'False'
[0.260s] Level 5:colcon.colcon_core.verb:set package 'robot_kinematics' build argument 'cmake_clean_cache' from command line to 'False'
[0.260s] Level 5:colcon.colcon_core.verb:set package 'robot_kinematics' build argument 'cmake_clean_first' from command line to 'False'
[0.260s] Level 5:colcon.colcon_core.verb:set package 'robot_kinematics' build argument 'cmake_force_configure' from command line to 'False'
[0.260s] Level 5:colcon.colcon_core.verb:set package 'robot_kinematics' build argument 'ament_cmake_args' from command line to 'None'
[0.260s] Level 5:colcon.colcon_core.verb:set package 'robot_kinematics' build argument 'catkin_cmake_args' from command line to 'None'
[0.260s] Level 5:colcon.colcon_core.verb:set package 'robot_kinematics' build argument 'catkin_skip_building_tests' from command line to 'False'
[0.260s] DEBUG:colcon.colcon_core.verb:Building package 'robot_kinematics' with the following arguments: {'ament_cmake_args': None, 'build_base': '/home/samuel_arteaga/Desktop/Roboticos_Insanos/proyecto_ws/src/build/robot_kinematics', 'catkin_cmake_args': None, 'catkin_skip_building_tests': False, 'cmake_args': None, 'cmake_clean_cache': False, 'cmake_clean_first': False, 'cmake_force_configure': False, 'cmake_target': None, 'cmake_target_skip_unavailable': False, 'install_base': '/home/samuel_arteaga/Desktop/Roboticos_Insanos/proyecto_ws/src/install/robot_kinematics', 'merge_install': False, 'path': '/home/samuel_arteaga/Desktop/Roboticos_Insanos/proyecto_ws/src/robot_kinematics', 'symlink_install': False, 'test_result_base': None}
[0.260s] INFO:colcon.colcon_core.executor:Executing jobs using 'parallel' executor
[0.261s] DEBUG:colcon.colcon_parallel_executor.executor.parallel:run_until_complete
[0.261s] INFO:colcon.colcon_ros.task.ament_python.build:Building ROS package in '/home/samuel_arteaga/Desktop/Roboticos_Insanos/proyecto_ws/src/robot_bringup' with build type 'ament_python'
[0.261s] Level 1:colcon.colcon_core.shell:create_environment_hook('robot_bringup', 'ament_prefix_path')
[0.263s] INFO:colcon.colcon_core.plugin_system:Skipping extension 'colcon_core.shell.bat': Not used on non-Windows systems
[0.264s] INFO:colcon.colcon_core.shell:Creating environment hook '/home/samuel_arteaga/Desktop/Roboticos_Insanos/proyecto_ws/src/install/robot_bringup/share/robot_bringup/hook/ament_prefix_path.ps1'
[0.265s] INFO:colcon.colcon_core.shell:Creating environment descriptor '/home/samuel_arteaga/Desktop/Roboticos_Insanos/proyecto_ws/src/install/robot_bringup/share/robot_bringup/hook/ament_prefix_path.dsv'
[0.265s] INFO:colcon.colcon_core.shell:Creating environment hook '/home/samuel_arteaga/Desktop/Roboticos_Insanos/proyecto_ws/src/install/robot_bringup/share/robot_bringup/hook/ament_prefix_path.sh'
[0.266s] INFO:colcon.colcon_core.shell:Skip shell extension 'powershell' for command environment: Not usable outside of PowerShell
[0.266s] DEBUG:colcon.colcon_core.shell:Skip shell extension 'dsv' for command environment
[0.269s] INFO:colcon.colcon_ros.task.ament_python.build:Building ROS package in '/home/samuel_arteaga/Desktop/Roboticos_Insanos/proyecto_ws/src/robot_description' with build type 'ament_python'
[0.269s] Level 1:colcon.colcon_core.shell:create_environment_hook('robot_description', 'ament_prefix_path')
[0.269s] INFO:colcon.colcon_core.shell:Creating environment hook '/home/samuel_arteaga/Desktop/Roboticos_Insanos/proyecto_ws/src/install/robot_description/share/robot_description/hook/ament_prefix_path.ps1'
[0.270s] INFO:colcon.colcon_core.shell:Creating environment descriptor '/home/samuel_arteaga/Desktop/Roboticos_Insanos/proyecto_ws/src/install/robot_description/share/robot_description/hook/ament_prefix_path.dsv'
[0.270s] INFO:colcon.colcon_core.shell:Creating environment hook '/home/samuel_arteaga/Desktop/Roboticos_Insanos/proyecto_ws/src/install/robot_description/share/robot_description/hook/ament_prefix_path.sh'
[0.271s] INFO:colcon.colcon_core.shell:Skip shell extension 'powershell' for command environment: Not usable outside of PowerShell
[0.271s] DEBUG:colcon.colcon_core.shell:Skip shell extension 'dsv' for command environment
[0.274s] INFO:colcon.colcon_ros.task.ament_python.build:Building ROS package in '/home/samuel_arteaga/Desktop/Roboticos_Insanos/proyecto_ws/src/robot_hardware' with build type 'ament_python'
[0.274s] Level 1:colcon.colcon_core.shell:create_environment_hook('robot_hardware', 'ament_prefix_path')
[0.274s] INFO:colcon.colcon_core.shell:Creating environment hook '/home/samuel_arteaga/Desktop/Roboticos_Insanos/proyecto_ws/src/install/robot_hardware/share/robot_hardware/hook/ament_prefix_path.ps1'
[0.274s] INFO:colcon.colcon_core.shell:Creating environment descriptor '/home/samuel_arteaga/Desktop/Roboticos_Insanos/proyecto_ws/src/install/robot_hardware/share/robot_hardware/hook/ament_prefix_path.dsv'
[0.275s] INFO:colcon.colcon_core.shell:Creating environment hook '/home/samuel_arteaga/Desktop/Roboticos_Insanos/proyecto_ws/src/install/robot_hardware/share/robot_hardware/hook/ament_prefix_path.sh'
[0.275s] INFO:colcon.colcon_core.shell:Skip shell extension 'powershell' for command environment: Not usable outside of PowerShell
[0.275s] DEBUG:colcon.colcon_core.shell:Skip shell extension 'dsv' for command environment
[0.278s] INFO:colcon.colcon_ros.task.ament_python.build:Building ROS package in '/home/samuel_arteaga/Desktop/Roboticos_Insanos/proyecto_ws/src/robot_kinematics' with build type 'ament_python'
[0.278s] Level 1:colcon.colcon_core.shell:create_environment_hook('robot_kinematics', 'ament_prefix_path')
[0.279s] INFO:colcon.colcon_core.shell:Creating environment hook '/home/samuel_arteaga/Desktop/Roboticos_Insanos/proyecto_ws/src/install/robot_kinematics/share/robot_kinematics/hook/ament_prefix_path.ps1'
[0.279s] INFO:colcon.colcon_core.shell:Creating environment descriptor '/home/samuel_arteaga/Desktop/Roboticos_Insanos/proyecto_ws/src/install/robot_kinematics/share/robot_kinematics/hook/ament_prefix_path.dsv'
[0.280s] INFO:colcon.colcon_core.shell:Creating environment hook '/home/samuel_arteaga/Desktop/Roboticos_Insanos/proyecto_ws/src/install/robot_kinematics/share/robot_kinematics/hook/ament_prefix_path.sh'
[0.280s] INFO:colcon.colcon_core.shell:Skip shell extension 'powershell' for command environment: Not usable outside of PowerShell
[0.280s] DEBUG:colcon.colcon_core.shell:Skip shell extension 'dsv' for command environment
[0.546s] INFO:colcon.colcon_core.task.python.build:Building Python package in '/home/samuel_arteaga/Desktop/Roboticos_Insanos/proyecto_ws/src/robot_bringup'
[0.546s] INFO:colcon.colcon_core.shell:Skip shell extension 'powershell' for command environment: Not usable outside of PowerShell
[0.546s] DEBUG:colcon.colcon_core.shell:Skip shell extension 'dsv' for command environment
[0.812s] INFO:colcon.colcon_core.task.python.build:Building Python package in '/home/samuel_arteaga/Desktop/Roboticos_Insanos/proyecto_ws/src/robot_description'
[0.812s] INFO:colcon.colcon_core.shell:Skip shell extension 'powershell' for command environment: Not usable outside of PowerShell
[0.812s] DEBUG:colcon.colcon_core.shell:Skip shell extension 'dsv' for command environment
[1.071s] INFO:colcon.colcon_core.task.python.build:Building Python package in '/home/samuel_arteaga/Desktop/Roboticos_Insanos/proyecto_ws/src/robot_hardware'
[1.071s] INFO:colcon.colcon_core.shell:Skip shell extension 'powershell' for command environment: Not usable outside of PowerShell
[1.071s] DEBUG:colcon.colcon_core.shell:Skip shell extension 'dsv' for command environment
[1.336s] INFO:colcon.colcon_core.task.python.build:Building Python package in '/home/samuel_arteaga/Desktop/Roboticos_Insanos/proyecto_ws/src/robot_kinematics'
[1.336s] INFO:colcon.colcon_core.shell:Skip shell extension 'powershell' for command environment: Not usable outside of PowerShell
[1.336s] DEBUG:colcon.colcon_core.shell:Skip shell extension 'dsv' for command environment
[2.086s] DEBUG:colcon.colcon_core.event_handler.log_command:Invoking command in '/home/samuel_arteaga/Desktop/Roboticos_Insanos/proyecto_ws/src/robot_hardware': DEBUGINFOD_URLS=https://debuginfod.ubuntu.com PYTHONPATH=/home/samuel_arteaga/Desktop/Roboticos_Insanos/proyecto_ws/src/build/robot_hardware/prefix_override:/usr/lib/python3/dist-packages/colcon_core/task/python/colcon_distutils_commands:/home/samuel_arteaga/Desktop/Roboticos_Insanos/proyecto_ws/src/install/robot_hardware/lib/python3.12/site-packages:${PYTHONPATH} /usr/bin/python3 -W ignore:setup.py install is deprecated -W ignore:easy_install command is deprecated setup.py egg_info --egg-base ../build/robot_hardware build --build-base /home/samuel_arteaga/Desktop/Roboticos_Insanos/proyecto_ws/src/build/robot_hardware/build install --record /home/samuel_arteaga/Desktop/Roboticos_Insanos/proyecto_ws/src/build/robot_hardware/install.log --single-version-externally-managed install_data
[2.088s] DEBUG:colcon.colcon_core.event_handler.log_command:Invoking command in '/home/samuel_arteaga/Desktop/Roboticos_Insanos/proyecto_ws/src/robot_description': DEBUGINFOD_URLS=https://debuginfod.ubuntu.com PYTHONPATH=/home/samuel_arteaga/Desktop/Roboticos_Insanos/proyecto_ws/src/build/robot_description/prefix_override:/usr/lib/python3/dist-packages/colcon_core/task/python/colcon_distutils_commands:/home/samuel_arteaga/Desktop/Roboticos_Insanos/proyecto_ws/src/install/robot_description/lib/python3.12/site-packages:${PYTHONPATH} /usr/bin/python3 -W ignore:setup.py install is deprecated -W ignore:easy_install command is deprecated setup.py egg_info --egg-base ../build/robot_description build --build-base /home/samuel_arteaga/Desktop/Roboticos_Insanos/proyecto_ws/src/build/robot_description/build install --record /home/samuel_arteaga/Desktop/Roboticos_Insanos/proyecto_ws/src/build/robot_description/install.log --single-version-externally-managed install_data
[2.092s] DEBUG:colcon.colcon_core.event_handler.log_command:Invoking command in '/home/samuel_arteaga/Desktop/Roboticos_Insanos/proyecto_ws/src/robot_bringup': DEBUGINFOD_URLS=https://debuginfod.ubuntu.com PYTHONPATH=/home/samuel_arteaga/Desktop/Roboticos_Insanos/proyecto_ws/src/build/robot_bringup/prefix_override:/usr/lib/python3/dist-packages/colcon_core/task/python/colcon_distutils_commands:/home/samuel_arteaga/Desktop/Roboticos_Insanos/proyecto_ws/src/install/robot_bringup/lib/python3.12/site-packages:${PYTHONPATH} /usr/bin/python3 -W ignore:setup.py install is deprecated -W ignore:easy_install command is deprecated setup.py egg_info --egg-base ../build/robot_bringup build --build-base /home/samuel_arteaga/Desktop/Roboticos_Insanos/proyecto_ws/src/build/robot_bringup/build install --record /home/samuel_arteaga/Desktop/Roboticos_Insanos/proyecto_ws/src/build/robot_bringup/install.log --single-version-externally-managed install_data
[2.101s] DEBUG:colcon.colcon_core.event_handler.log_command:Invoking command in '/home/samuel_arteaga/Desktop/Roboticos_Insanos/proyecto_ws/src/robot_kinematics': DEBUGINFOD_URLS=https://debuginfod.ubuntu.com PYTHONPATH=/home/samuel_arteaga/Desktop/Roboticos_Insanos/proyecto_ws/src/build/robot_kinematics/prefix_override:/usr/lib/python3/dist-packages/colcon_core/task/python/colcon_distutils_commands:/home/samuel_arteaga/Desktop/Roboticos_Insanos/proyecto_ws/src/install/robot_kinematics/lib/python3.12/site-packages:${PYTHONPATH} /usr/bin/python3 -W ignore:setup.py install is deprecated -W ignore:easy_install command is deprecated setup.py egg_info --egg-base ../build/robot_kinematics build --build-base /home/samuel_arteaga/Desktop/Roboticos_Insanos/proyecto_ws/src/build/robot_kinematics/build install --record /home/samuel_arteaga/Desktop/Roboticos_Insanos/proyecto_ws/src/build/robot_kinematics/install.log --single-version-externally-managed install_data
[2.768s] DEBUG:colcon.colcon_core.event_handler.log_command:Invoked command in '/home/samuel_arteaga/Desktop/Roboticos_Insanos/proyecto_ws/src/robot_hardware' returned '0': DEBUGINFOD_URLS=https://debuginfod.ubuntu.com PYTHONPATH=/home/samuel_arteaga/Desktop/Roboticos_Insanos/proyecto_ws/src/build/robot_hardware/prefix_override:/usr/lib/python3/dist-packages/colcon_core/task/python/colcon_distutils_commands:/home/samuel_arteaga/Desktop/Roboticos_Insanos/proyecto_ws/src/install/robot_hardware/lib/python3.12/site-packages:${PYTHONPATH} /usr/bin/python3 -W ignore:setup.py install is deprecated -W ignore:easy_install command is deprecated setup.py egg_info --egg-base ../build/robot_hardware build --build-base /home/samuel_arteaga/Desktop/Roboticos_Insanos/proyecto_ws/src/build/robot_hardware/build install --record /home/samuel_arteaga/Desktop/Roboticos_Insanos/proyecto_ws/src/build/robot_hardware/install.log --single-version-externally-managed install_data
[2.771s] Level 1:colcon.colcon_core.environment:checking '/home/samuel_arteaga/Desktop/Roboticos_Insanos/proyecto_ws/src/install/robot_hardware' for CMake module files
[2.771s] Level 1:colcon.colcon_core.environment:checking '/home/samuel_arteaga/Desktop/Roboticos_Insanos/proyecto_ws/src/install/robot_hardware' for CMake config files
[2.772s] Level 1:colcon.colcon_core.environment:checking '/home/samuel_arteaga/Desktop/Roboticos_Insanos/proyecto_ws/src/install/robot_hardware/lib'
[2.772s] Level 1:colcon.colcon_core.environment:checking '/home/samuel_arteaga/Desktop/Roboticos_Insanos/proyecto_ws/src/install/robot_hardware/bin'
[2.772s] Level 1:colcon.colcon_core.environment:checking '/home/samuel_arteaga/Desktop/Roboticos_Insanos/proyecto_ws/src/install/robot_hardware/lib/pkgconfig/robot_hardware.pc'
[2.772s] Level 1:colcon.colcon_core.environment:checking '/home/samuel_arteaga/Desktop/Roboticos_Insanos/proyecto_ws/src/install/robot_hardware/lib/python3.12/site-packages'
[2.773s] Level 1:colcon.colcon_core.shell:create_environment_hook('robot_hardware', 'pythonpath')
[2.773s] INFO:colcon.colcon_core.shell:Creating environment hook '/home/samuel_arteaga/Desktop/Roboticos_Insanos/proyecto_ws/src/install/robot_hardware/share/robot_hardware/hook/pythonpath.ps1'
[2.774s] INFO:colcon.colcon_core.shell:Creating environment descriptor '/home/samuel_arteaga/Desktop/Roboticos_Insanos/proyecto_ws/src/install/robot_hardware/share/robot_hardware/hook/pythonpath.dsv'
[2.774s] INFO:colcon.colcon_core.shell:Creating environment hook '/home/samuel_arteaga/Desktop/Roboticos_Insanos/proyecto_ws/src/install/robot_hardware/share/robot_hardware/hook/pythonpath.sh'
[2.775s] Level 1:colcon.colcon_core.environment:checking '/home/samuel_arteaga/Desktop/Roboticos_Insanos/proyecto_ws/src/install/robot_hardware/bin'
[2.775s] Level 1:colcon.colcon_core.environment:create_environment_scripts_only(robot_hardware)
[2.775s] INFO:colcon.colcon_core.shell:Creating package script '/home/samuel_arteaga/Desktop/Roboticos_Insanos/proyecto_ws/src/install/robot_hardware/share/robot_hardware/package.ps1'
[2.776s] INFO:colcon.colcon_core.shell:Creating package descriptor '/home/samuel_arteaga/Desktop/Roboticos_Insanos/proyecto_ws/src/install/robot_hardware/share/robot_hardware/package.dsv'
[2.777s] INFO:colcon.colcon_core.shell:Creating package script '/home/samuel_arteaga/Desktop/Roboticos_Insanos/proyecto_ws/src/install/robot_hardware/share/robot_hardware/package.sh'
[2.778s] INFO:colcon.colcon_core.shell:Creating package script '/home/samuel_arteaga/Desktop/Roboticos_Insanos/proyecto_ws/src/install/robot_hardware/share/robot_hardware/package.bash'
[2.778s] INFO:colcon.colcon_core.shell:Creating package script '/home/samuel_arteaga/Desktop/Roboticos_Insanos/proyecto_ws/src/install/robot_hardware/share/robot_hardware/package.zsh'
[2.779s] Level 1:colcon.colcon_core.environment:create_file_with_runtime_dependencies(/home/samuel_arteaga/Desktop/Roboticos_Insanos/proyecto_ws/src/install/robot_hardware/share/colcon-core/packages/robot_hardware)
[2.781s] Level 1:colcon.colcon_core.environment:checking '/home/samuel_arteaga/Desktop/Roboticos_Insanos/proyecto_ws/src/install/robot_bringup' for CMake module files
[2.782s] DEBUG:colcon.colcon_core.event_handler.log_command:Invoked command in '/home/samuel_arteaga/Desktop/Roboticos_Insanos/proyecto_ws/src/robot_bringup' returned '0': DEBUGINFOD_URLS=https://debuginfod.ubuntu.com PYTHONPATH=/home/samuel_arteaga/Desktop/Roboticos_Insanos/proyecto_ws/src/build/robot_bringup/prefix_override:/usr/lib/python3/dist-packages/colcon_core/task/python/colcon_distutils_commands:/home/samuel_arteaga/Desktop/Roboticos_Insanos/proyecto_ws/src/install/robot_bringup/lib/python3.12/site-packages:${PYTHONPATH} /usr/bin/python3 -W ignore:setup.py install is deprecated -W ignore:easy_install command is deprecated setup.py egg_info --egg-base ../build/robot_bringup build --build-base /home/samuel_arteaga/Desktop/Roboticos_Insanos/proyecto_ws/src/build/robot_bringup/build install --record /home/samuel_arteaga/Desktop/Roboticos_Insanos/proyecto_ws/src/build/robot_bringup/install.log --single-version-externally-managed install_data
[2.783s] Level 1:colcon.colcon_core.environment:checking '/home/samuel_arteaga/Desktop/Roboticos_Insanos/proyecto_ws/src/install/robot_bringup' for CMake config files
[2.783s] Level 1:colcon.colcon_core.environment:checking '/home/samuel_arteaga/Desktop/Roboticos_Insanos/proyecto_ws/src/install/robot_bringup/lib'
[2.783s] Level 1:colcon.colcon_core.environment:checking '/home/samuel_arteaga/Desktop/Roboticos_Insanos/proyecto_ws/src/install/robot_bringup/bin'
[2.783s] Level 1:colcon.colcon_core.environment:checking '/home/samuel_arteaga/Desktop/Roboticos_Insanos/proyecto_ws/src/install/robot_bringup/lib/pkgconfig/robot_bringup.pc'
[2.784s] Level 1:colcon.colcon_core.environment:checking '/home/samuel_arteaga/Desktop/Roboticos_Insanos/proyecto_ws/src/install/robot_bringup/lib/python3.12/site-packages'
[2.784s] Level 1:colcon.colcon_core.shell:create_environment_hook('robot_bringup', 'pythonpath')
[2.784s] INFO:colcon.colcon_core.shell:Creating environment hook '/home/samuel_arteaga/Desktop/Roboticos_Insanos/proyecto_ws/src/install/robot_bringup/share/robot_bringup/hook/pythonpath.ps1'
[2.785s] INFO:colcon.colcon_core.shell:Creating environment descriptor '/home/samuel_arteaga/Desktop/Roboticos_Insanos/proyecto_ws/src/install/robot_bringup/share/robot_bringup/hook/pythonpath.dsv'
[2.785s] INFO:colcon.colcon_core.shell:Creating environment hook '/home/samuel_arteaga/Desktop/Roboticos_Insanos/proyecto_ws/src/install/robot_bringup/share/robot_bringup/hook/pythonpath.sh'
[2.786s] Level 1:colcon.colcon_core.environment:checking '/home/samuel_arteaga/Desktop/Roboticos_Insanos/proyecto_ws/src/install/robot_bringup/bin'
[2.786s] Level 1:colcon.colcon_core.environment:create_environment_scripts_only(robot_bringup)
[2.786s] INFO:colcon.colcon_core.shell:Creating package script '/home/samuel_arteaga/Desktop/Roboticos_Insanos/proyecto_ws/src/install/robot_bringup/share/robot_bringup/package.ps1'
[2.787s] INFO:colcon.colcon_core.shell:Creating package descriptor '/home/samuel_arteaga/Desktop/Roboticos_Insanos/proyecto_ws/src/install/robot_bringup/share/robot_bringup/package.dsv'
[2.787s] INFO:colcon.colcon_core.shell:Creating package script '/home/samuel_arteaga/Desktop/Roboticos_Insanos/proyecto_ws/src/install/robot_bringup/share/robot_bringup/package.sh'
[2.788s] INFO:colcon.colcon_core.shell:Creating package script '/home/samuel_arteaga/Desktop/Roboticos_Insanos/proyecto_ws/src/install/robot_bringup/share/robot_bringup/package.bash'
[2.788s] INFO:colcon.colcon_core.shell:Creating package script '/home/samuel_arteaga/Desktop/Roboticos_Insanos/proyecto_ws/src/install/robot_bringup/share/robot_bringup/package.zsh'
[2.788s] Level 1:colcon.colcon_core.environment:create_file_with_runtime_dependencies(/home/samuel_arteaga/Desktop/Roboticos_Insanos/proyecto_ws/src/install/robot_bringup/share/colcon-core/packages/robot_bringup)
[2.792s] Level 1:colcon.colcon_core.environment:checking '/home/samuel_arteaga/Desktop/Roboticos_Insanos/proyecto_ws/src/install/robot_kinematics' for CMake module files
[2.793s] DEBUG:colcon.colcon_core.event_handler.log_command:Invoked command in '/home/samuel_arteaga/Desktop/Roboticos_Insanos/proyecto_ws/src/robot_kinematics' returned '0': DEBUGINFOD_URLS=https://debuginfod.ubuntu.com PYTHONPATH=/home/samuel_arteaga/Desktop/Roboticos_Insanos/proyecto_ws/src/build/robot_kinematics/prefix_override:/usr/lib/python3/dist-packages/colcon_core/task/python/colcon_distutils_commands:/home/samuel_arteaga/Desktop/Roboticos_Insanos/proyecto_ws/src/install/robot_kinematics/lib/python3.12/site-packages:${PYTHONPATH} /usr/bin/python3 -W ignore:setup.py install is deprecated -W ignore:easy_install command is deprecated setup.py egg_info --egg-base ../build/robot_kinematics build --build-base /home/samuel_arteaga/Desktop/Roboticos_Insanos/proyecto_ws/src/build/robot_kinematics/build install --record /home/samuel_arteaga/Desktop/Roboticos_Insanos/proyecto_ws/src/build/robot_kinematics/install.log --single-version-externally-managed install_data
[2.793s] Level 1:colcon.colcon_core.environment:checking '/home/samuel_arteaga/Desktop/Roboticos_Insanos/proyecto_ws/src/install/robot_kinematics' for CMake config files
[2.794s] Level 1:colcon.colcon_core.environment:checking '/home/samuel_arteaga/Desktop/Roboticos_Insanos/proyecto_ws/src/install/robot_kinematics/lib'
[2.794s] Level 1:colcon.colcon_core.environment:checking '/home/samuel_arteaga/Desktop/Roboticos_Insanos/proyecto_ws/src/install/robot_kinematics/bin'
[2.794s] Level 1:colcon.colcon_core.environment:checking '/home/samuel_arteaga/Desktop/Roboticos_Insanos/proyecto_ws/src/install/robot_kinematics/lib/pkgconfig/robot_kinematics.pc'
[2.794s] Level 1:colcon.colcon_core.environment:checking '/home/samuel_arteaga/Desktop/Roboticos_Insanos/proyecto_ws/src/install/robot_kinematics/lib/python3.12/site-packages'
[2.795s] Level 1:colcon.colcon_core.shell:create_environment_hook('robot_kinematics', 'pythonpath')
[2.795s] INFO:colcon.colcon_core.shell:Creating environment hook '/home/samuel_arteaga/Desktop/Roboticos_Insanos/proyecto_ws/src/install/robot_kinematics/share/robot_kinematics/hook/pythonpath.ps1'
[2.796s] INFO:colcon.colcon_core.shell:Creating environment descriptor '/home/samuel_arteaga/Desktop/Roboticos_Insanos/proyecto_ws/src/install/robot_kinematics/share/robot_kinematics/hook/pythonpath.dsv'
[2.796s] INFO:colcon.colcon_core.shell:Creating environment hook '/home/samuel_arteaga/Desktop/Roboticos_Insanos/proyecto_ws/src/install/robot_kinematics/share/robot_kinematics/hook/pythonpath.sh'
[2.797s] Level 1:colcon.colcon_core.environment:checking '/home/samuel_arteaga/Desktop/Roboticos_Insanos/proyecto_ws/src/install/robot_kinematics/bin'
[2.797s] Level 1:colcon.colcon_core.environment:create_environment_scripts_only(robot_kinematics)
[2.797s] INFO:colcon.colcon_core.shell:Creating package script '/home/samuel_arteaga/Desktop/Roboticos_Insanos/proyecto_ws/src/install/robot_kinematics/share/robot_kinematics/package.ps1'
[2.798s] INFO:colcon.colcon_core.shell:Creating package descriptor '/home/samuel_arteaga/Desktop/Roboticos_Insanos/proyecto_ws/src/install/robot_kinematics/share/robot_kinematics/package.dsv'
[2.798s] INFO:colcon.colcon_core.shell:Creating package script '/home/samuel_arteaga/Desktop/Roboticos_Insanos/proyecto_ws/src/install/robot_kinematics/share/robot_kinematics/package.sh'
[2.799s] INFO:colcon.colcon_core.shell:Creating package script '/home/samuel_arteaga/Desktop/Roboticos_Insanos/proyecto_ws/src/install/robot_kinematics/share/robot_kinematics/package.bash'
[2.799s] INFO:colcon.colcon_core.shell:Creating package script '/home/samuel_arteaga/Desktop/Roboticos_Insanos/proyecto_ws/src/install/robot_kinematics/share/robot_kinematics/package.zsh'
[2.799s] Level 1:colcon.colcon_core.environment:create_file_with_runtime_dependencies(/home/samuel_arteaga/Desktop/Roboticos_Insanos/proyecto_ws/src/install/robot_kinematics/share/colcon-core/packages/robot_kinematics)
[2.809s] Level 1:colcon.colcon_core.environment:checking '/home/samuel_arteaga/Desktop/Roboticos_Insanos/proyecto_ws/src/install/robot_description' for CMake module files
[2.810s] DEBUG:colcon.colcon_core.event_handler.log_command:Invoked command in '/home/samuel_arteaga/Desktop/Roboticos_Insanos/proyecto_ws/src/robot_description' returned '0': DEBUGINFOD_URLS=https://debuginfod.ubuntu.com PYTHONPATH=/home/samuel_arteaga/Desktop/Roboticos_Insanos/proyecto_ws/src/build/robot_description/prefix_override:/usr/lib/python3/dist-packages/colcon_core/task/python/colcon_distutils_commands:/home/samuel_arteaga/Desktop/Roboticos_Insanos/proyecto_ws/src/install/robot_description/lib/python3.12/site-packages:${PYTHONPATH} /usr/bin/python3 -W ignore:setup.py install is deprecated -W ignore:easy_install command is deprecated setup.py egg_info --egg-base ../build/robot_description build --build-base /home/samuel_arteaga/Desktop/Roboticos_Insanos/proyecto_ws/src/build/robot_description/build install --record /home/samuel_arteaga/Desktop/Roboticos_Insanos/proyecto_ws/src/build/robot_description/install.log --single-version-externally-managed install_data
[2.812s] Level 1:colcon.colcon_core.environment:checking '/home/samuel_arteaga/Desktop/Roboticos_Insanos/proyecto_ws/src/install/robot_description' for CMake config files
[2.813s] Level 1:colcon.colcon_core.environment:checking '/home/samuel_arteaga/Desktop/Roboticos_Insanos/proyecto_ws/src/install/robot_description/lib'
[2.813s] Level 1:colcon.colcon_core.environment:checking '/home/samuel_arteaga/Desktop/Roboticos_Insanos/proyecto_ws/src/install/robot_description/bin'
[2.813s] Level 1:colcon.colcon_core.environment:checking '/home/samuel_arteaga/Desktop/Roboticos_Insanos/proyecto_ws/src/install/robot_description/lib/pkgconfig/robot_description.pc'
[2.813s] Level 1:colcon.colcon_core.environment:checking '/home/samuel_arteaga/Desktop/Roboticos_Insanos/proyecto_ws/src/install/robot_description/lib/python3.12/site-packages'
[2.813s] Level 1:colcon.colcon_core.shell:create_environment_hook('robot_description', 'pythonpath')
[2.813s] INFO:colcon.colcon_core.shell:Creating environment hook '/home/samuel_arteaga/Desktop/Roboticos_Insanos/proyecto_ws/src/install/robot_description/share/robot_description/hook/pythonpath.ps1'
[2.814s] INFO:colcon.colcon_core.shell:Creating environment descriptor '/home/samuel_arteaga/Desktop/Roboticos_Insanos/proyecto_ws/src/install/robot_description/share/robot_description/hook/pythonpath.dsv'
[2.814s] INFO:colcon.colcon_core.shell:Creating environment hook '/home/samuel_arteaga/Desktop/Roboticos_Insanos/proyecto_ws/src/install/robot_description/share/robot_description/hook/pythonpath.sh'
[2.815s] Level 1:colcon.colcon_core.environment:checking '/home/samuel_arteaga/Desktop/Roboticos_Insanos/proyecto_ws/src/install/robot_description/bin'
[2.815s] Level 1:colcon.colcon_core.environment:create_environment_scripts_only(robot_description)
[2.815s] INFO:colcon.colcon_core.shell:Creating package script '/home/samuel_arteaga/Desktop/Roboticos_Insanos/proyecto_ws/src/install/robot_description/share/robot_description/package.ps1'
[2.816s] INFO:colcon.colcon_core.shell:Creating package descriptor '/home/samuel_arteaga/Desktop/Roboticos_Insanos/proyecto_ws/src/install/robot_description/share/robot_description/package.dsv'
[2.817s] INFO:colcon.colcon_core.shell:Creating package script '/home/samuel_arteaga/Desktop/Roboticos_Insanos/proyecto_ws/src/install/robot_description/share/robot_description/package.sh'
[2.817s] INFO:colcon.colcon_core.shell:Creating package script '/home/samuel_arteaga/Desktop/Roboticos_Insanos/proyecto_ws/src/install/robot_description/share/robot_description/package.bash'
[2.817s] INFO:colcon.colcon_core.shell:Creating package script '/home/samuel_arteaga/Desktop/Roboticos_Insanos/proyecto_ws/src/install/robot_description/share/robot_description/package.zsh'
[2.818s] Level 1:colcon.colcon_core.environment:create_file_with_runtime_dependencies(/home/samuel_arteaga/Desktop/Roboticos_Insanos/proyecto_ws/src/install/robot_description/share/colcon-core/packages/robot_description)
[2.818s] DEBUG:colcon.colcon_parallel_executor.executor.parallel:closing loop
[2.818s] DEBUG:colcon.colcon_parallel_executor.executor.parallel:loop closed
[2.818s] DEBUG:colcon.colcon_parallel_executor.executor.parallel:run_until_complete finished with '0'
[2.818s] DEBUG:colcon.colcon_core.event_reactor:joining thread
[2.825s] INFO:colcon.colcon_core.plugin_system:Skipping extension 'colcon_notification.desktop_notification.terminal_notifier': Not used on non-Darwin systems
[2.825s] INFO:colcon.colcon_core.plugin_system:Skipping extension 'colcon_notification.desktop_notification.win32': Not used on non-Windows systems
[2.825s] INFO:colcon.colcon_notification.desktop_notification:Sending desktop notification using 'notify2'
[2.840s] DEBUG:colcon.colcon_core.event_reactor:joined thread
[2.840s] INFO:colcon.colcon_core.shell:Creating prefix script '/home/samuel_arteaga/Desktop/Roboticos_Insanos/proyecto_ws/src/install/local_setup.ps1'
[2.841s] INFO:colcon.colcon_core.shell:Creating prefix util module '/home/samuel_arteaga/Desktop/Roboticos_Insanos/proyecto_ws/src/install/_local_setup_util_ps1.py'
[2.843s] INFO:colcon.colcon_core.shell:Creating prefix chain script '/home/samuel_arteaga/Desktop/Roboticos_Insanos/proyecto_ws/src/install/setup.ps1'
[2.844s] INFO:colcon.colcon_core.shell:Creating prefix script '/home/samuel_arteaga/Desktop/Roboticos_Insanos/proyecto_ws/src/install/local_setup.sh'
[2.844s] INFO:colcon.colcon_core.shell:Creating prefix util module '/home/samuel_arteaga/Desktop/Roboticos_Insanos/proyecto_ws/src/install/_local_setup_util_sh.py'
[2.845s] INFO:colcon.colcon_core.shell:Creating prefix chain script '/home/samuel_arteaga/Desktop/Roboticos_Insanos/proyecto_ws/src/install/setup.sh'
[2.846s] INFO:colcon.colcon_core.shell:Creating prefix script '/home/samuel_arteaga/Desktop/Roboticos_Insanos/proyecto_ws/src/install/local_setup.bash'
[2.846s] INFO:colcon.colcon_core.shell:Creating prefix chain script '/home/samuel_arteaga/Desktop/Roboticos_Insanos/proyecto_ws/src/install/setup.bash'
[2.847s] INFO:colcon.colcon_core.shell:Creating prefix script '/home/samuel_arteaga/Desktop/Roboticos_Insanos/proyecto_ws/src/install/local_setup.zsh'
[2.847s] INFO:colcon.colcon_core.shell:Creating prefix chain script '/home/samuel_arteaga/Desktop/Roboticos_Insanos/proyecto_ws/src/install/setup.zsh'
