[1.572s] Invoking command in '/home/davicito/CursoRobotica/proyecto/src/robot_hardware': DEBUGINFOD_URLS=https://debuginfod.ubuntu.com PYTHONPATH=/home/davicito/CursoRobotica/proyecto/build/robot_hardware/prefix_override:/usr/lib/python3/dist-packages/colcon_core/task/python/colcon_distutils_commands:/home/davicito/CursoRobotica/proyecto/install/robot_hardware/lib/python3.12/site-packages:${PYTHONPATH} /usr/bin/python3 -W ignore:setup.py install is deprecated -W ignore:easy_install command is deprecated setup.py egg_info --egg-base ../../build/robot_hardware build --build-base /home/davicito/CursoRobotica/proyecto/build/robot_hardware/build install --record /home/davicito/CursoRobotica/proyecto/build/robot_hardware/install.log --single-version-externally-managed install_data
[1.856s] running egg_info
[1.878s] writing ../../build/robot_hardware/robot_hardware.egg-info/PKG-INFO
[1.878s] writing dependency_links to ../../build/robot_hardware/robot_hardware.egg-info/dependency_links.txt
[1.878s] writing entry points to ../../build/robot_hardware/robot_hardware.egg-info/entry_points.txt
[1.878s] writing requirements to ../../build/robot_hardware/robot_hardware.egg-info/requires.txt
[1.878s] writing top-level names to ../../build/robot_hardware/robot_hardware.egg-info/top_level.txt
[1.924s] reading manifest file '../../build/robot_hardware/robot_hardware.egg-info/SOURCES.txt'
[1.924s] writing manifest file '../../build/robot_hardware/robot_hardware.egg-info/SOURCES.txt'
[1.925s] running build
[1.925s] running build_py
[1.925s] running install
[1.929s] running install_lib
[1.952s] running install_data
[1.952s] running install_egg_info
[1.974s] removing '/home/davicito/CursoRobotica/proyecto/install/robot_hardware/lib/python3.12/site-packages/robot_hardware-0.0.0-py3.12.egg-info' (and everything under it)
[1.974s] Copying ../../build/robot_hardware/robot_hardware.egg-info to /home/davicito/CursoRobotica/proyecto/install/robot_hardware/lib/python3.12/site-packages/robot_hardware-0.0.0-py3.12.egg-info
[1.975s] running install_scripts
[2.124s] Installing robot_hardware script to /home/davicito/CursoRobotica/proyecto/install/robot_hardware/lib/robot_hardware
[2.189s] writing list of installed files to '/home/davicito/CursoRobotica/proyecto/build/robot_hardware/install.log'
[2.216s] Invoked command in '/home/davicito/CursoRobotica/proyecto/src/robot_hardware' returned '0': DEBUGINFOD_URLS=https://debuginfod.ubuntu.com PYTHONPATH=/home/davicito/CursoRobotica/proyecto/build/robot_hardware/prefix_override:/usr/lib/python3/dist-packages/colcon_core/task/python/colcon_distutils_commands:/home/davicito/CursoRobotica/proyecto/install/robot_hardware/lib/python3.12/site-packages:${PYTHONPATH} /usr/bin/python3 -W ignore:setup.py install is deprecated -W ignore:easy_install command is deprecated setup.py egg_info --egg-base ../../build/robot_hardware build --build-base /home/davicito/CursoRobotica/proyecto/build/robot_hardware/build install --record /home/davicito/CursoRobotica/proyecto/build/robot_hardware/install.log --single-version-externally-managed install_data
