running egg_info
creating ../build/robot_hardware/robot_hardware.egg-info
writing ../build/robot_hardware/robot_hardware.egg-info/PKG-INFO
writing dependency_links to ../build/robot_hardware/robot_hardware.egg-info/dependency_links.txt
writing entry points to ../build/robot_hardware/robot_hardware.egg-info/entry_points.txt
writing requirements to ../build/robot_hardware/robot_hardware.egg-info/requires.txt
writing top-level names to ../build/robot_hardware/robot_hardware.egg-info/top_level.txt
writing manifest file '../build/robot_hardware/robot_hardware.egg-info/SOURCES.txt'
reading manifest file '../build/robot_hardware/robot_hardware.egg-info/SOURCES.txt'
writing manifest file '../build/robot_hardware/robot_hardware.egg-info/SOURCES.txt'
running build
running build_py
creating /home/samuel_arteaga/Desktop/Roboticos_Insanos/proyecto_ws/src/build/robot_hardware/build
creating /home/samuel_arteaga/Desktop/Roboticos_Insanos/proyecto_ws/src/build/robot_hardware/build/lib
creating /home/samuel_arteaga/Desktop/Roboticos_Insanos/proyecto_ws/src/build/robot_hardware/build/lib/robot_hardware
copying robot_hardware/__init__.py -> /home/samuel_arteaga/Desktop/Roboticos_Insanos/proyecto_ws/src/build/robot_hardware/build/lib/robot_hardware
copying robot_hardware/robot_actuators.py -> /home/samuel_arteaga/Desktop/Roboticos_Insanos/proyecto_ws/src/build/robot_hardware/build/lib/robot_hardware
running install
running install_lib
byte-compiling /home/samuel_arteaga/Desktop/Roboticos_Insanos/proyecto_ws/src/install/robot_hardware/lib/python3.12/site-packages/robot_hardware/__init__.py to __init__.cpython-312.pyc
byte-compiling /home/samuel_arteaga/Desktop/Roboticos_Insanos/proyecto_ws/src/install/robot_hardware/lib/python3.12/site-packages/robot_hardware/robot_actuators.py to robot_actuators.cpython-312.pyc
running install_data
running install_egg_info
removing '/home/samuel_arteaga/Desktop/Roboticos_Insanos/proyecto_ws/src/install/robot_hardware/lib/python3.12/site-packages/robot_hardware-0.0.0-py3.12.egg-info' (and everything under it)
Copying ../build/robot_hardware/robot_hardware.egg-info to /home/samuel_arteaga/Desktop/Roboticos_Insanos/proyecto_ws/src/install/robot_hardware/lib/python3.12/site-packages/robot_hardware-0.0.0-py3.12.egg-info
running install_scripts
Installing robot_hardware script to /home/samuel_arteaga/Desktop/Roboticos_Insanos/proyecto_ws/src/install/robot_hardware/lib/robot_hardware
writing list of installed files to '/home/samuel_arteaga/Desktop/Roboticos_Insanos/proyecto_ws/src/build/robot_hardware/install.log'
