[1.812s] Invoking command in '/home/samuel_arteaga/Desktop/Roboticos_Insanos/proyecto_ws/src/robot_hardware': DEBUGINFOD_URLS=https://debuginfod.ubuntu.com PYTHONPATH=/home/samuel_arteaga/Desktop/Roboticos_Insanos/proyecto_ws/src/build/robot_hardware/prefix_override:/usr/lib/python3/dist-packages/colcon_core/task/python/colcon_distutils_commands:/home/samuel_arteaga/Desktop/Roboticos_Insanos/proyecto_ws/src/install/robot_hardware/lib/python3.12/site-packages:${PYTHONPATH} /usr/bin/python3 -W ignore:setup.py install is deprecated -W ignore:easy_install command is deprecated setup.py egg_info --egg-base ../build/robot_hardware build --build-base /home/samuel_arteaga/Desktop/Roboticos_Insanos/proyecto_ws/src/build/robot_hardware/build install --record /home/samuel_arteaga/Desktop/Roboticos_Insanos/proyecto_ws/src/build/robot_hardware/install.log --single-version-externally-managed install_data
[2.153s] running egg_info
[2.154s] creating ../build/robot_hardware/robot_hardware.egg-info
[2.179s] writing ../build/robot_hardware/robot_hardware.egg-info/PKG-INFO
[2.179s] writing dependency_links to ../build/robot_hardware/robot_hardware.egg-info/dependency_links.txt
[2.179s] writing entry points to ../build/robot_hardware/robot_hardware.egg-info/entry_points.txt
[2.179s] writing requirements to ../build/robot_hardware/robot_hardware.egg-info/requires.txt
[2.179s] writing top-level names to ../build/robot_hardware/robot_hardware.egg-info/top_level.txt
[2.180s] writing manifest file '../build/robot_hardware/robot_hardware.egg-info/SOURCES.txt'
[2.230s] reading manifest file '../build/robot_hardware/robot_hardware.egg-info/SOURCES.txt'
[2.231s] writing manifest file '../build/robot_hardware/robot_hardware.egg-info/SOURCES.txt'
[2.231s] running build
[2.231s] running build_py
[2.232s] creating /home/samuel_arteaga/Desktop/Roboticos_Insanos/proyecto_ws/src/build/robot_hardware/build
[2.232s] creating /home/samuel_arteaga/Desktop/Roboticos_Insanos/proyecto_ws/src/build/robot_hardware/build/lib
[2.232s] creating /home/samuel_arteaga/Desktop/Roboticos_Insanos/proyecto_ws/src/build/robot_hardware/build/lib/robot_hardware
[2.232s] copying robot_hardware/__init__.py -> /home/samuel_arteaga/Desktop/Roboticos_Insanos/proyecto_ws/src/build/robot_hardware/build/lib/robot_hardware
[2.232s] copying robot_hardware/robot_actuators.py -> /home/samuel_arteaga/Desktop/Roboticos_Insanos/proyecto_ws/src/build/robot_hardware/build/lib/robot_hardware
[2.232s] running install
[2.239s] running install_lib
[2.265s] byte-compiling /home/samuel_arteaga/Desktop/Roboticos_Insanos/proyecto_ws/src/install/robot_hardware/lib/python3.12/site-packages/robot_hardware/__init__.py to __init__.cpython-312.pyc
[2.265s] byte-compiling /home/samuel_arteaga/Desktop/Roboticos_Insanos/proyecto_ws/src/install/robot_hardware/lib/python3.12/site-packages/robot_hardware/robot_actuators.py to robot_actuators.cpython-312.pyc
[2.266s] running install_data
[2.266s] running install_egg_info
[2.293s] removing '/home/samuel_arteaga/Desktop/Roboticos_Insanos/proyecto_ws/src/install/robot_hardware/lib/python3.12/site-packages/robot_hardware-0.0.0-py3.12.egg-info' (and everything under it)
[2.293s] Copying ../build/robot_hardware/robot_hardware.egg-info to /home/samuel_arteaga/Desktop/Roboticos_Insanos/proyecto_ws/src/install/robot_hardware/lib/python3.12/site-packages/robot_hardware-0.0.0-py3.12.egg-info
[2.294s] running install_scripts
[2.456s] Installing robot_hardware script to /home/samuel_arteaga/Desktop/Roboticos_Insanos/proyecto_ws/src/install/robot_hardware/lib/robot_hardware
[2.456s] writing list of installed files to '/home/samuel_arteaga/Desktop/Roboticos_Insanos/proyecto_ws/src/build/robot_hardware/install.log'
[2.494s] Invoked command in '/home/samuel_arteaga/Desktop/Roboticos_Insanos/proyecto_ws/src/robot_hardware' returned '0': DEBUGINFOD_URLS=https://debuginfod.ubuntu.com PYTHONPATH=/home/samuel_arteaga/Desktop/Roboticos_Insanos/proyecto_ws/src/build/robot_hardware/prefix_override:/usr/lib/python3/dist-packages/colcon_core/task/python/colcon_distutils_commands:/home/samuel_arteaga/Desktop/Roboticos_Insanos/proyecto_ws/src/install/robot_hardware/lib/python3.12/site-packages:${PYTHONPATH} /usr/bin/python3 -W ignore:setup.py install is deprecated -W ignore:easy_install command is deprecated setup.py egg_info --egg-base ../build/robot_hardware build --build-base /home/samuel_arteaga/Desktop/Roboticos_Insanos/proyecto_ws/src/build/robot_hardware/build install --record /home/samuel_arteaga/Desktop/Roboticos_Insanos/proyecto_ws/src/build/robot_hardware/install.log --single-version-externally-managed install_data
