[2.209s] Invoking command in '/home/davicito/CursoRobotica/proyecto/src/robot_hardware': DEBUGINFOD_URLS=https://debuginfod.ubuntu.com PYTHONPATH=/home/davicito/CursoRobotica/proyecto/build/robot_hardware/prefix_override:/usr/lib/python3/dist-packages/colcon_core/task/python/colcon_distutils_commands:/home/davicito/CursoRobotica/proyecto/install/robot_hardware/lib/python3.12/site-packages:${PYTHONPATH} /usr/bin/python3 -W ignore:setup.py install is deprecated -W ignore:easy_install command is deprecated setup.py egg_info --egg-base ../../build/robot_hardware build --build-base /home/davicito/CursoRobotica/proyecto/build/robot_hardware/build install --record /home/davicito/CursoRobotica/proyecto/build/robot_hardware/install.log --single-version-externally-managed install_data
[2.482s] running egg_info
[2.504s] writing ../../build/robot_hardware/robot_hardware.egg-info/PKG-INFO
[3.035s] writing dependency_links to ../../build/robot_hardware/robot_hardware.egg-info/dependency_links.txt
[3.143s] writing entry points to ../../build/robot_hardware/robot_hardware.egg-info/entry_points.txt
[3.143s] writing requirements to ../../build/robot_hardware/robot_hardware.egg-info/requires.txt
[3.143s] writing top-level names to ../../build/robot_hardware/robot_hardware.egg-info/top_level.txt
[3.188s] reading manifest file '../../build/robot_hardware/robot_hardware.egg-info/SOURCES.txt'
[3.189s] writing manifest file '../../build/robot_hardware/robot_hardware.egg-info/SOURCES.txt'
[3.266s] running build
[3.266s] running build_py
[3.266s] running install
[3.272s] running install_lib
[3.297s] running install_data
[3.298s] running install_egg_info
[3.322s] removing '/home/davicito/CursoRobotica/proyecto/install/robot_hardware/lib/python3.12/site-packages/robot_hardware-0.0.0-py3.12.egg-info' (and everything under it)
[3.322s] Copying ../../build/robot_hardware/robot_hardware.egg-info to /home/davicito/CursoRobotica/proyecto/install/robot_hardware/lib/python3.12/site-packages/robot_hardware-0.0.0-py3.12.egg-info
[3.323s] running install_scripts
[3.473s] Installing robot_hardware script to /home/davicito/CursoRobotica/proyecto/install/robot_hardware/lib/robot_hardware
[3.510s] writing list of installed files to '/home/davicito/CursoRobotica/proyecto/build/robot_hardware/install.log'
[3.595s] Invoked command in '/home/davicito/CursoRobotica/proyecto/src/robot_hardware' returned '0': DEBUGINFOD_URLS=https://debuginfod.ubuntu.com PYTHONPATH=/home/davicito/CursoRobotica/proyecto/build/robot_hardware/prefix_override:/usr/lib/python3/dist-packages/colcon_core/task/python/colcon_distutils_commands:/home/davicito/CursoRobotica/proyecto/install/robot_hardware/lib/python3.12/site-packages:${PYTHONPATH} /usr/bin/python3 -W ignore:setup.py install is deprecated -W ignore:easy_install command is deprecated setup.py egg_info --egg-base ../../build/robot_hardware build --build-base /home/davicito/CursoRobotica/proyecto/build/robot_hardware/build install --record /home/davicito/CursoRobotica/proyecto/build/robot_hardware/install.log --single-version-externally-managed install_data
