[0.184s] DEBUG:colcon:Command line arguments: ['/usr/bin/colcon', 'build', '--symlink-install']
[0.184s] DEBUG:colcon:Parsed command line arguments: Namespace(log_base=None, log_level=None, verb_name='build', build_base='build', install_base='install', merge_install=False, symlink_install=True, test_result_base=None, continue_on_error=False, executor='parallel', parallel_workers=12, event_handlers=None, ignore_user_meta=False, metas=['./colcon.meta'], base_paths=['.'], packages_ignore=None, packages_ignore_regex=None, paths=None, packages_up_to=None, packages_up_to_regex=None, packages_above=None, packages_above_and_dependencies=None, packages_above_depth=None, packages_select_by_dep=None, packages_skip_by_dep=None, packages_skip_up_to=None, packages_select_build_failed=False, packages_skip_build_finished=False, packages_select_test_failures=False, packages_skip_test_passed=False, packages_select=None, packages_skip=None, packages_select_regex=None, packages_skip_regex=None, packages_start=None, packages_end=None, allow_overriding=[], cmake_args=None, cmake_target=None, cmake_target_skip_unavailable=False, cmake_clean_cache=False, cmake_clean_first=False, cmake_force_configure=False, ament_cmake_args=None, catkin_cmake_args=None, catkin_skip_building_tests=False, mixin_files=None, mixin=None, verb_parser=<colcon_mixin.mixin.mixin_argument.MixinArgumentDecorator object at 0x78a370b4dc10>, verb_extension=<colcon_core.verb.build.BuildVerb object at 0x78a370cda420>, main=<bound method BuildVerb.main of <colcon_core.verb.build.BuildVerb object at 0x78a370cda420>>, mixin_verb=('build',))
[0.223s] Level 1:colcon.colcon_core.package_discovery:discover_packages(colcon_meta) check parameters
[0.223s] Level 1:colcon.colcon_core.package_discovery:discover_packages(recursive) check parameters
[0.223s] Level 1:colcon.colcon_core.package_discovery:discover_packages(ignore) check parameters
[0.223s] Level 1:colcon.colcon_core.package_discovery:discover_packages(path) check parameters
[0.223s] Level 1:colcon.colcon_core.package_discovery:discover_packages(colcon_meta) discover
[0.223s] Level 1:colcon.colcon_core.package_discovery:discover_packages(recursive) discover
[0.223s] INFO:colcon.colcon_core.package_discovery:Crawling recursively for packages in '/home/davicito/Roboticos_Insanos/proyecto_ws'
[0.224s] Level 1:colcon.colcon_core.package_identification:_identify(.) by extensions ['ignore', 'ignore_ament_install']
[0.224s] Level 1:colcon.colcon_core.package_identification:_identify(.) by extension 'ignore'
[0.224s] Level 1:colcon.colcon_core.package_identification:_identify(.) by extension 'ignore_ament_install'
[0.224s] Level 1:colcon.colcon_core.package_identification:_identify(.) by extensions ['colcon_pkg']
[0.224s] Level 1:colcon.colcon_core.package_identification:_identify(.) by extension 'colcon_pkg'
[0.224s] Level 1:colcon.colcon_core.package_identification:_identify(.) by extensions ['colcon_meta']
[0.224s] Level 1:colcon.colcon_core.package_identification:_identify(.) by extension 'colcon_meta'
[0.224s] Level 1:colcon.colcon_core.package_identification:_identify(.) by extensions ['ros']
[0.224s] Level 1:colcon.colcon_core.package_identification:_identify(.) by extension 'ros'
[0.245s] Level 1:colcon.colcon_core.package_identification:_identify(.) by extensions ['cmake', 'python']
[0.245s] Level 1:colcon.colcon_core.package_identification:_identify(.) by extension 'cmake'
[0.245s] Level 1:colcon.colcon_core.package_identification:_identify(.) by extension 'python'
[0.245s] Level 1:colcon.colcon_core.package_identification:_identify(.) by extensions ['python_setup_py']
[0.245s] Level 1:colcon.colcon_core.package_identification:_identify(.) by extension 'python_setup_py'
[0.247s] Level 1:colcon.colcon_core.package_identification:_identify(build) by extensions ['ignore', 'ignore_ament_install']
[0.247s] Level 1:colcon.colcon_core.package_identification:_identify(build) by extension 'ignore'
[0.247s] Level 1:colcon.colcon_core.package_identification:_identify(build) ignored
[0.247s] Level 1:colcon.colcon_core.package_identification:_identify(install) by extensions ['ignore', 'ignore_ament_install']
[0.247s] Level 1:colcon.colcon_core.package_identification:_identify(install) by extension 'ignore'
[0.247s] Level 1:colcon.colcon_core.package_identification:_identify(install) ignored
[0.247s] Level 1:colcon.colcon_core.package_identification:_identify(log) by extensions ['ignore', 'ignore_ament_install']
[0.247s] Level 1:colcon.colcon_core.package_identification:_identify(log) by extension 'ignore'
[0.247s] Level 1:colcon.colcon_core.package_identification:_identify(log) ignored
[0.248s] Level 1:colcon.colcon_core.package_identification:_identify(src) by extensions ['ignore', 'ignore_ament_install']
[0.248s] Level 1:colcon.colcon_core.package_identification:_identify(src) by extension 'ignore'
[0.248s] Level 1:colcon.colcon_core.package_identification:_identify(src) by extension 'ignore_ament_install'
[0.248s] Level 1:colcon.colcon_core.package_identification:_identify(src) by extensions ['colcon_pkg']
[0.248s] Level 1:colcon.colcon_core.package_identification:_identify(src) by extension 'colcon_pkg'
[0.248s] Level 1:colcon.colcon_core.package_identification:_identify(src) by extensions ['colcon_meta']
[0.248s] Level 1:colcon.colcon_core.package_identification:_identify(src) by extension 'colcon_meta'
[0.248s] Level 1:colcon.colcon_core.package_identification:_identify(src) by extensions ['ros']
[0.248s] Level 1:colcon.colcon_core.package_identification:_identify(src) by extension 'ros'
[0.248s] Level 1:colcon.colcon_core.package_identification:_identify(src) by extensions ['cmake', 'python']
[0.248s] Level 1:colcon.colcon_core.package_identification:_identify(src) by extension 'cmake'
[0.248s] Level 1:colcon.colcon_core.package_identification:_identify(src) by extension 'python'
[0.248s] Level 1:colcon.colcon_core.package_identification:_identify(src) by extensions ['python_setup_py']
[0.248s] Level 1:colcon.colcon_core.package_identification:_identify(src) by extension 'python_setup_py'
[0.249s] Level 1:colcon.colcon_core.package_identification:_identify(src/install) by extensions ['ignore', 'ignore_ament_install']
[0.249s] Level 1:colcon.colcon_core.package_identification:_identify(src/install) by extension 'ignore'
[0.249s] Level 1:colcon.colcon_core.package_identification:_identify(src/install) ignored
[0.249s] Level 1:colcon.colcon_core.package_identification:_identify(src/robot_bringup) by extensions ['ignore', 'ignore_ament_install']
[0.249s] Level 1:colcon.colcon_core.package_identification:_identify(src/robot_bringup) by extension 'ignore'
[0.249s] Level 1:colcon.colcon_core.package_identification:_identify(src/robot_bringup) by extension 'ignore_ament_install'
[0.249s] Level 1:colcon.colcon_core.package_identification:_identify(src/robot_bringup) by extensions ['colcon_pkg']
[0.249s] Level 1:colcon.colcon_core.package_identification:_identify(src/robot_bringup) by extension 'colcon_pkg'
[0.249s] Level 1:colcon.colcon_core.package_identification:_identify(src/robot_bringup) by extensions ['colcon_meta']
[0.249s] Level 1:colcon.colcon_core.package_identification:_identify(src/robot_bringup) by extension 'colcon_meta'
[0.249s] Level 1:colcon.colcon_core.package_identification:_identify(src/robot_bringup) by extensions ['ros']
[0.249s] Level 1:colcon.colcon_core.package_identification:_identify(src/robot_bringup) by extension 'ros'
[0.254s] DEBUG:colcon.colcon_core.package_identification:Package 'src/robot_bringup' with type 'ros.ament_python' and name 'robot_bringup'
[0.254s] Level 1:colcon.colcon_core.package_identification:_identify(src/robot_description) by extensions ['ignore', 'ignore_ament_install']
[0.254s] Level 1:colcon.colcon_core.package_identification:_identify(src/robot_description) by extension 'ignore'
[0.254s] Level 1:colcon.colcon_core.package_identification:_identify(src/robot_description) by extension 'ignore_ament_install'
[0.254s] Level 1:colcon.colcon_core.package_identification:_identify(src/robot_description) by extensions ['colcon_pkg']
[0.254s] Level 1:colcon.colcon_core.package_identification:_identify(src/robot_description) by extension 'colcon_pkg'
[0.254s] Level 1:colcon.colcon_core.package_identification:_identify(src/robot_description) by extensions ['colcon_meta']
[0.254s] Level 1:colcon.colcon_core.package_identification:_identify(src/robot_description) by extension 'colcon_meta'
[0.254s] Level 1:colcon.colcon_core.package_identification:_identify(src/robot_description) by extensions ['ros']
[0.254s] Level 1:colcon.colcon_core.package_identification:_identify(src/robot_description) by extension 'ros'
[0.256s] DEBUG:colcon.colcon_core.package_identification:Package 'src/robot_description' with type 'ros.ament_python' and name 'robot_description'
[0.256s] Level 1:colcon.colcon_core.package_identification:_identify(src/robot_hardware) by extensions ['ignore', 'ignore_ament_install']
[0.256s] Level 1:colcon.colcon_core.package_identification:_identify(src/robot_hardware) by extension 'ignore'
[0.256s] Level 1:colcon.colcon_core.package_identification:_identify(src/robot_hardware) by extension 'ignore_ament_install'
[0.256s] Level 1:colcon.colcon_core.package_identification:_identify(src/robot_hardware) by extensions ['colcon_pkg']
[0.256s] Level 1:colcon.colcon_core.package_identification:_identify(src/robot_hardware) by extension 'colcon_pkg'
[0.256s] Level 1:colcon.colcon_core.package_identification:_identify(src/robot_hardware) by extensions ['colcon_meta']
[0.256s] Level 1:colcon.colcon_core.package_identification:_identify(src/robot_hardware) by extension 'colcon_meta'
[0.256s] Level 1:colcon.colcon_core.package_identification:_identify(src/robot_hardware) by extensions ['ros']
[0.256s] Level 1:colcon.colcon_core.package_identification:_identify(src/robot_hardware) by extension 'ros'
[0.257s] DEBUG:colcon.colcon_core.package_identification:Package 'src/robot_hardware' with type 'ros.ament_python' and name 'robot_hardware'
[0.257s] Level 1:colcon.colcon_core.package_identification:_identify(src/robot_kinematics) by extensions ['ignore', 'ignore_ament_install']
[0.257s] Level 1:colcon.colcon_core.package_identification:_identify(src/robot_kinematics) by extension 'ignore'
[0.257s] Level 1:colcon.colcon_core.package_identification:_identify(src/robot_kinematics) by extension 'ignore_ament_install'
[0.257s] Level 1:colcon.colcon_core.package_identification:_identify(src/robot_kinematics) by extensions ['colcon_pkg']
[0.257s] Level 1:colcon.colcon_core.package_identification:_identify(src/robot_kinematics) by extension 'colcon_pkg'
[0.257s] Level 1:colcon.colcon_core.package_identification:_identify(src/robot_kinematics) by extensions ['colcon_meta']
[0.257s] Level 1:colcon.colcon_core.package_identification:_identify(src/robot_kinematics) by extension 'colcon_meta'
[0.257s] Level 1:colcon.colcon_core.package_identification:_identify(src/robot_kinematics) by extensions ['ros']
[0.257s] Level 1:colcon.colcon_core.package_identification:_identify(src/robot_kinematics) by extension 'ros'
[0.258s] DEBUG:colcon.colcon_core.package_identification:Package 'src/robot_kinematics' with type 'ros.ament_python' and name 'robot_kinematics'
[0.258s] Level 1:colcon.colcon_core.package_discovery:discover_packages(recursive) using defaults
[0.258s] Level 1:colcon.colcon_core.package_discovery:discover_packages(ignore) discover
[0.258s] Level 1:colcon.colcon_core.package_discovery:discover_packages(ignore) using defaults
[0.258s] Level 1:colcon.colcon_core.package_discovery:discover_packages(path) discover
[0.258s] Level 1:colcon.colcon_core.package_discovery:discover_packages(path) using defaults
[0.302s] Level 1:colcon.colcon_core.package_discovery:discover_packages(prefix_path) check parameters
[0.302s] Level 1:colcon.colcon_core.package_discovery:discover_packages(prefix_path) discover
[0.311s] DEBUG:colcon.colcon_installed_package_information.package_discovery:Found 4 installed packages in /home/davicito/Roboticos_Insanos/proyecto_ws/install
[0.313s] DEBUG:colcon.colcon_installed_package_information.package_discovery:Found 292 installed packages in /opt/ros/jazzy
[0.314s] Level 1:colcon.colcon_core.package_discovery:discover_packages(prefix_path) using defaults
[0.349s] Level 5:colcon.colcon_core.verb:set package 'robot_bringup' build argument 'cmake_args' from command line to 'None'
[0.349s] Level 5:colcon.colcon_core.verb:set package 'robot_bringup' build argument 'cmake_target' from command line to 'None'
[0.349s] Level 5:colcon.colcon_core.verb:set package 'robot_bringup' build argument 'cmake_target_skip_unavailable' from command line to 'False'
[0.349s] Level 5:colcon.colcon_core.verb:set package 'robot_bringup' build argument 'cmake_clean_cache' from command line to 'False'
[0.349s] Level 5:colcon.colcon_core.verb:set package 'robot_bringup' build argument 'cmake_clean_first' from command line to 'False'
[0.349s] Level 5:colcon.colcon_core.verb:set package 'robot_bringup' build argument 'cmake_force_configure' from command line to 'False'
[0.349s] Level 5:colcon.colcon_core.verb:set package 'robot_bringup' build argument 'ament_cmake_args' from command line to 'None'
[0.349s] Level 5:colcon.colcon_core.verb:set package 'robot_bringup' build argument 'catkin_cmake_args' from command line to 'None'
[0.349s] Level 5:colcon.colcon_core.verb:set package 'robot_bringup' build argument 'catkin_skip_building_tests' from command line to 'False'
[0.349s] DEBUG:colcon.colcon_core.verb:Building package 'robot_bringup' with the following arguments: {'ament_cmake_args': None, 'build_base': '/home/davicito/Roboticos_Insanos/proyecto_ws/build/robot_bringup', 'catkin_cmake_args': None, 'catkin_skip_building_tests': False, 'cmake_args': None, 'cmake_clean_cache': False, 'cmake_clean_first': False, 'cmake_force_configure': False, 'cmake_target': None, 'cmake_target_skip_unavailable': False, 'install_base': '/home/davicito/Roboticos_Insanos/proyecto_ws/install/robot_bringup', 'merge_install': False, 'path': '/home/davicito/Roboticos_Insanos/proyecto_ws/src/robot_bringup', 'symlink_install': True, 'test_result_base': None}
[0.349s] Level 5:colcon.colcon_core.verb:set package 'robot_description' build argument 'cmake_args' from command line to 'None'
[0.349s] Level 5:colcon.colcon_core.verb:set package 'robot_description' build argument 'cmake_target' from command line to 'None'
[0.349s] Level 5:colcon.colcon_core.verb:set package 'robot_description' build argument 'cmake_target_skip_unavailable' from command line to 'False'
[0.349s] Level 5:colcon.colcon_core.verb:set package 'robot_description' build argument 'cmake_clean_cache' from command line to 'False'
[0.349s] Level 5:colcon.colcon_core.verb:set package 'robot_description' build argument 'cmake_clean_first' from command line to 'False'
[0.349s] Level 5:colcon.colcon_core.verb:set package 'robot_description' build argument 'cmake_force_configure' from command line to 'False'
[0.349s] Level 5:colcon.colcon_core.verb:set package 'robot_description' build argument 'ament_cmake_args' from command line to 'None'
[0.349s] Level 5:colcon.colcon_core.verb:set package 'robot_description' build argument 'catkin_cmake_args' from command line to 'None'
[0.349s] Level 5:colcon.colcon_core.verb:set package 'robot_description' build argument 'catkin_skip_building_tests' from command line to 'False'
[0.349s] DEBUG:colcon.colcon_core.verb:Building package 'robot_description' with the following arguments: {'ament_cmake_args': None, 'build_base': '/home/davicito/Roboticos_Insanos/proyecto_ws/build/robot_description', 'catkin_cmake_args': None, 'catkin_skip_building_tests': False, 'cmake_args': None, 'cmake_clean_cache': False, 'cmake_clean_first': False, 'cmake_force_configure': False, 'cmake_target': None, 'cmake_target_skip_unavailable': False, 'install_base': '/home/davicito/Roboticos_Insanos/proyecto_ws/install/robot_description', 'merge_install': False, 'path': '/home/davicito/Roboticos_Insanos/proyecto_ws/src/robot_description', 'symlink_install': True, 'test_result_base': None}
[0.349s] Level 5:colcon.colcon_core.verb:set package 'robot_hardware' build argument 'cmake_args' from command line to 'None'
[0.350s] Level 5:colcon.colcon_core.verb:set package 'robot_hardware' build argument 'cmake_target' from command line to 'None'
[0.350s] Level 5:colcon.colcon_core.verb:set package 'robot_hardware' build argument 'cmake_target_skip_unavailable' from command line to 'False'
[0.350s] Level 5:colcon.colcon_core.verb:set package 'robot_hardware' build argument 'cmake_clean_cache' from command line to 'False'
[0.350s] Level 5:colcon.colcon_core.verb:set package 'robot_hardware' build argument 'cmake_clean_first' from command line to 'False'
[0.350s] Level 5:colcon.colcon_core.verb:set package 'robot_hardware' build argument 'cmake_force_configure' from command line to 'False'
[0.350s] Level 5:colcon.colcon_core.verb:set package 'robot_hardware' build argument 'ament_cmake_args' from command line to 'None'
[0.350s] Level 5:colcon.colcon_core.verb:set package 'robot_hardware' build argument 'catkin_cmake_args' from command line to 'None'
[0.350s] Level 5:colcon.colcon_core.verb:set package 'robot_hardware' build argument 'catkin_skip_building_tests' from command line to 'False'
[0.350s] DEBUG:colcon.colcon_core.verb:Building package 'robot_hardware' with the following arguments: {'ament_cmake_args': None, 'build_base': '/home/davicito/Roboticos_Insanos/proyecto_ws/build/robot_hardware', 'catkin_cmake_args': None, 'catkin_skip_building_tests': False, 'cmake_args': None, 'cmake_clean_cache': False, 'cmake_clean_first': False, 'cmake_force_configure': False, 'cmake_target': None, 'cmake_target_skip_unavailable': False, 'install_base': '/home/davicito/Roboticos_Insanos/proyecto_ws/install/robot_hardware', 'merge_install': False, 'path': '/home/davicito/Roboticos_Insanos/proyecto_ws/src/robot_hardware', 'symlink_install': True, 'test_result_base': None}
[0.350s] Level 5:colcon.colcon_core.verb:set package 'robot_kinematics' build argument 'cmake_args' from command line to 'None'
[0.350s] Level 5:colcon.colcon_core.verb:set package 'robot_kinematics' build argument 'cmake_target' from command line to 'None'
[0.350s] Level 5:colcon.colcon_core.verb:set package 'robot_kinematics' build argument 'cmake_target_skip_unavailable' from command line to 'False'
[0.350s] Level 5:colcon.colcon_core.verb:set package 'robot_kinematics' build argument 'cmake_clean_cache' from command line to 'False'
[0.350s] Level 5:colcon.colcon_core.verb:set package 'robot_kinematics' build argument 'cmake_clean_first' from command line to 'False'
[0.350s] Level 5:colcon.colcon_core.verb:set package 'robot_kinematics' build argument 'cmake_force_configure' from command line to 'False'
[0.350s] Level 5:colcon.colcon_core.verb:set package 'robot_kinematics' build argument 'ament_cmake_args' from command line to 'None'
[0.350s] Level 5:colcon.colcon_core.verb:set package 'robot_kinematics' build argument 'catkin_cmake_args' from command line to 'None'
[0.350s] Level 5:colcon.colcon_core.verb:set package 'robot_kinematics' build argument 'catkin_skip_building_tests' from command line to 'False'
[0.350s] DEBUG:colcon.colcon_core.verb:Building package 'robot_kinematics' with the following arguments: {'ament_cmake_args': None, 'build_base': '/home/davicito/Roboticos_Insanos/proyecto_ws/build/robot_kinematics', 'catkin_cmake_args': None, 'catkin_skip_building_tests': False, 'cmake_args': None, 'cmake_clean_cache': False, 'cmake_clean_first': False, 'cmake_force_configure': False, 'cmake_target': None, 'cmake_target_skip_unavailable': False, 'install_base': '/home/davicito/Roboticos_Insanos/proyecto_ws/install/robot_kinematics', 'merge_install': False, 'path': '/home/davicito/Roboticos_Insanos/proyecto_ws/src/robot_kinematics', 'symlink_install': True, 'test_result_base': None}
[0.350s] INFO:colcon.colcon_core.executor:Executing jobs using 'parallel' executor
[0.351s] DEBUG:colcon.colcon_parallel_executor.executor.parallel:run_until_complete
[0.351s] INFO:colcon.colcon_ros.task.ament_python.build:Building ROS package in '/home/davicito/Roboticos_Insanos/proyecto_ws/src/robot_bringup' with build type 'ament_python'
[0.351s] Level 1:colcon.colcon_core.shell:create_environment_hook('robot_bringup', 'ament_prefix_path')
[0.359s] INFO:colcon.colcon_core.plugin_system:Skipping extension 'colcon_core.shell.bat': Not used on non-Windows systems
[0.359s] INFO:colcon.colcon_core.shell:Creating environment hook '/home/davicito/Roboticos_Insanos/proyecto_ws/install/robot_bringup/share/robot_bringup/hook/ament_prefix_path.ps1'
[0.360s] INFO:colcon.colcon_core.shell:Creating environment descriptor '/home/davicito/Roboticos_Insanos/proyecto_ws/install/robot_bringup/share/robot_bringup/hook/ament_prefix_path.dsv'
[0.393s] INFO:colcon.colcon_core.shell:Creating environment hook '/home/davicito/Roboticos_Insanos/proyecto_ws/install/robot_bringup/share/robot_bringup/hook/ament_prefix_path.sh'
[0.426s] INFO:colcon.colcon_core.shell:Skip shell extension 'powershell' for command environment: Not usable outside of PowerShell
[0.426s] DEBUG:colcon.colcon_core.shell:Skip shell extension 'dsv' for command environment
[0.459s] INFO:colcon.colcon_ros.task.ament_python.build:Building ROS package in '/home/davicito/Roboticos_Insanos/proyecto_ws/src/robot_description' with build type 'ament_python'
[0.459s] Level 1:colcon.colcon_core.shell:create_environment_hook('robot_description', 'ament_prefix_path')
[0.459s] INFO:colcon.colcon_core.shell:Creating environment hook '/home/davicito/Roboticos_Insanos/proyecto_ws/install/robot_description/share/robot_description/hook/ament_prefix_path.ps1'
[0.460s] INFO:colcon.colcon_core.shell:Creating environment descriptor '/home/davicito/Roboticos_Insanos/proyecto_ws/install/robot_description/share/robot_description/hook/ament_prefix_path.dsv'
[0.460s] INFO:colcon.colcon_core.shell:Creating environment hook '/home/davicito/Roboticos_Insanos/proyecto_ws/install/robot_description/share/robot_description/hook/ament_prefix_path.sh'
[0.461s] INFO:colcon.colcon_core.shell:Skip shell extension 'powershell' for command environment: Not usable outside of PowerShell
[0.461s] DEBUG:colcon.colcon_core.shell:Skip shell extension 'dsv' for command environment
[0.463s] INFO:colcon.colcon_ros.task.ament_python.build:Building ROS package in '/home/davicito/Roboticos_Insanos/proyecto_ws/src/robot_hardware' with build type 'ament_python'
[0.463s] Level 1:colcon.colcon_core.shell:create_environment_hook('robot_hardware', 'ament_prefix_path')
[0.463s] INFO:colcon.colcon_core.shell:Creating environment hook '/home/davicito/Roboticos_Insanos/proyecto_ws/install/robot_hardware/share/robot_hardware/hook/ament_prefix_path.ps1'
[0.464s] INFO:colcon.colcon_core.shell:Creating environment descriptor '/home/davicito/Roboticos_Insanos/proyecto_ws/install/robot_hardware/share/robot_hardware/hook/ament_prefix_path.dsv'
[0.464s] INFO:colcon.colcon_core.shell:Creating environment hook '/home/davicito/Roboticos_Insanos/proyecto_ws/install/robot_hardware/share/robot_hardware/hook/ament_prefix_path.sh'
[0.464s] INFO:colcon.colcon_core.shell:Skip shell extension 'powershell' for command environment: Not usable outside of PowerShell
[0.464s] DEBUG:colcon.colcon_core.shell:Skip shell extension 'dsv' for command environment
[0.467s] INFO:colcon.colcon_ros.task.ament_python.build:Building ROS package in '/home/davicito/Roboticos_Insanos/proyecto_ws/src/robot_kinematics' with build type 'ament_python'
[0.467s] Level 1:colcon.colcon_core.shell:create_environment_hook('robot_kinematics', 'ament_prefix_path')
[0.467s] INFO:colcon.colcon_core.shell:Creating environment hook '/home/davicito/Roboticos_Insanos/proyecto_ws/install/robot_kinematics/share/robot_kinematics/hook/ament_prefix_path.ps1'
[0.467s] INFO:colcon.colcon_core.shell:Creating environment descriptor '/home/davicito/Roboticos_Insanos/proyecto_ws/install/robot_kinematics/share/robot_kinematics/hook/ament_prefix_path.dsv'
[0.468s] INFO:colcon.colcon_core.shell:Creating environment hook '/home/davicito/Roboticos_Insanos/proyecto_ws/install/robot_kinematics/share/robot_kinematics/hook/ament_prefix_path.sh'
[0.468s] INFO:colcon.colcon_core.shell:Skip shell extension 'powershell' for command environment: Not usable outside of PowerShell
[0.468s] DEBUG:colcon.colcon_core.shell:Skip shell extension 'dsv' for command environment
[0.918s] INFO:colcon.colcon_core.task.python.build:Building Python package in '/home/davicito/Roboticos_Insanos/proyecto_ws/src/robot_bringup'
[0.919s] INFO:colcon.colcon_core.shell:Skip shell extension 'powershell' for command environment: Not usable outside of PowerShell
[0.919s] DEBUG:colcon.colcon_core.shell:Skip shell extension 'dsv' for command environment
[1.116s] INFO:colcon.colcon_core.task.python.build:Building Python package in '/home/davicito/Roboticos_Insanos/proyecto_ws/src/robot_description'
[1.116s] INFO:colcon.colcon_core.shell:Skip shell extension 'powershell' for command environment: Not usable outside of PowerShell
[1.116s] DEBUG:colcon.colcon_core.shell:Skip shell extension 'dsv' for command environment
[1.310s] INFO:colcon.colcon_core.task.python.build:Building Python package in '/home/davicito/Roboticos_Insanos/proyecto_ws/src/robot_hardware'
[1.311s] INFO:colcon.colcon_core.shell:Skip shell extension 'powershell' for command environment: Not usable outside of PowerShell
[1.311s] DEBUG:colcon.colcon_core.shell:Skip shell extension 'dsv' for command environment
[1.503s] INFO:colcon.colcon_core.task.python.build:Building Python package in '/home/davicito/Roboticos_Insanos/proyecto_ws/src/robot_kinematics'
[1.503s] INFO:colcon.colcon_core.shell:Skip shell extension 'powershell' for command environment: Not usable outside of PowerShell
[1.503s] DEBUG:colcon.colcon_core.shell:Skip shell extension 'dsv' for command environment
[2.927s] DEBUG:colcon.colcon_core.event_handler.log_command:Invoking command in '/home/davicito/Roboticos_Insanos/proyecto_ws/build/robot_hardware': DEBUGINFOD_URLS=https://debuginfod.ubuntu.com PYTHONPATH=/home/davicito/Roboticos_Insanos/proyecto_ws/build/robot_hardware/prefix_override:/usr/lib/python3/dist-packages/colcon_core/task/python/colcon_distutils_commands:/home/davicito/Roboticos_Insanos/proyecto_ws/install/robot_hardware/lib/python3.12/site-packages:${PYTHONPATH} /usr/bin/python3 -W ignore:setup.py install is deprecated -W ignore:easy_install command is deprecated setup.py develop --editable --build-directory /home/davicito/Roboticos_Insanos/proyecto_ws/build/robot_hardware/build --no-deps symlink_data
[2.933s] DEBUG:colcon.colcon_core.event_handler.log_command:Invoking command in '/home/davicito/Roboticos_Insanos/proyecto_ws/build/robot_bringup': DEBUGINFOD_URLS=https://debuginfod.ubuntu.com PYTHONPATH=/home/davicito/Roboticos_Insanos/proyecto_ws/build/robot_bringup/prefix_override:/usr/lib/python3/dist-packages/colcon_core/task/python/colcon_distutils_commands:/home/davicito/Roboticos_Insanos/proyecto_ws/install/robot_bringup/lib/python3.12/site-packages:${PYTHONPATH} /usr/bin/python3 -W ignore:setup.py install is deprecated -W ignore:easy_install command is deprecated setup.py develop --editable --build-directory /home/davicito/Roboticos_Insanos/proyecto_ws/build/robot_bringup/build --no-deps symlink_data
[2.946s] DEBUG:colcon.colcon_core.event_handler.log_command:Invoking command in '/home/davicito/Roboticos_Insanos/proyecto_ws/build/robot_kinematics': DEBUGINFOD_URLS=https://debuginfod.ubuntu.com PYTHONPATH=/home/davicito/Roboticos_Insanos/proyecto_ws/build/robot_kinematics/prefix_override:/usr/lib/python3/dist-packages/colcon_core/task/python/colcon_distutils_commands:/home/davicito/Roboticos_Insanos/proyecto_ws/install/robot_kinematics/lib/python3.12/site-packages:${PYTHONPATH} /usr/bin/python3 -W ignore:setup.py install is deprecated -W ignore:easy_install command is deprecated setup.py develop --editable --build-directory /home/davicito/Roboticos_Insanos/proyecto_ws/build/robot_kinematics/build --no-deps symlink_data
[2.949s] DEBUG:colcon.colcon_core.event_handler.log_command:Invoking command in '/home/davicito/Roboticos_Insanos/proyecto_ws/build/robot_description': DEBUGINFOD_URLS=https://debuginfod.ubuntu.com PYTHONPATH=/home/davicito/Roboticos_Insanos/proyecto_ws/build/robot_description/prefix_override:/usr/lib/python3/dist-packages/colcon_core/task/python/colcon_distutils_commands:/home/davicito/Roboticos_Insanos/proyecto_ws/install/robot_description/lib/python3.12/site-packages:${PYTHONPATH} /usr/bin/python3 -W ignore:setup.py install is deprecated -W ignore:easy_install command is deprecated setup.py develop --editable --build-directory /home/davicito/Roboticos_Insanos/proyecto_ws/build/robot_description/build --no-deps symlink_data
[4.265s] Level 1:colcon.colcon_core.shell:create_environment_hook('robot_bringup', 'pythonpath_develop')
[4.266s] INFO:colcon.colcon_core.shell:Creating environment hook '/home/davicito/Roboticos_Insanos/proyecto_ws/build/robot_bringup/share/robot_bringup/hook/pythonpath_develop.ps1'
[4.267s] DEBUG:colcon.colcon_core.event_handler.log_command:Invoked command in '/home/davicito/Roboticos_Insanos/proyecto_ws/build/robot_bringup' returned '0': DEBUGINFOD_URLS=https://debuginfod.ubuntu.com PYTHONPATH=/home/davicito/Roboticos_Insanos/proyecto_ws/build/robot_bringup/prefix_override:/usr/lib/python3/dist-packages/colcon_core/task/python/colcon_distutils_commands:/home/davicito/Roboticos_Insanos/proyecto_ws/install/robot_bringup/lib/python3.12/site-packages:${PYTHONPATH} /usr/bin/python3 -W ignore:setup.py install is deprecated -W ignore:easy_install command is deprecated setup.py develop --editable --build-directory /home/davicito/Roboticos_Insanos/proyecto_ws/build/robot_bringup/build --no-deps symlink_data
[4.334s] INFO:colcon.colcon_core.shell:Creating environment descriptor '/home/davicito/Roboticos_Insanos/proyecto_ws/build/robot_bringup/share/robot_bringup/hook/pythonpath_develop.dsv'
[4.369s] INFO:colcon.colcon_core.shell:Creating environment hook '/home/davicito/Roboticos_Insanos/proyecto_ws/build/robot_bringup/share/robot_bringup/hook/pythonpath_develop.sh'
[4.399s] Level 1:colcon.colcon_core.environment:checking '/home/davicito/Roboticos_Insanos/proyecto_ws/install/robot_bringup' for CMake module files
[4.399s] Level 1:colcon.colcon_core.environment:checking '/home/davicito/Roboticos_Insanos/proyecto_ws/install/robot_bringup' for CMake config files
[4.406s] Level 1:colcon.colcon_core.environment:checking '/home/davicito/Roboticos_Insanos/proyecto_ws/install/robot_bringup/lib'
[4.406s] Level 1:colcon.colcon_core.environment:checking '/home/davicito/Roboticos_Insanos/proyecto_ws/install/robot_bringup/bin'
[4.406s] Level 1:colcon.colcon_core.environment:checking '/home/davicito/Roboticos_Insanos/proyecto_ws/install/robot_bringup/lib/pkgconfig/robot_bringup.pc'
[4.406s] Level 1:colcon.colcon_core.environment:checking '/home/davicito/Roboticos_Insanos/proyecto_ws/install/robot_bringup/lib/python3.12/site-packages'
[4.406s] Level 1:colcon.colcon_core.shell:create_environment_hook('robot_bringup', 'pythonpath')
[4.407s] INFO:colcon.colcon_core.shell:Creating environment hook '/home/davicito/Roboticos_Insanos/proyecto_ws/install/robot_bringup/share/robot_bringup/hook/pythonpath.ps1'
[4.407s] INFO:colcon.colcon_core.shell:Creating environment descriptor '/home/davicito/Roboticos_Insanos/proyecto_ws/install/robot_bringup/share/robot_bringup/hook/pythonpath.dsv'
[4.441s] INFO:colcon.colcon_core.shell:Creating environment hook '/home/davicito/Roboticos_Insanos/proyecto_ws/install/robot_bringup/share/robot_bringup/hook/pythonpath.sh'
[4.474s] Level 1:colcon.colcon_core.environment:checking '/home/davicito/Roboticos_Insanos/proyecto_ws/install/robot_bringup/bin'
[4.475s] Level 1:colcon.colcon_core.environment:create_environment_scripts_only(robot_bringup)
[4.475s] INFO:colcon.colcon_core.shell:Creating package script '/home/davicito/Roboticos_Insanos/proyecto_ws/install/robot_bringup/share/robot_bringup/package.ps1'
[4.510s] INFO:colcon.colcon_core.shell:Creating package descriptor '/home/davicito/Roboticos_Insanos/proyecto_ws/install/robot_bringup/share/robot_bringup/package.dsv'
[4.516s] INFO:colcon.colcon_core.shell:Creating package script '/home/davicito/Roboticos_Insanos/proyecto_ws/install/robot_bringup/share/robot_bringup/package.sh'
[4.520s] INFO:colcon.colcon_core.shell:Creating package script '/home/davicito/Roboticos_Insanos/proyecto_ws/install/robot_bringup/share/robot_bringup/package.bash'
[4.526s] INFO:colcon.colcon_core.shell:Creating package script '/home/davicito/Roboticos_Insanos/proyecto_ws/install/robot_bringup/share/robot_bringup/package.zsh'
[4.531s] Level 1:colcon.colcon_core.environment:create_file_with_runtime_dependencies(/home/davicito/Roboticos_Insanos/proyecto_ws/install/robot_bringup/share/colcon-core/packages/robot_bringup)
[4.533s] Level 1:colcon.colcon_core.shell:create_environment_hook('robot_kinematics', 'pythonpath_develop')
[4.533s] INFO:colcon.colcon_core.shell:Creating environment hook '/home/davicito/Roboticos_Insanos/proyecto_ws/build/robot_kinematics/share/robot_kinematics/hook/pythonpath_develop.ps1'
[4.534s] DEBUG:colcon.colcon_core.event_handler.log_command:Invoked command in '/home/davicito/Roboticos_Insanos/proyecto_ws/build/robot_kinematics' returned '0': DEBUGINFOD_URLS=https://debuginfod.ubuntu.com PYTHONPATH=/home/davicito/Roboticos_Insanos/proyecto_ws/build/robot_kinematics/prefix_override:/usr/lib/python3/dist-packages/colcon_core/task/python/colcon_distutils_commands:/home/davicito/Roboticos_Insanos/proyecto_ws/install/robot_kinematics/lib/python3.12/site-packages:${PYTHONPATH} /usr/bin/python3 -W ignore:setup.py install is deprecated -W ignore:easy_install command is deprecated setup.py develop --editable --build-directory /home/davicito/Roboticos_Insanos/proyecto_ws/build/robot_kinematics/build --no-deps symlink_data
[4.567s] INFO:colcon.colcon_core.shell:Creating environment descriptor '/home/davicito/Roboticos_Insanos/proyecto_ws/build/robot_kinematics/share/robot_kinematics/hook/pythonpath_develop.dsv'
[4.600s] INFO:colcon.colcon_core.shell:Creating environment hook '/home/davicito/Roboticos_Insanos/proyecto_ws/build/robot_kinematics/share/robot_kinematics/hook/pythonpath_develop.sh'
[4.602s] Level 1:colcon.colcon_core.environment:checking '/home/davicito/Roboticos_Insanos/proyecto_ws/install/robot_kinematics' for CMake module files
[4.603s] Level 1:colcon.colcon_core.environment:checking '/home/davicito/Roboticos_Insanos/proyecto_ws/install/robot_kinematics' for CMake config files
[4.607s] Level 1:colcon.colcon_core.environment:checking '/home/davicito/Roboticos_Insanos/proyecto_ws/install/robot_kinematics/lib'
[4.607s] Level 1:colcon.colcon_core.environment:checking '/home/davicito/Roboticos_Insanos/proyecto_ws/install/robot_kinematics/bin'
[4.607s] Level 1:colcon.colcon_core.environment:checking '/home/davicito/Roboticos_Insanos/proyecto_ws/install/robot_kinematics/lib/pkgconfig/robot_kinematics.pc'
[4.607s] Level 1:colcon.colcon_core.environment:checking '/home/davicito/Roboticos_Insanos/proyecto_ws/install/robot_kinematics/lib/python3.12/site-packages'
[4.608s] Level 1:colcon.colcon_core.shell:create_environment_hook('robot_kinematics', 'pythonpath')
[4.608s] INFO:colcon.colcon_core.shell:Creating environment hook '/home/davicito/Roboticos_Insanos/proyecto_ws/install/robot_kinematics/share/robot_kinematics/hook/pythonpath.ps1'
[4.608s] INFO:colcon.colcon_core.shell:Creating environment descriptor '/home/davicito/Roboticos_Insanos/proyecto_ws/install/robot_kinematics/share/robot_kinematics/hook/pythonpath.dsv'
[4.609s] INFO:colcon.colcon_core.shell:Creating environment hook '/home/davicito/Roboticos_Insanos/proyecto_ws/install/robot_kinematics/share/robot_kinematics/hook/pythonpath.sh'
[4.609s] Level 1:colcon.colcon_core.environment:checking '/home/davicito/Roboticos_Insanos/proyecto_ws/install/robot_kinematics/bin'
[4.610s] Level 1:colcon.colcon_core.environment:create_environment_scripts_only(robot_kinematics)
[4.610s] INFO:colcon.colcon_core.shell:Creating package script '/home/davicito/Roboticos_Insanos/proyecto_ws/install/robot_kinematics/share/robot_kinematics/package.ps1'
[4.610s] INFO:colcon.colcon_core.shell:Creating package descriptor '/home/davicito/Roboticos_Insanos/proyecto_ws/install/robot_kinematics/share/robot_kinematics/package.dsv'
[4.611s] INFO:colcon.colcon_core.shell:Creating package script '/home/davicito/Roboticos_Insanos/proyecto_ws/install/robot_kinematics/share/robot_kinematics/package.sh'
[4.611s] INFO:colcon.colcon_core.shell:Creating package script '/home/davicito/Roboticos_Insanos/proyecto_ws/install/robot_kinematics/share/robot_kinematics/package.bash'
[4.611s] INFO:colcon.colcon_core.shell:Creating package script '/home/davicito/Roboticos_Insanos/proyecto_ws/install/robot_kinematics/share/robot_kinematics/package.zsh'
[4.612s] Level 1:colcon.colcon_core.environment:create_file_with_runtime_dependencies(/home/davicito/Roboticos_Insanos/proyecto_ws/install/robot_kinematics/share/colcon-core/packages/robot_kinematics)
[4.612s] Level 1:colcon.colcon_core.shell:create_environment_hook('robot_hardware', 'pythonpath_develop')
[4.612s] INFO:colcon.colcon_core.shell:Creating environment hook '/home/davicito/Roboticos_Insanos/proyecto_ws/build/robot_hardware/share/robot_hardware/hook/pythonpath_develop.ps1'
[4.613s] INFO:colcon.colcon_core.shell:Creating environment descriptor '/home/davicito/Roboticos_Insanos/proyecto_ws/build/robot_hardware/share/robot_hardware/hook/pythonpath_develop.dsv'
[4.613s] DEBUG:colcon.colcon_core.event_handler.log_command:Invoked command in '/home/davicito/Roboticos_Insanos/proyecto_ws/build/robot_hardware' returned '0': DEBUGINFOD_URLS=https://debuginfod.ubuntu.com PYTHONPATH=/home/davicito/Roboticos_Insanos/proyecto_ws/build/robot_hardware/prefix_override:/usr/lib/python3/dist-packages/colcon_core/task/python/colcon_distutils_commands:/home/davicito/Roboticos_Insanos/proyecto_ws/install/robot_hardware/lib/python3.12/site-packages:${PYTHONPATH} /usr/bin/python3 -W ignore:setup.py install is deprecated -W ignore:easy_install command is deprecated setup.py develop --editable --build-directory /home/davicito/Roboticos_Insanos/proyecto_ws/build/robot_hardware/build --no-deps symlink_data
[4.648s] INFO:colcon.colcon_core.shell:Creating environment hook '/home/davicito/Roboticos_Insanos/proyecto_ws/build/robot_hardware/share/robot_hardware/hook/pythonpath_develop.sh'
[4.650s] Level 1:colcon.colcon_core.environment:checking '/home/davicito/Roboticos_Insanos/proyecto_ws/install/robot_hardware' for CMake module files
[4.650s] Level 1:colcon.colcon_core.environment:checking '/home/davicito/Roboticos_Insanos/proyecto_ws/install/robot_hardware' for CMake config files
[4.655s] Level 1:colcon.colcon_core.environment:checking '/home/davicito/Roboticos_Insanos/proyecto_ws/install/robot_hardware/lib'
[4.656s] Level 1:colcon.colcon_core.environment:checking '/home/davicito/Roboticos_Insanos/proyecto_ws/install/robot_hardware/bin'
[4.656s] Level 1:colcon.colcon_core.environment:checking '/home/davicito/Roboticos_Insanos/proyecto_ws/install/robot_hardware/lib/pkgconfig/robot_hardware.pc'
[4.656s] Level 1:colcon.colcon_core.environment:checking '/home/davicito/Roboticos_Insanos/proyecto_ws/install/robot_hardware/lib/python3.12/site-packages'
[4.656s] Level 1:colcon.colcon_core.shell:create_environment_hook('robot_hardware', 'pythonpath')
[4.656s] INFO:colcon.colcon_core.shell:Creating environment hook '/home/davicito/Roboticos_Insanos/proyecto_ws/install/robot_hardware/share/robot_hardware/hook/pythonpath.ps1'
[4.656s] INFO:colcon.colcon_core.shell:Creating environment descriptor '/home/davicito/Roboticos_Insanos/proyecto_ws/install/robot_hardware/share/robot_hardware/hook/pythonpath.dsv'
[4.657s] INFO:colcon.colcon_core.shell:Creating environment hook '/home/davicito/Roboticos_Insanos/proyecto_ws/install/robot_hardware/share/robot_hardware/hook/pythonpath.sh'
[4.657s] Level 1:colcon.colcon_core.environment:checking '/home/davicito/Roboticos_Insanos/proyecto_ws/install/robot_hardware/bin'
[4.658s] Level 1:colcon.colcon_core.environment:create_environment_scripts_only(robot_hardware)
[4.658s] INFO:colcon.colcon_core.shell:Creating package script '/home/davicito/Roboticos_Insanos/proyecto_ws/install/robot_hardware/share/robot_hardware/package.ps1'
[4.658s] INFO:colcon.colcon_core.shell:Creating package descriptor '/home/davicito/Roboticos_Insanos/proyecto_ws/install/robot_hardware/share/robot_hardware/package.dsv'
[4.659s] INFO:colcon.colcon_core.shell:Creating package script '/home/davicito/Roboticos_Insanos/proyecto_ws/install/robot_hardware/share/robot_hardware/package.sh'
[4.659s] INFO:colcon.colcon_core.shell:Creating package script '/home/davicito/Roboticos_Insanos/proyecto_ws/install/robot_hardware/share/robot_hardware/package.bash'
[4.659s] INFO:colcon.colcon_core.shell:Creating package script '/home/davicito/Roboticos_Insanos/proyecto_ws/install/robot_hardware/share/robot_hardware/package.zsh'
[4.660s] Level 1:colcon.colcon_core.environment:create_file_with_runtime_dependencies(/home/davicito/Roboticos_Insanos/proyecto_ws/install/robot_hardware/share/colcon-core/packages/robot_hardware)
[4.660s] Level 1:colcon.colcon_core.shell:create_environment_hook('robot_description', 'pythonpath_develop')
[4.660s] INFO:colcon.colcon_core.shell:Creating environment hook '/home/davicito/Roboticos_Insanos/proyecto_ws/build/robot_description/share/robot_description/hook/pythonpath_develop.ps1'
[4.661s] INFO:colcon.colcon_core.shell:Creating environment descriptor '/home/davicito/Roboticos_Insanos/proyecto_ws/build/robot_description/share/robot_description/hook/pythonpath_develop.dsv'
[4.661s] INFO:colcon.colcon_core.shell:Creating environment hook '/home/davicito/Roboticos_Insanos/proyecto_ws/build/robot_description/share/robot_description/hook/pythonpath_develop.sh'
[4.662s] DEBUG:colcon.colcon_core.event_handler.log_command:Invoked command in '/home/davicito/Roboticos_Insanos/proyecto_ws/build/robot_description' returned '0': DEBUGINFOD_URLS=https://debuginfod.ubuntu.com PYTHONPATH=/home/davicito/Roboticos_Insanos/proyecto_ws/build/robot_description/prefix_override:/usr/lib/python3/dist-packages/colcon_core/task/python/colcon_distutils_commands:/home/davicito/Roboticos_Insanos/proyecto_ws/install/robot_description/lib/python3.12/site-packages:${PYTHONPATH} /usr/bin/python3 -W ignore:setup.py install is deprecated -W ignore:easy_install command is deprecated setup.py develop --editable --build-directory /home/davicito/Roboticos_Insanos/proyecto_ws/build/robot_description/build --no-deps symlink_data
[4.697s] Level 1:colcon.colcon_core.environment:checking '/home/davicito/Roboticos_Insanos/proyecto_ws/install/robot_description' for CMake module files
[4.700s] Level 1:colcon.colcon_core.environment:checking '/home/davicito/Roboticos_Insanos/proyecto_ws/install/robot_description' for CMake config files
[4.709s] Level 1:colcon.colcon_core.environment:checking '/home/davicito/Roboticos_Insanos/proyecto_ws/install/robot_description/lib'
[4.709s] Level 1:colcon.colcon_core.environment:checking '/home/davicito/Roboticos_Insanos/proyecto_ws/install/robot_description/bin'
[4.709s] Level 1:colcon.colcon_core.environment:checking '/home/davicito/Roboticos_Insanos/proyecto_ws/install/robot_description/lib/pkgconfig/robot_description.pc'
[4.709s] Level 1:colcon.colcon_core.environment:checking '/home/davicito/Roboticos_Insanos/proyecto_ws/install/robot_description/lib/python3.12/site-packages'
[4.709s] Level 1:colcon.colcon_core.shell:create_environment_hook('robot_description', 'pythonpath')
[4.710s] INFO:colcon.colcon_core.shell:Creating environment hook '/home/davicito/Roboticos_Insanos/proyecto_ws/install/robot_description/share/robot_description/hook/pythonpath.ps1'
[4.710s] INFO:colcon.colcon_core.shell:Creating environment descriptor '/home/davicito/Roboticos_Insanos/proyecto_ws/install/robot_description/share/robot_description/hook/pythonpath.dsv'
[4.711s] INFO:colcon.colcon_core.shell:Creating environment hook '/home/davicito/Roboticos_Insanos/proyecto_ws/install/robot_description/share/robot_description/hook/pythonpath.sh'
[4.711s] Level 1:colcon.colcon_core.environment:checking '/home/davicito/Roboticos_Insanos/proyecto_ws/install/robot_description/bin'
[4.711s] Level 1:colcon.colcon_core.environment:create_environment_scripts_only(robot_description)
[4.711s] INFO:colcon.colcon_core.shell:Creating package script '/home/davicito/Roboticos_Insanos/proyecto_ws/install/robot_description/share/robot_description/package.ps1'
[4.712s] INFO:colcon.colcon_core.shell:Creating package descriptor '/home/davicito/Roboticos_Insanos/proyecto_ws/install/robot_description/share/robot_description/package.dsv'
[4.712s] INFO:colcon.colcon_core.shell:Creating package script '/home/davicito/Roboticos_Insanos/proyecto_ws/install/robot_description/share/robot_description/package.sh'
[4.713s] INFO:colcon.colcon_core.shell:Creating package script '/home/davicito/Roboticos_Insanos/proyecto_ws/install/robot_description/share/robot_description/package.bash'
[4.713s] INFO:colcon.colcon_core.shell:Creating package script '/home/davicito/Roboticos_Insanos/proyecto_ws/install/robot_description/share/robot_description/package.zsh'
[4.713s] Level 1:colcon.colcon_core.environment:create_file_with_runtime_dependencies(/home/davicito/Roboticos_Insanos/proyecto_ws/install/robot_description/share/colcon-core/packages/robot_description)
[4.714s] DEBUG:colcon.colcon_parallel_executor.executor.parallel:closing loop
[4.714s] DEBUG:colcon.colcon_parallel_executor.executor.parallel:loop closed
[4.714s] DEBUG:colcon.colcon_parallel_executor.executor.parallel:run_until_complete finished with '0'
[4.714s] DEBUG:colcon.colcon_core.event_reactor:joining thread
[4.766s] INFO:colcon.colcon_core.plugin_system:Skipping extension 'colcon_notification.desktop_notification.terminal_notifier': Not used on non-Darwin systems
[4.766s] INFO:colcon.colcon_core.plugin_system:Skipping extension 'colcon_notification.desktop_notification.win32': Not used on non-Windows systems
[4.766s] INFO:colcon.colcon_notification.desktop_notification:Sending desktop notification using 'notify2'
[4.778s] DEBUG:colcon.colcon_core.event_reactor:joined thread
[4.779s] INFO:colcon.colcon_core.shell:Creating prefix script '/home/davicito/Roboticos_Insanos/proyecto_ws/install/local_setup.ps1'
[4.781s] INFO:colcon.colcon_core.shell:Creating prefix util module '/home/davicito/Roboticos_Insanos/proyecto_ws/install/_local_setup_util_ps1.py'
[4.786s] INFO:colcon.colcon_core.shell:Creating prefix chain script '/home/davicito/Roboticos_Insanos/proyecto_ws/install/setup.ps1'
[4.798s] INFO:colcon.colcon_core.shell:Creating prefix script '/home/davicito/Roboticos_Insanos/proyecto_ws/install/local_setup.sh'
[4.841s] INFO:colcon.colcon_core.shell:Creating prefix util module '/home/davicito/Roboticos_Insanos/proyecto_ws/install/_local_setup_util_sh.py'
[4.842s] INFO:colcon.colcon_core.shell:Creating prefix chain script '/home/davicito/Roboticos_Insanos/proyecto_ws/install/setup.sh'
[4.854s] INFO:colcon.colcon_core.shell:Creating prefix script '/home/davicito/Roboticos_Insanos/proyecto_ws/install/local_setup.bash'
[4.891s] INFO:colcon.colcon_core.shell:Creating prefix chain script '/home/davicito/Roboticos_Insanos/proyecto_ws/install/setup.bash'
[4.928s] INFO:colcon.colcon_core.shell:Creating prefix script '/home/davicito/Roboticos_Insanos/proyecto_ws/install/local_setup.zsh'
[4.966s] INFO:colcon.colcon_core.shell:Creating prefix chain script '/home/davicito/Roboticos_Insanos/proyecto_ws/install/setup.zsh'
