[0.428s] DEBUG:colcon:Command line arguments: ['/usr/bin/colcon', 'build', '--symlink-install']
[0.428s] DEBUG:colcon:Parsed command line arguments: Namespace(log_base=None, log_level=None, verb_name='build', build_base='build', install_base='install', merge_install=False, symlink_install=True, test_result_base=None, continue_on_error=False, executor='parallel', parallel_workers=12, event_handlers=None, ignore_user_meta=False, metas=['./colcon.meta'], base_paths=['.'], packages_ignore=None, packages_ignore_regex=None, paths=None, packages_up_to=None, packages_up_to_regex=None, packages_above=None, packages_above_and_dependencies=None, packages_above_depth=None, packages_select_by_dep=None, packages_skip_by_dep=None, packages_skip_up_to=None, packages_select_build_failed=False, packages_skip_build_finished=False, packages_select_test_failures=False, packages_skip_test_passed=False, packages_select=None, packages_skip=None, packages_select_regex=None, packages_skip_regex=None, packages_start=None, packages_end=None, allow_overriding=[], cmake_args=None, cmake_target=None, cmake_target_skip_unavailable=False, cmake_clean_cache=False, cmake_clean_first=False, cmake_force_configure=False, ament_cmake_args=None, catkin_cmake_args=None, catkin_skip_building_tests=False, mixin_files=None, mixin=None, verb_parser=<colcon_mixin.mixin.mixin_argument.MixinArgumentDecorator object at 0x70c69f3d47d0>, verb_extension=<colcon_core.verb.build.BuildVerb object at 0x70c69f3a7ad0>, main=<bound method BuildVerb.main of <colcon_core.verb.build.BuildVerb object at 0x70c69f3a7ad0>>, mixin_verb=('build',))
[0.510s] Level 1:colcon.colcon_core.package_discovery:discover_packages(colcon_meta) check parameters
[0.510s] Level 1:colcon.colcon_core.package_discovery:discover_packages(recursive) check parameters
[0.510s] Level 1:colcon.colcon_core.package_discovery:discover_packages(ignore) check parameters
[0.510s] Level 1:colcon.colcon_core.package_discovery:discover_packages(path) check parameters
[0.510s] Level 1:colcon.colcon_core.package_discovery:discover_packages(colcon_meta) discover
[0.510s] Level 1:colcon.colcon_core.package_discovery:discover_packages(recursive) discover
[0.510s] INFO:colcon.colcon_core.package_discovery:Crawling recursively for packages in '/home/samuel_arteaga/Desktop/Roboticos_Insanos/proyecto_ws'
[0.511s] Level 1:colcon.colcon_core.package_identification:_identify(.) by extensions ['ignore', 'ignore_ament_install']
[0.511s] Level 1:colcon.colcon_core.package_identification:_identify(.) by extension 'ignore'
[0.511s] Level 1:colcon.colcon_core.package_identification:_identify(.) by extension 'ignore_ament_install'
[0.511s] Level 1:colcon.colcon_core.package_identification:_identify(.) by extensions ['colcon_pkg']
[0.511s] Level 1:colcon.colcon_core.package_identification:_identify(.) by extension 'colcon_pkg'
[0.511s] Level 1:colcon.colcon_core.package_identification:_identify(.) by extensions ['colcon_meta']
[0.511s] Level 1:colcon.colcon_core.package_identification:_identify(.) by extension 'colcon_meta'
[0.511s] Level 1:colcon.colcon_core.package_identification:_identify(.) by extensions ['ros']
[0.511s] Level 1:colcon.colcon_core.package_identification:_identify(.) by extension 'ros'
[0.543s] Level 1:colcon.colcon_core.package_identification:_identify(.) by extensions ['cmake', 'python']
[0.543s] Level 1:colcon.colcon_core.package_identification:_identify(.) by extension 'cmake'
[0.543s] Level 1:colcon.colcon_core.package_identification:_identify(.) by extension 'python'
[0.543s] Level 1:colcon.colcon_core.package_identification:_identify(.) by extensions ['python_setup_py']
[0.543s] Level 1:colcon.colcon_core.package_identification:_identify(.) by extension 'python_setup_py'
[0.543s] Level 1:colcon.colcon_core.package_identification:_identify(build) by extensions ['ignore', 'ignore_ament_install']
[0.544s] Level 1:colcon.colcon_core.package_identification:_identify(build) by extension 'ignore'
[0.544s] Level 1:colcon.colcon_core.package_identification:_identify(build) ignored
[0.544s] Level 1:colcon.colcon_core.package_identification:_identify(install) by extensions ['ignore', 'ignore_ament_install']
[0.544s] Level 1:colcon.colcon_core.package_identification:_identify(install) by extension 'ignore'
[0.544s] Level 1:colcon.colcon_core.package_identification:_identify(install) ignored
[0.544s] Level 1:colcon.colcon_core.package_identification:_identify(log) by extensions ['ignore', 'ignore_ament_install']
[0.544s] Level 1:colcon.colcon_core.package_identification:_identify(log) by extension 'ignore'
[0.544s] Level 1:colcon.colcon_core.package_identification:_identify(log) ignored
[0.544s] Level 1:colcon.colcon_core.package_identification:_identify(src) by extensions ['ignore', 'ignore_ament_install']
[0.544s] Level 1:colcon.colcon_core.package_identification:_identify(src) by extension 'ignore'
[0.544s] Level 1:colcon.colcon_core.package_identification:_identify(src) by extension 'ignore_ament_install'
[0.544s] Level 1:colcon.colcon_core.package_identification:_identify(src) by extensions ['colcon_pkg']
[0.544s] Level 1:colcon.colcon_core.package_identification:_identify(src) by extension 'colcon_pkg'
[0.544s] Level 1:colcon.colcon_core.package_identification:_identify(src) by extensions ['colcon_meta']
[0.544s] Level 1:colcon.colcon_core.package_identification:_identify(src) by extension 'colcon_meta'
[0.544s] Level 1:colcon.colcon_core.package_identification:_identify(src) by extensions ['ros']
[0.544s] Level 1:colcon.colcon_core.package_identification:_identify(src) by extension 'ros'
[0.545s] Level 1:colcon.colcon_core.package_identification:_identify(src) by extensions ['cmake', 'python']
[0.545s] Level 1:colcon.colcon_core.package_identification:_identify(src) by extension 'cmake'
[0.545s] Level 1:colcon.colcon_core.package_identification:_identify(src) by extension 'python'
[0.545s] Level 1:colcon.colcon_core.package_identification:_identify(src) by extensions ['python_setup_py']
[0.545s] Level 1:colcon.colcon_core.package_identification:_identify(src) by extension 'python_setup_py'
[0.545s] Level 1:colcon.colcon_core.package_identification:_identify(src/build) by extensions ['ignore', 'ignore_ament_install']
[0.545s] Level 1:colcon.colcon_core.package_identification:_identify(src/build) by extension 'ignore'
[0.545s] Level 1:colcon.colcon_core.package_identification:_identify(src/build) ignored
[0.545s] Level 1:colcon.colcon_core.package_identification:_identify(src/install) by extensions ['ignore', 'ignore_ament_install']
[0.545s] Level 1:colcon.colcon_core.package_identification:_identify(src/install) by extension 'ignore'
[0.545s] Level 1:colcon.colcon_core.package_identification:_identify(src/install) ignored
[0.545s] Level 1:colcon.colcon_core.package_identification:_identify(src/log) by extensions ['ignore', 'ignore_ament_install']
[0.545s] Level 1:colcon.colcon_core.package_identification:_identify(src/log) by extension 'ignore'
[0.545s] Level 1:colcon.colcon_core.package_identification:_identify(src/log) ignored
[0.545s] Level 1:colcon.colcon_core.package_identification:_identify(src/robot_bringup) by extensions ['ignore', 'ignore_ament_install']
[0.545s] Level 1:colcon.colcon_core.package_identification:_identify(src/robot_bringup) by extension 'ignore'
[0.546s] Level 1:colcon.colcon_core.package_identification:_identify(src/robot_bringup) by extension 'ignore_ament_install'
[0.546s] Level 1:colcon.colcon_core.package_identification:_identify(src/robot_bringup) by extensions ['colcon_pkg']
[0.546s] Level 1:colcon.colcon_core.package_identification:_identify(src/robot_bringup) by extension 'colcon_pkg'
[0.546s] Level 1:colcon.colcon_core.package_identification:_identify(src/robot_bringup) by extensions ['colcon_meta']
[0.546s] Level 1:colcon.colcon_core.package_identification:_identify(src/robot_bringup) by extension 'colcon_meta'
[0.546s] Level 1:colcon.colcon_core.package_identification:_identify(src/robot_bringup) by extensions ['ros']
[0.546s] Level 1:colcon.colcon_core.package_identification:_identify(src/robot_bringup) by extension 'ros'
[0.550s] DEBUG:colcon.colcon_core.package_identification:Package 'src/robot_bringup' with type 'ros.ament_python' and name 'robot_bringup'
[0.551s] Level 1:colcon.colcon_core.package_identification:_identify(src/robot_description) by extensions ['ignore', 'ignore_ament_install']
[0.551s] Level 1:colcon.colcon_core.package_identification:_identify(src/robot_description) by extension 'ignore'
[0.551s] Level 1:colcon.colcon_core.package_identification:_identify(src/robot_description) by extension 'ignore_ament_install'
[0.551s] Level 1:colcon.colcon_core.package_identification:_identify(src/robot_description) by extensions ['colcon_pkg']
[0.551s] Level 1:colcon.colcon_core.package_identification:_identify(src/robot_description) by extension 'colcon_pkg'
[0.551s] Level 1:colcon.colcon_core.package_identification:_identify(src/robot_description) by extensions ['colcon_meta']
[0.551s] Level 1:colcon.colcon_core.package_identification:_identify(src/robot_description) by extension 'colcon_meta'
[0.551s] Level 1:colcon.colcon_core.package_identification:_identify(src/robot_description) by extensions ['ros']
[0.551s] Level 1:colcon.colcon_core.package_identification:_identify(src/robot_description) by extension 'ros'
[0.552s] DEBUG:colcon.colcon_core.package_identification:Package 'src/robot_description' with type 'ros.ament_python' and name 'robot_description'
[0.552s] Level 1:colcon.colcon_core.package_identification:_identify(src/robot_hardware) by extensions ['ignore', 'ignore_ament_install']
[0.552s] Level 1:colcon.colcon_core.package_identification:_identify(src/robot_hardware) by extension 'ignore'
[0.552s] Level 1:colcon.colcon_core.package_identification:_identify(src/robot_hardware) by extension 'ignore_ament_install'
[0.552s] Level 1:colcon.colcon_core.package_identification:_identify(src/robot_hardware) by extensions ['colcon_pkg']
[0.552s] Level 1:colcon.colcon_core.package_identification:_identify(src/robot_hardware) by extension 'colcon_pkg'
[0.552s] Level 1:colcon.colcon_core.package_identification:_identify(src/robot_hardware) by extensions ['colcon_meta']
[0.552s] Level 1:colcon.colcon_core.package_identification:_identify(src/robot_hardware) by extension 'colcon_meta'
[0.552s] Level 1:colcon.colcon_core.package_identification:_identify(src/robot_hardware) by extensions ['ros']
[0.552s] Level 1:colcon.colcon_core.package_identification:_identify(src/robot_hardware) by extension 'ros'
[0.553s] DEBUG:colcon.colcon_core.package_identification:Package 'src/robot_hardware' with type 'ros.ament_python' and name 'robot_hardware'
[0.553s] Level 1:colcon.colcon_core.package_identification:_identify(src/robot_kinematics) by extensions ['ignore', 'ignore_ament_install']
[0.553s] Level 1:colcon.colcon_core.package_identification:_identify(src/robot_kinematics) by extension 'ignore'
[0.553s] Level 1:colcon.colcon_core.package_identification:_identify(src/robot_kinematics) by extension 'ignore_ament_install'
[0.553s] Level 1:colcon.colcon_core.package_identification:_identify(src/robot_kinematics) by extensions ['colcon_pkg']
[0.553s] Level 1:colcon.colcon_core.package_identification:_identify(src/robot_kinematics) by extension 'colcon_pkg'
[0.553s] Level 1:colcon.colcon_core.package_identification:_identify(src/robot_kinematics) by extensions ['colcon_meta']
[0.553s] Level 1:colcon.colcon_core.package_identification:_identify(src/robot_kinematics) by extension 'colcon_meta'
[0.554s] Level 1:colcon.colcon_core.package_identification:_identify(src/robot_kinematics) by extensions ['ros']
[0.554s] Level 1:colcon.colcon_core.package_identification:_identify(src/robot_kinematics) by extension 'ros'
[0.554s] DEBUG:colcon.colcon_core.package_identification:Package 'src/robot_kinematics' with type 'ros.ament_python' and name 'robot_kinematics'
[0.554s] Level 1:colcon.colcon_core.package_discovery:discover_packages(recursive) using defaults
[0.554s] Level 1:colcon.colcon_core.package_discovery:discover_packages(ignore) discover
[0.554s] Level 1:colcon.colcon_core.package_discovery:discover_packages(ignore) using defaults
[0.554s] Level 1:colcon.colcon_core.package_discovery:discover_packages(path) discover
[0.554s] Level 1:colcon.colcon_core.package_discovery:discover_packages(path) using defaults
[0.587s] Level 1:colcon.colcon_core.package_discovery:discover_packages(prefix_path) check parameters
[0.587s] Level 1:colcon.colcon_core.package_discovery:discover_packages(prefix_path) discover
[0.592s] DEBUG:colcon.colcon_installed_package_information.package_discovery:Found 291 installed packages in /opt/ros/jazzy
[0.593s] Level 1:colcon.colcon_core.package_discovery:discover_packages(prefix_path) using defaults
[0.635s] Level 5:colcon.colcon_core.verb:set package 'robot_bringup' build argument 'cmake_args' from command line to 'None'
[0.635s] Level 5:colcon.colcon_core.verb:set package 'robot_bringup' build argument 'cmake_target' from command line to 'None'
[0.635s] Level 5:colcon.colcon_core.verb:set package 'robot_bringup' build argument 'cmake_target_skip_unavailable' from command line to 'False'
[0.635s] Level 5:colcon.colcon_core.verb:set package 'robot_bringup' build argument 'cmake_clean_cache' from command line to 'False'
[0.635s] Level 5:colcon.colcon_core.verb:set package 'robot_bringup' build argument 'cmake_clean_first' from command line to 'False'
[0.635s] Level 5:colcon.colcon_core.verb:set package 'robot_bringup' build argument 'cmake_force_configure' from command line to 'False'
[0.635s] Level 5:colcon.colcon_core.verb:set package 'robot_bringup' build argument 'ament_cmake_args' from command line to 'None'
[0.635s] Level 5:colcon.colcon_core.verb:set package 'robot_bringup' build argument 'catkin_cmake_args' from command line to 'None'
[0.635s] Level 5:colcon.colcon_core.verb:set package 'robot_bringup' build argument 'catkin_skip_building_tests' from command line to 'False'
[0.635s] DEBUG:colcon.colcon_core.verb:Building package 'robot_bringup' with the following arguments: {'ament_cmake_args': None, 'build_base': '/home/samuel_arteaga/Desktop/Roboticos_Insanos/proyecto_ws/build/robot_bringup', 'catkin_cmake_args': None, 'catkin_skip_building_tests': False, 'cmake_args': None, 'cmake_clean_cache': False, 'cmake_clean_first': False, 'cmake_force_configure': False, 'cmake_target': None, 'cmake_target_skip_unavailable': False, 'install_base': '/home/samuel_arteaga/Desktop/Roboticos_Insanos/proyecto_ws/install/robot_bringup', 'merge_install': False, 'path': '/home/samuel_arteaga/Desktop/Roboticos_Insanos/proyecto_ws/src/robot_bringup', 'symlink_install': True, 'test_result_base': None}
[0.635s] Level 5:colcon.colcon_core.verb:set package 'robot_description' build argument 'cmake_args' from command line to 'None'
[0.635s] Level 5:colcon.colcon_core.verb:set package 'robot_description' build argument 'cmake_target' from command line to 'None'
[0.635s] Level 5:colcon.colcon_core.verb:set package 'robot_description' build argument 'cmake_target_skip_unavailable' from command line to 'False'
[0.635s] Level 5:colcon.colcon_core.verb:set package 'robot_description' build argument 'cmake_clean_cache' from command line to 'False'
[0.635s] Level 5:colcon.colcon_core.verb:set package 'robot_description' build argument 'cmake_clean_first' from command line to 'False'
[0.635s] Level 5:colcon.colcon_core.verb:set package 'robot_description' build argument 'cmake_force_configure' from command line to 'False'
[0.635s] Level 5:colcon.colcon_core.verb:set package 'robot_description' build argument 'ament_cmake_args' from command line to 'None'
[0.635s] Level 5:colcon.colcon_core.verb:set package 'robot_description' build argument 'catkin_cmake_args' from command line to 'None'
[0.635s] Level 5:colcon.colcon_core.verb:set package 'robot_description' build argument 'catkin_skip_building_tests' from command line to 'False'
[0.635s] DEBUG:colcon.colcon_core.verb:Building package 'robot_description' with the following arguments: {'ament_cmake_args': None, 'build_base': '/home/samuel_arteaga/Desktop/Roboticos_Insanos/proyecto_ws/build/robot_description', 'catkin_cmake_args': None, 'catkin_skip_building_tests': False, 'cmake_args': None, 'cmake_clean_cache': False, 'cmake_clean_first': False, 'cmake_force_configure': False, 'cmake_target': None, 'cmake_target_skip_unavailable': False, 'install_base': '/home/samuel_arteaga/Desktop/Roboticos_Insanos/proyecto_ws/install/robot_description', 'merge_install': False, 'path': '/home/samuel_arteaga/Desktop/Roboticos_Insanos/proyecto_ws/src/robot_description', 'symlink_install': True, 'test_result_base': None}
[0.636s] Level 5:colcon.colcon_core.verb:set package 'robot_hardware' build argument 'cmake_args' from command line to 'None'
[0.636s] Level 5:colcon.colcon_core.verb:set package 'robot_hardware' build argument 'cmake_target' from command line to 'None'
[0.636s] Level 5:colcon.colcon_core.verb:set package 'robot_hardware' build argument 'cmake_target_skip_unavailable' from command line to 'False'
[0.636s] Level 5:colcon.colcon_core.verb:set package 'robot_hardware' build argument 'cmake_clean_cache' from command line to 'False'
[0.636s] Level 5:colcon.colcon_core.verb:set package 'robot_hardware' build argument 'cmake_clean_first' from command line to 'False'
[0.636s] Level 5:colcon.colcon_core.verb:set package 'robot_hardware' build argument 'cmake_force_configure' from command line to 'False'
[0.636s] Level 5:colcon.colcon_core.verb:set package 'robot_hardware' build argument 'ament_cmake_args' from command line to 'None'
[0.636s] Level 5:colcon.colcon_core.verb:set package 'robot_hardware' build argument 'catkin_cmake_args' from command line to 'None'
[0.636s] Level 5:colcon.colcon_core.verb:set package 'robot_hardware' build argument 'catkin_skip_building_tests' from command line to 'False'
[0.636s] DEBUG:colcon.colcon_core.verb:Building package 'robot_hardware' with the following arguments: {'ament_cmake_args': None, 'build_base': '/home/samuel_arteaga/Desktop/Roboticos_Insanos/proyecto_ws/build/robot_hardware', 'catkin_cmake_args': None, 'catkin_skip_building_tests': False, 'cmake_args': None, 'cmake_clean_cache': False, 'cmake_clean_first': False, 'cmake_force_configure': False, 'cmake_target': None, 'cmake_target_skip_unavailable': False, 'install_base': '/home/samuel_arteaga/Desktop/Roboticos_Insanos/proyecto_ws/install/robot_hardware', 'merge_install': False, 'path': '/home/samuel_arteaga/Desktop/Roboticos_Insanos/proyecto_ws/src/robot_hardware', 'symlink_install': True, 'test_result_base': None}
[0.636s] Level 5:colcon.colcon_core.verb:set package 'robot_kinematics' build argument 'cmake_args' from command line to 'None'
[0.636s] Level 5:colcon.colcon_core.verb:set package 'robot_kinematics' build argument 'cmake_target' from command line to 'None'
[0.636s] Level 5:colcon.colcon_core.verb:set package 'robot_kinematics' build argument 'cmake_target_skip_unavailable' from command line to 'False'
[0.636s] Level 5:colcon.colcon_core.verb:set package 'robot_kinematics' build argument 'cmake_clean_cache' from command line to 'False'
[0.636s] Level 5:colcon.colcon_core.verb:set package 'robot_kinematics' build argument 'cmake_clean_first' from command line to 'False'
[0.636s] Level 5:colcon.colcon_core.verb:set package 'robot_kinematics' build argument 'cmake_force_configure' from command line to 'False'
[0.636s] Level 5:colcon.colcon_core.verb:set package 'robot_kinematics' build argument 'ament_cmake_args' from command line to 'None'
[0.636s] Level 5:colcon.colcon_core.verb:set package 'robot_kinematics' build argument 'catkin_cmake_args' from command line to 'None'
[0.636s] Level 5:colcon.colcon_core.verb:set package 'robot_kinematics' build argument 'catkin_skip_building_tests' from command line to 'False'
[0.636s] DEBUG:colcon.colcon_core.verb:Building package 'robot_kinematics' with the following arguments: {'ament_cmake_args': None, 'build_base': '/home/samuel_arteaga/Desktop/Roboticos_Insanos/proyecto_ws/build/robot_kinematics', 'catkin_cmake_args': None, 'catkin_skip_building_tests': False, 'cmake_args': None, 'cmake_clean_cache': False, 'cmake_clean_first': False, 'cmake_force_configure': False, 'cmake_target': None, 'cmake_target_skip_unavailable': False, 'install_base': '/home/samuel_arteaga/Desktop/Roboticos_Insanos/proyecto_ws/install/robot_kinematics', 'merge_install': False, 'path': '/home/samuel_arteaga/Desktop/Roboticos_Insanos/proyecto_ws/src/robot_kinematics', 'symlink_install': True, 'test_result_base': None}
[0.636s] INFO:colcon.colcon_core.executor:Executing jobs using 'parallel' executor
[0.637s] DEBUG:colcon.colcon_parallel_executor.executor.parallel:run_until_complete
[0.638s] INFO:colcon.colcon_ros.task.ament_python.build:Building ROS package in '/home/samuel_arteaga/Desktop/Roboticos_Insanos/proyecto_ws/src/robot_bringup' with build type 'ament_python'
[0.638s] Level 1:colcon.colcon_core.shell:create_environment_hook('robot_bringup', 'ament_prefix_path')
[0.644s] INFO:colcon.colcon_core.plugin_system:Skipping extension 'colcon_core.shell.bat': Not used on non-Windows systems
[0.644s] INFO:colcon.colcon_core.shell:Creating environment hook '/home/samuel_arteaga/Desktop/Roboticos_Insanos/proyecto_ws/install/robot_bringup/share/robot_bringup/hook/ament_prefix_path.ps1'
[0.645s] INFO:colcon.colcon_core.shell:Creating environment descriptor '/home/samuel_arteaga/Desktop/Roboticos_Insanos/proyecto_ws/install/robot_bringup/share/robot_bringup/hook/ament_prefix_path.dsv'
[0.646s] INFO:colcon.colcon_core.shell:Creating environment hook '/home/samuel_arteaga/Desktop/Roboticos_Insanos/proyecto_ws/install/robot_bringup/share/robot_bringup/hook/ament_prefix_path.sh'
[0.647s] INFO:colcon.colcon_core.shell:Skip shell extension 'powershell' for command environment: Not usable outside of PowerShell
[0.647s] DEBUG:colcon.colcon_core.shell:Skip shell extension 'dsv' for command environment
[0.650s] INFO:colcon.colcon_ros.task.ament_python.build:Building ROS package in '/home/samuel_arteaga/Desktop/Roboticos_Insanos/proyecto_ws/src/robot_description' with build type 'ament_python'
[0.650s] Level 1:colcon.colcon_core.shell:create_environment_hook('robot_description', 'ament_prefix_path')
[0.650s] INFO:colcon.colcon_core.shell:Creating environment hook '/home/samuel_arteaga/Desktop/Roboticos_Insanos/proyecto_ws/install/robot_description/share/robot_description/hook/ament_prefix_path.ps1'
[0.651s] INFO:colcon.colcon_core.shell:Creating environment descriptor '/home/samuel_arteaga/Desktop/Roboticos_Insanos/proyecto_ws/install/robot_description/share/robot_description/hook/ament_prefix_path.dsv'
[0.651s] INFO:colcon.colcon_core.shell:Creating environment hook '/home/samuel_arteaga/Desktop/Roboticos_Insanos/proyecto_ws/install/robot_description/share/robot_description/hook/ament_prefix_path.sh'
[0.652s] INFO:colcon.colcon_core.shell:Skip shell extension 'powershell' for command environment: Not usable outside of PowerShell
[0.652s] DEBUG:colcon.colcon_core.shell:Skip shell extension 'dsv' for command environment
[0.655s] INFO:colcon.colcon_ros.task.ament_python.build:Building ROS package in '/home/samuel_arteaga/Desktop/Roboticos_Insanos/proyecto_ws/src/robot_hardware' with build type 'ament_python'
[0.655s] Level 1:colcon.colcon_core.shell:create_environment_hook('robot_hardware', 'ament_prefix_path')
[0.655s] INFO:colcon.colcon_core.shell:Creating environment hook '/home/samuel_arteaga/Desktop/Roboticos_Insanos/proyecto_ws/install/robot_hardware/share/robot_hardware/hook/ament_prefix_path.ps1'
[0.656s] INFO:colcon.colcon_core.shell:Creating environment descriptor '/home/samuel_arteaga/Desktop/Roboticos_Insanos/proyecto_ws/install/robot_hardware/share/robot_hardware/hook/ament_prefix_path.dsv'
[0.656s] INFO:colcon.colcon_core.shell:Creating environment hook '/home/samuel_arteaga/Desktop/Roboticos_Insanos/proyecto_ws/install/robot_hardware/share/robot_hardware/hook/ament_prefix_path.sh'
[0.656s] INFO:colcon.colcon_core.shell:Skip shell extension 'powershell' for command environment: Not usable outside of PowerShell
[0.656s] DEBUG:colcon.colcon_core.shell:Skip shell extension 'dsv' for command environment
[0.659s] INFO:colcon.colcon_ros.task.ament_python.build:Building ROS package in '/home/samuel_arteaga/Desktop/Roboticos_Insanos/proyecto_ws/src/robot_kinematics' with build type 'ament_python'
[0.659s] Level 1:colcon.colcon_core.shell:create_environment_hook('robot_kinematics', 'ament_prefix_path')
[0.659s] INFO:colcon.colcon_core.shell:Creating environment hook '/home/samuel_arteaga/Desktop/Roboticos_Insanos/proyecto_ws/install/robot_kinematics/share/robot_kinematics/hook/ament_prefix_path.ps1'
[0.660s] INFO:colcon.colcon_core.shell:Creating environment descriptor '/home/samuel_arteaga/Desktop/Roboticos_Insanos/proyecto_ws/install/robot_kinematics/share/robot_kinematics/hook/ament_prefix_path.dsv'
[0.661s] INFO:colcon.colcon_core.shell:Creating environment hook '/home/samuel_arteaga/Desktop/Roboticos_Insanos/proyecto_ws/install/robot_kinematics/share/robot_kinematics/hook/ament_prefix_path.sh'
[0.662s] INFO:colcon.colcon_core.shell:Skip shell extension 'powershell' for command environment: Not usable outside of PowerShell
[0.662s] DEBUG:colcon.colcon_core.shell:Skip shell extension 'dsv' for command environment
[0.936s] INFO:colcon.colcon_core.task.python.build:Building Python package in '/home/samuel_arteaga/Desktop/Roboticos_Insanos/proyecto_ws/src/robot_bringup'
[0.937s] INFO:colcon.colcon_core.shell:Skip shell extension 'powershell' for command environment: Not usable outside of PowerShell
[0.937s] DEBUG:colcon.colcon_core.shell:Skip shell extension 'dsv' for command environment
[1.205s] INFO:colcon.colcon_core.task.python.build:Building Python package in '/home/samuel_arteaga/Desktop/Roboticos_Insanos/proyecto_ws/src/robot_description'
[1.205s] INFO:colcon.colcon_core.shell:Skip shell extension 'powershell' for command environment: Not usable outside of PowerShell
[1.205s] DEBUG:colcon.colcon_core.shell:Skip shell extension 'dsv' for command environment
[1.498s] INFO:colcon.colcon_core.task.python.build:Building Python package in '/home/samuel_arteaga/Desktop/Roboticos_Insanos/proyecto_ws/src/robot_hardware'
[1.498s] INFO:colcon.colcon_core.shell:Skip shell extension 'powershell' for command environment: Not usable outside of PowerShell
[1.498s] DEBUG:colcon.colcon_core.shell:Skip shell extension 'dsv' for command environment
[1.782s] INFO:colcon.colcon_core.task.python.build:Building Python package in '/home/samuel_arteaga/Desktop/Roboticos_Insanos/proyecto_ws/src/robot_kinematics'
[1.782s] INFO:colcon.colcon_core.shell:Skip shell extension 'powershell' for command environment: Not usable outside of PowerShell
[1.782s] DEBUG:colcon.colcon_core.shell:Skip shell extension 'dsv' for command environment
[2.798s] DEBUG:colcon.colcon_core.event_handler.log_command:Invoking command in '/home/samuel_arteaga/Desktop/Roboticos_Insanos/proyecto_ws/build/robot_kinematics': DEBUGINFOD_URLS=https://debuginfod.ubuntu.com PYTHONPATH=/home/samuel_arteaga/Desktop/Roboticos_Insanos/proyecto_ws/build/robot_kinematics/prefix_override:/usr/lib/python3/dist-packages/colcon_core/task/python/colcon_distutils_commands:/home/samuel_arteaga/Desktop/Roboticos_Insanos/proyecto_ws/install/robot_kinematics/lib/python3.12/site-packages:${PYTHONPATH} /usr/bin/python3 -W ignore:setup.py install is deprecated -W ignore:easy_install command is deprecated setup.py develop --editable --build-directory /home/samuel_arteaga/Desktop/Roboticos_Insanos/proyecto_ws/build/robot_kinematics/build --no-deps symlink_data
[2.825s] DEBUG:colcon.colcon_core.event_handler.log_command:Invoking command in '/home/samuel_arteaga/Desktop/Roboticos_Insanos/proyecto_ws/build/robot_description': DEBUGINFOD_URLS=https://debuginfod.ubuntu.com PYTHONPATH=/home/samuel_arteaga/Desktop/Roboticos_Insanos/proyecto_ws/build/robot_description/prefix_override:/usr/lib/python3/dist-packages/colcon_core/task/python/colcon_distutils_commands:/home/samuel_arteaga/Desktop/Roboticos_Insanos/proyecto_ws/install/robot_description/lib/python3.12/site-packages:${PYTHONPATH} /usr/bin/python3 -W ignore:setup.py install is deprecated -W ignore:easy_install command is deprecated setup.py develop --editable --build-directory /home/samuel_arteaga/Desktop/Roboticos_Insanos/proyecto_ws/build/robot_description/build --no-deps symlink_data
[2.863s] DEBUG:colcon.colcon_core.event_handler.log_command:Invoking command in '/home/samuel_arteaga/Desktop/Roboticos_Insanos/proyecto_ws/build/robot_hardware': DEBUGINFOD_URLS=https://debuginfod.ubuntu.com PYTHONPATH=/home/samuel_arteaga/Desktop/Roboticos_Insanos/proyecto_ws/build/robot_hardware/prefix_override:/usr/lib/python3/dist-packages/colcon_core/task/python/colcon_distutils_commands:/home/samuel_arteaga/Desktop/Roboticos_Insanos/proyecto_ws/install/robot_hardware/lib/python3.12/site-packages:${PYTHONPATH} /usr/bin/python3 -W ignore:setup.py install is deprecated -W ignore:easy_install command is deprecated setup.py develop --editable --build-directory /home/samuel_arteaga/Desktop/Roboticos_Insanos/proyecto_ws/build/robot_hardware/build --no-deps symlink_data
[2.899s] DEBUG:colcon.colcon_core.event_handler.log_command:Invoking command in '/home/samuel_arteaga/Desktop/Roboticos_Insanos/proyecto_ws/build/robot_bringup': DEBUGINFOD_URLS=https://debuginfod.ubuntu.com PYTHONPATH=/home/samuel_arteaga/Desktop/Roboticos_Insanos/proyecto_ws/build/robot_bringup/prefix_override:/usr/lib/python3/dist-packages/colcon_core/task/python/colcon_distutils_commands:/home/samuel_arteaga/Desktop/Roboticos_Insanos/proyecto_ws/install/robot_bringup/lib/python3.12/site-packages:${PYTHONPATH} /usr/bin/python3 -W ignore:setup.py install is deprecated -W ignore:easy_install command is deprecated setup.py develop --editable --build-directory /home/samuel_arteaga/Desktop/Roboticos_Insanos/proyecto_ws/build/robot_bringup/build --no-deps symlink_data
[3.662s] Level 1:colcon.colcon_core.shell:create_environment_hook('robot_description', 'pythonpath_develop')
[3.663s] INFO:colcon.colcon_core.shell:Creating environment hook '/home/samuel_arteaga/Desktop/Roboticos_Insanos/proyecto_ws/build/robot_description/share/robot_description/hook/pythonpath_develop.ps1'
[3.664s] DEBUG:colcon.colcon_core.event_handler.log_command:Invoked command in '/home/samuel_arteaga/Desktop/Roboticos_Insanos/proyecto_ws/build/robot_description' returned '0': DEBUGINFOD_URLS=https://debuginfod.ubuntu.com PYTHONPATH=/home/samuel_arteaga/Desktop/Roboticos_Insanos/proyecto_ws/build/robot_description/prefix_override:/usr/lib/python3/dist-packages/colcon_core/task/python/colcon_distutils_commands:/home/samuel_arteaga/Desktop/Roboticos_Insanos/proyecto_ws/install/robot_description/lib/python3.12/site-packages:${PYTHONPATH} /usr/bin/python3 -W ignore:setup.py install is deprecated -W ignore:easy_install command is deprecated setup.py develop --editable --build-directory /home/samuel_arteaga/Desktop/Roboticos_Insanos/proyecto_ws/build/robot_description/build --no-deps symlink_data
[3.665s] INFO:colcon.colcon_core.shell:Creating environment descriptor '/home/samuel_arteaga/Desktop/Roboticos_Insanos/proyecto_ws/build/robot_description/share/robot_description/hook/pythonpath_develop.dsv'
[3.665s] INFO:colcon.colcon_core.shell:Creating environment hook '/home/samuel_arteaga/Desktop/Roboticos_Insanos/proyecto_ws/build/robot_description/share/robot_description/hook/pythonpath_develop.sh'
[3.674s] Level 1:colcon.colcon_core.environment:checking '/home/samuel_arteaga/Desktop/Roboticos_Insanos/proyecto_ws/install/robot_description' for CMake module files
[3.674s] Level 1:colcon.colcon_core.environment:checking '/home/samuel_arteaga/Desktop/Roboticos_Insanos/proyecto_ws/install/robot_description' for CMake config files
[3.675s] Level 1:colcon.colcon_core.environment:checking '/home/samuel_arteaga/Desktop/Roboticos_Insanos/proyecto_ws/install/robot_description/lib'
[3.675s] Level 1:colcon.colcon_core.environment:checking '/home/samuel_arteaga/Desktop/Roboticos_Insanos/proyecto_ws/install/robot_description/bin'
[3.675s] Level 1:colcon.colcon_core.environment:checking '/home/samuel_arteaga/Desktop/Roboticos_Insanos/proyecto_ws/install/robot_description/lib/pkgconfig/robot_description.pc'
[3.675s] Level 1:colcon.colcon_core.environment:checking '/home/samuel_arteaga/Desktop/Roboticos_Insanos/proyecto_ws/install/robot_description/lib/python3.12/site-packages'
[3.676s] Level 1:colcon.colcon_core.shell:create_environment_hook('robot_description', 'pythonpath')
[3.676s] INFO:colcon.colcon_core.shell:Creating environment hook '/home/samuel_arteaga/Desktop/Roboticos_Insanos/proyecto_ws/install/robot_description/share/robot_description/hook/pythonpath.ps1'
[3.676s] INFO:colcon.colcon_core.shell:Creating environment descriptor '/home/samuel_arteaga/Desktop/Roboticos_Insanos/proyecto_ws/install/robot_description/share/robot_description/hook/pythonpath.dsv'
[3.677s] INFO:colcon.colcon_core.shell:Creating environment hook '/home/samuel_arteaga/Desktop/Roboticos_Insanos/proyecto_ws/install/robot_description/share/robot_description/hook/pythonpath.sh'
[3.677s] Level 1:colcon.colcon_core.environment:checking '/home/samuel_arteaga/Desktop/Roboticos_Insanos/proyecto_ws/install/robot_description/bin'
[3.677s] Level 1:colcon.colcon_core.environment:create_environment_scripts_only(robot_description)
[3.678s] INFO:colcon.colcon_core.shell:Creating package script '/home/samuel_arteaga/Desktop/Roboticos_Insanos/proyecto_ws/install/robot_description/share/robot_description/package.ps1'
[3.679s] INFO:colcon.colcon_core.shell:Creating package descriptor '/home/samuel_arteaga/Desktop/Roboticos_Insanos/proyecto_ws/install/robot_description/share/robot_description/package.dsv'
[3.683s] INFO:colcon.colcon_core.shell:Creating package script '/home/samuel_arteaga/Desktop/Roboticos_Insanos/proyecto_ws/install/robot_description/share/robot_description/package.sh'
[3.684s] INFO:colcon.colcon_core.shell:Creating package script '/home/samuel_arteaga/Desktop/Roboticos_Insanos/proyecto_ws/install/robot_description/share/robot_description/package.bash'
[3.686s] INFO:colcon.colcon_core.shell:Creating package script '/home/samuel_arteaga/Desktop/Roboticos_Insanos/proyecto_ws/install/robot_description/share/robot_description/package.zsh'
[3.687s] Level 1:colcon.colcon_core.environment:create_file_with_runtime_dependencies(/home/samuel_arteaga/Desktop/Roboticos_Insanos/proyecto_ws/install/robot_description/share/colcon-core/packages/robot_description)
[3.689s] Level 1:colcon.colcon_core.shell:create_environment_hook('robot_kinematics', 'pythonpath_develop')
[3.689s] INFO:colcon.colcon_core.shell:Creating environment hook '/home/samuel_arteaga/Desktop/Roboticos_Insanos/proyecto_ws/build/robot_kinematics/share/robot_kinematics/hook/pythonpath_develop.ps1'
[3.690s] DEBUG:colcon.colcon_core.event_handler.log_command:Invoked command in '/home/samuel_arteaga/Desktop/Roboticos_Insanos/proyecto_ws/build/robot_kinematics' returned '0': DEBUGINFOD_URLS=https://debuginfod.ubuntu.com PYTHONPATH=/home/samuel_arteaga/Desktop/Roboticos_Insanos/proyecto_ws/build/robot_kinematics/prefix_override:/usr/lib/python3/dist-packages/colcon_core/task/python/colcon_distutils_commands:/home/samuel_arteaga/Desktop/Roboticos_Insanos/proyecto_ws/install/robot_kinematics/lib/python3.12/site-packages:${PYTHONPATH} /usr/bin/python3 -W ignore:setup.py install is deprecated -W ignore:easy_install command is deprecated setup.py develop --editable --build-directory /home/samuel_arteaga/Desktop/Roboticos_Insanos/proyecto_ws/build/robot_kinematics/build --no-deps symlink_data
[3.691s] INFO:colcon.colcon_core.shell:Creating environment descriptor '/home/samuel_arteaga/Desktop/Roboticos_Insanos/proyecto_ws/build/robot_kinematics/share/robot_kinematics/hook/pythonpath_develop.dsv'
[3.692s] INFO:colcon.colcon_core.shell:Creating environment hook '/home/samuel_arteaga/Desktop/Roboticos_Insanos/proyecto_ws/build/robot_kinematics/share/robot_kinematics/hook/pythonpath_develop.sh'
[3.693s] Level 1:colcon.colcon_core.environment:checking '/home/samuel_arteaga/Desktop/Roboticos_Insanos/proyecto_ws/install/robot_kinematics' for CMake module files
[3.694s] Level 1:colcon.colcon_core.environment:checking '/home/samuel_arteaga/Desktop/Roboticos_Insanos/proyecto_ws/install/robot_kinematics' for CMake config files
[3.695s] Level 1:colcon.colcon_core.environment:checking '/home/samuel_arteaga/Desktop/Roboticos_Insanos/proyecto_ws/install/robot_kinematics/lib'
[3.695s] Level 1:colcon.colcon_core.environment:checking '/home/samuel_arteaga/Desktop/Roboticos_Insanos/proyecto_ws/install/robot_kinematics/bin'
[3.695s] Level 1:colcon.colcon_core.environment:checking '/home/samuel_arteaga/Desktop/Roboticos_Insanos/proyecto_ws/install/robot_kinematics/lib/pkgconfig/robot_kinematics.pc'
[3.696s] Level 1:colcon.colcon_core.environment:checking '/home/samuel_arteaga/Desktop/Roboticos_Insanos/proyecto_ws/install/robot_kinematics/lib/python3.12/site-packages'
[3.696s] Level 1:colcon.colcon_core.shell:create_environment_hook('robot_kinematics', 'pythonpath')
[3.697s] INFO:colcon.colcon_core.shell:Creating environment hook '/home/samuel_arteaga/Desktop/Roboticos_Insanos/proyecto_ws/install/robot_kinematics/share/robot_kinematics/hook/pythonpath.ps1'
[3.697s] INFO:colcon.colcon_core.shell:Creating environment descriptor '/home/samuel_arteaga/Desktop/Roboticos_Insanos/proyecto_ws/install/robot_kinematics/share/robot_kinematics/hook/pythonpath.dsv'
[3.698s] INFO:colcon.colcon_core.shell:Creating environment hook '/home/samuel_arteaga/Desktop/Roboticos_Insanos/proyecto_ws/install/robot_kinematics/share/robot_kinematics/hook/pythonpath.sh'
[3.700s] Level 1:colcon.colcon_core.environment:checking '/home/samuel_arteaga/Desktop/Roboticos_Insanos/proyecto_ws/install/robot_kinematics/bin'
[3.700s] Level 1:colcon.colcon_core.environment:create_environment_scripts_only(robot_kinematics)
[3.700s] INFO:colcon.colcon_core.shell:Creating package script '/home/samuel_arteaga/Desktop/Roboticos_Insanos/proyecto_ws/install/robot_kinematics/share/robot_kinematics/package.ps1'
[3.702s] INFO:colcon.colcon_core.shell:Creating package descriptor '/home/samuel_arteaga/Desktop/Roboticos_Insanos/proyecto_ws/install/robot_kinematics/share/robot_kinematics/package.dsv'
[3.702s] INFO:colcon.colcon_core.shell:Creating package script '/home/samuel_arteaga/Desktop/Roboticos_Insanos/proyecto_ws/install/robot_kinematics/share/robot_kinematics/package.sh'
[3.703s] INFO:colcon.colcon_core.shell:Creating package script '/home/samuel_arteaga/Desktop/Roboticos_Insanos/proyecto_ws/install/robot_kinematics/share/robot_kinematics/package.bash'
[3.704s] INFO:colcon.colcon_core.shell:Creating package script '/home/samuel_arteaga/Desktop/Roboticos_Insanos/proyecto_ws/install/robot_kinematics/share/robot_kinematics/package.zsh'
[3.705s] Level 1:colcon.colcon_core.environment:create_file_with_runtime_dependencies(/home/samuel_arteaga/Desktop/Roboticos_Insanos/proyecto_ws/install/robot_kinematics/share/colcon-core/packages/robot_kinematics)
[3.723s] Level 1:colcon.colcon_core.shell:create_environment_hook('robot_bringup', 'pythonpath_develop')
[3.723s] INFO:colcon.colcon_core.shell:Creating environment hook '/home/samuel_arteaga/Desktop/Roboticos_Insanos/proyecto_ws/build/robot_bringup/share/robot_bringup/hook/pythonpath_develop.ps1'
[3.724s] DEBUG:colcon.colcon_core.event_handler.log_command:Invoked command in '/home/samuel_arteaga/Desktop/Roboticos_Insanos/proyecto_ws/build/robot_bringup' returned '0': DEBUGINFOD_URLS=https://debuginfod.ubuntu.com PYTHONPATH=/home/samuel_arteaga/Desktop/Roboticos_Insanos/proyecto_ws/build/robot_bringup/prefix_override:/usr/lib/python3/dist-packages/colcon_core/task/python/colcon_distutils_commands:/home/samuel_arteaga/Desktop/Roboticos_Insanos/proyecto_ws/install/robot_bringup/lib/python3.12/site-packages:${PYTHONPATH} /usr/bin/python3 -W ignore:setup.py install is deprecated -W ignore:easy_install command is deprecated setup.py develop --editable --build-directory /home/samuel_arteaga/Desktop/Roboticos_Insanos/proyecto_ws/build/robot_bringup/build --no-deps symlink_data
[3.725s] INFO:colcon.colcon_core.shell:Creating environment descriptor '/home/samuel_arteaga/Desktop/Roboticos_Insanos/proyecto_ws/build/robot_bringup/share/robot_bringup/hook/pythonpath_develop.dsv'
[3.725s] INFO:colcon.colcon_core.shell:Creating environment hook '/home/samuel_arteaga/Desktop/Roboticos_Insanos/proyecto_ws/build/robot_bringup/share/robot_bringup/hook/pythonpath_develop.sh'
[3.726s] Level 1:colcon.colcon_core.environment:checking '/home/samuel_arteaga/Desktop/Roboticos_Insanos/proyecto_ws/install/robot_bringup' for CMake module files
[3.726s] Level 1:colcon.colcon_core.environment:checking '/home/samuel_arteaga/Desktop/Roboticos_Insanos/proyecto_ws/install/robot_bringup' for CMake config files
[3.727s] Level 1:colcon.colcon_core.environment:checking '/home/samuel_arteaga/Desktop/Roboticos_Insanos/proyecto_ws/install/robot_bringup/lib'
[3.727s] Level 1:colcon.colcon_core.environment:checking '/home/samuel_arteaga/Desktop/Roboticos_Insanos/proyecto_ws/install/robot_bringup/bin'
[3.727s] Level 1:colcon.colcon_core.environment:checking '/home/samuel_arteaga/Desktop/Roboticos_Insanos/proyecto_ws/install/robot_bringup/lib/pkgconfig/robot_bringup.pc'
[3.727s] Level 1:colcon.colcon_core.environment:checking '/home/samuel_arteaga/Desktop/Roboticos_Insanos/proyecto_ws/install/robot_bringup/lib/python3.12/site-packages'
[3.727s] Level 1:colcon.colcon_core.shell:create_environment_hook('robot_bringup', 'pythonpath')
[3.728s] INFO:colcon.colcon_core.shell:Creating environment hook '/home/samuel_arteaga/Desktop/Roboticos_Insanos/proyecto_ws/install/robot_bringup/share/robot_bringup/hook/pythonpath.ps1'
[3.728s] INFO:colcon.colcon_core.shell:Creating environment descriptor '/home/samuel_arteaga/Desktop/Roboticos_Insanos/proyecto_ws/install/robot_bringup/share/robot_bringup/hook/pythonpath.dsv'
[3.728s] INFO:colcon.colcon_core.shell:Creating environment hook '/home/samuel_arteaga/Desktop/Roboticos_Insanos/proyecto_ws/install/robot_bringup/share/robot_bringup/hook/pythonpath.sh'
[3.729s] Level 1:colcon.colcon_core.environment:checking '/home/samuel_arteaga/Desktop/Roboticos_Insanos/proyecto_ws/install/robot_bringup/bin'
[3.729s] Level 1:colcon.colcon_core.environment:create_environment_scripts_only(robot_bringup)
[3.729s] INFO:colcon.colcon_core.shell:Creating package script '/home/samuel_arteaga/Desktop/Roboticos_Insanos/proyecto_ws/install/robot_bringup/share/robot_bringup/package.ps1'
[3.730s] INFO:colcon.colcon_core.shell:Creating package descriptor '/home/samuel_arteaga/Desktop/Roboticos_Insanos/proyecto_ws/install/robot_bringup/share/robot_bringup/package.dsv'
[3.730s] INFO:colcon.colcon_core.shell:Creating package script '/home/samuel_arteaga/Desktop/Roboticos_Insanos/proyecto_ws/install/robot_bringup/share/robot_bringup/package.sh'
[3.731s] INFO:colcon.colcon_core.shell:Creating package script '/home/samuel_arteaga/Desktop/Roboticos_Insanos/proyecto_ws/install/robot_bringup/share/robot_bringup/package.bash'
[3.731s] INFO:colcon.colcon_core.shell:Creating package script '/home/samuel_arteaga/Desktop/Roboticos_Insanos/proyecto_ws/install/robot_bringup/share/robot_bringup/package.zsh'
[3.731s] Level 1:colcon.colcon_core.environment:create_file_with_runtime_dependencies(/home/samuel_arteaga/Desktop/Roboticos_Insanos/proyecto_ws/install/robot_bringup/share/colcon-core/packages/robot_bringup)
[3.806s] Level 1:colcon.colcon_core.shell:create_environment_hook('robot_hardware', 'pythonpath_develop')
[3.807s] DEBUG:colcon.colcon_core.event_handler.log_command:Invoked command in '/home/samuel_arteaga/Desktop/Roboticos_Insanos/proyecto_ws/build/robot_hardware' returned '0': DEBUGINFOD_URLS=https://debuginfod.ubuntu.com PYTHONPATH=/home/samuel_arteaga/Desktop/Roboticos_Insanos/proyecto_ws/build/robot_hardware/prefix_override:/usr/lib/python3/dist-packages/colcon_core/task/python/colcon_distutils_commands:/home/samuel_arteaga/Desktop/Roboticos_Insanos/proyecto_ws/install/robot_hardware/lib/python3.12/site-packages:${PYTHONPATH} /usr/bin/python3 -W ignore:setup.py install is deprecated -W ignore:easy_install command is deprecated setup.py develop --editable --build-directory /home/samuel_arteaga/Desktop/Roboticos_Insanos/proyecto_ws/build/robot_hardware/build --no-deps symlink_data
[3.807s] INFO:colcon.colcon_core.shell:Creating environment hook '/home/samuel_arteaga/Desktop/Roboticos_Insanos/proyecto_ws/build/robot_hardware/share/robot_hardware/hook/pythonpath_develop.ps1'
[3.808s] INFO:colcon.colcon_core.shell:Creating environment descriptor '/home/samuel_arteaga/Desktop/Roboticos_Insanos/proyecto_ws/build/robot_hardware/share/robot_hardware/hook/pythonpath_develop.dsv'
[3.808s] INFO:colcon.colcon_core.shell:Creating environment hook '/home/samuel_arteaga/Desktop/Roboticos_Insanos/proyecto_ws/build/robot_hardware/share/robot_hardware/hook/pythonpath_develop.sh'
[3.809s] Level 1:colcon.colcon_core.environment:checking '/home/samuel_arteaga/Desktop/Roboticos_Insanos/proyecto_ws/install/robot_hardware' for CMake module files
[3.809s] Level 1:colcon.colcon_core.environment:checking '/home/samuel_arteaga/Desktop/Roboticos_Insanos/proyecto_ws/install/robot_hardware' for CMake config files
[3.810s] Level 1:colcon.colcon_core.environment:checking '/home/samuel_arteaga/Desktop/Roboticos_Insanos/proyecto_ws/install/robot_hardware/lib'
[3.810s] Level 1:colcon.colcon_core.environment:checking '/home/samuel_arteaga/Desktop/Roboticos_Insanos/proyecto_ws/install/robot_hardware/bin'
[3.810s] Level 1:colcon.colcon_core.environment:checking '/home/samuel_arteaga/Desktop/Roboticos_Insanos/proyecto_ws/install/robot_hardware/lib/pkgconfig/robot_hardware.pc'
[3.810s] Level 1:colcon.colcon_core.environment:checking '/home/samuel_arteaga/Desktop/Roboticos_Insanos/proyecto_ws/install/robot_hardware/lib/python3.12/site-packages'
[3.810s] Level 1:colcon.colcon_core.shell:create_environment_hook('robot_hardware', 'pythonpath')
[3.811s] INFO:colcon.colcon_core.shell:Creating environment hook '/home/samuel_arteaga/Desktop/Roboticos_Insanos/proyecto_ws/install/robot_hardware/share/robot_hardware/hook/pythonpath.ps1'
[3.811s] INFO:colcon.colcon_core.shell:Creating environment descriptor '/home/samuel_arteaga/Desktop/Roboticos_Insanos/proyecto_ws/install/robot_hardware/share/robot_hardware/hook/pythonpath.dsv'
[3.811s] INFO:colcon.colcon_core.shell:Creating environment hook '/home/samuel_arteaga/Desktop/Roboticos_Insanos/proyecto_ws/install/robot_hardware/share/robot_hardware/hook/pythonpath.sh'
[3.812s] Level 1:colcon.colcon_core.environment:checking '/home/samuel_arteaga/Desktop/Roboticos_Insanos/proyecto_ws/install/robot_hardware/bin'
[3.812s] Level 1:colcon.colcon_core.environment:create_environment_scripts_only(robot_hardware)
[3.812s] INFO:colcon.colcon_core.shell:Creating package script '/home/samuel_arteaga/Desktop/Roboticos_Insanos/proyecto_ws/install/robot_hardware/share/robot_hardware/package.ps1'
[3.813s] INFO:colcon.colcon_core.shell:Creating package descriptor '/home/samuel_arteaga/Desktop/Roboticos_Insanos/proyecto_ws/install/robot_hardware/share/robot_hardware/package.dsv'
[3.813s] INFO:colcon.colcon_core.shell:Creating package script '/home/samuel_arteaga/Desktop/Roboticos_Insanos/proyecto_ws/install/robot_hardware/share/robot_hardware/package.sh'
[3.814s] INFO:colcon.colcon_core.shell:Creating package script '/home/samuel_arteaga/Desktop/Roboticos_Insanos/proyecto_ws/install/robot_hardware/share/robot_hardware/package.bash'
[3.814s] INFO:colcon.colcon_core.shell:Creating package script '/home/samuel_arteaga/Desktop/Roboticos_Insanos/proyecto_ws/install/robot_hardware/share/robot_hardware/package.zsh'
[3.814s] Level 1:colcon.colcon_core.environment:create_file_with_runtime_dependencies(/home/samuel_arteaga/Desktop/Roboticos_Insanos/proyecto_ws/install/robot_hardware/share/colcon-core/packages/robot_hardware)
[3.814s] DEBUG:colcon.colcon_parallel_executor.executor.parallel:closing loop
[3.815s] DEBUG:colcon.colcon_parallel_executor.executor.parallel:loop closed
[3.815s] DEBUG:colcon.colcon_parallel_executor.executor.parallel:run_until_complete finished with '0'
[3.815s] DEBUG:colcon.colcon_core.event_reactor:joining thread
[3.824s] INFO:colcon.colcon_core.plugin_system:Skipping extension 'colcon_notification.desktop_notification.terminal_notifier': Not used on non-Darwin systems
[3.825s] INFO:colcon.colcon_core.plugin_system:Skipping extension 'colcon_notification.desktop_notification.win32': Not used on non-Windows systems
[3.825s] INFO:colcon.colcon_notification.desktop_notification:Sending desktop notification using 'notify2'
[3.863s] DEBUG:colcon.colcon_core.event_reactor:joined thread
[3.863s] INFO:colcon.colcon_core.shell:Creating prefix script '/home/samuel_arteaga/Desktop/Roboticos_Insanos/proyecto_ws/install/local_setup.ps1'
[3.865s] INFO:colcon.colcon_core.shell:Creating prefix util module '/home/samuel_arteaga/Desktop/Roboticos_Insanos/proyecto_ws/install/_local_setup_util_ps1.py'
[3.866s] INFO:colcon.colcon_core.shell:Creating prefix chain script '/home/samuel_arteaga/Desktop/Roboticos_Insanos/proyecto_ws/install/setup.ps1'
[3.868s] INFO:colcon.colcon_core.shell:Creating prefix script '/home/samuel_arteaga/Desktop/Roboticos_Insanos/proyecto_ws/install/local_setup.sh'
[3.869s] INFO:colcon.colcon_core.shell:Creating prefix util module '/home/samuel_arteaga/Desktop/Roboticos_Insanos/proyecto_ws/install/_local_setup_util_sh.py'
[3.870s] INFO:colcon.colcon_core.shell:Creating prefix chain script '/home/samuel_arteaga/Desktop/Roboticos_Insanos/proyecto_ws/install/setup.sh'
[3.872s] INFO:colcon.colcon_core.shell:Creating prefix script '/home/samuel_arteaga/Desktop/Roboticos_Insanos/proyecto_ws/install/local_setup.bash'
[3.873s] INFO:colcon.colcon_core.shell:Creating prefix chain script '/home/samuel_arteaga/Desktop/Roboticos_Insanos/proyecto_ws/install/setup.bash'
[3.876s] INFO:colcon.colcon_core.shell:Creating prefix script '/home/samuel_arteaga/Desktop/Roboticos_Insanos/proyecto_ws/install/local_setup.zsh'
[3.879s] INFO:colcon.colcon_core.shell:Creating prefix chain script '/home/samuel_arteaga/Desktop/Roboticos_Insanos/proyecto_ws/install/setup.zsh'
