[1.707s] Invoking command in '/home/davicito/CursoRobotica/proyecto/src/robot_hardware': DEBUGINFOD_URLS=https://debuginfod.ubuntu.com PYTHONPATH=/home/davicito/CursoRobotica/proyecto/build/robot_hardware/prefix_override:/usr/lib/python3/dist-packages/colcon_core/task/python/colcon_distutils_commands:/home/davicito/CursoRobotica/proyecto/install/robot_hardware/lib/python3.12/site-packages:${PYTHONPATH} /usr/bin/python3 -W ignore:setup.py install is deprecated -W ignore:easy_install command is deprecated setup.py egg_info --egg-base ../../build/robot_hardware build --build-base /home/davicito/CursoRobotica/proyecto/build/robot_hardware/build install --record /home/davicito/CursoRobotica/proyecto/build/robot_hardware/install.log --single-version-externally-managed install_data
[1.989s] running egg_info
[2.013s] writing ../../build/robot_hardware/robot_hardware.egg-info/PKG-INFO
[2.025s] writing dependency_links to ../../build/robot_hardware/robot_hardware.egg-info/dependency_links.txt
[2.026s] writing entry points to ../../build/robot_hardware/robot_hardware.egg-info/entry_points.txt
[2.026s] writing requirements to ../../build/robot_hardware/robot_hardware.egg-info/requires.txt
[2.026s] writing top-level names to ../../build/robot_hardware/robot_hardware.egg-info/top_level.txt
[2.073s] reading manifest file '../../build/robot_hardware/robot_hardware.egg-info/SOURCES.txt'
[2.074s] writing manifest file '../../build/robot_hardware/robot_hardware.egg-info/SOURCES.txt'
[2.074s] running build
[2.074s] running build_py
[2.074s] copying robot_hardware/robot_actuators.py -> /home/davicito/CursoRobotica/proyecto/build/robot_hardware/build/lib/robot_hardware
[2.074s] running install
[2.079s] running install_lib
[2.102s] copying /home/davicito/CursoRobotica/proyecto/build/robot_hardware/build/lib/robot_hardware/robot_actuators.py -> /home/davicito/CursoRobotica/proyecto/install/robot_hardware/lib/python3.12/site-packages/robot_hardware
[2.102s] byte-compiling /home/davicito/CursoRobotica/proyecto/install/robot_hardware/lib/python3.12/site-packages/robot_hardware/robot_actuators.py to robot_actuators.cpython-312.pyc
[2.103s] byte-compiling /home/davicito/CursoRobotica/proyecto/install/robot_hardware/lib/python3.12/site-packages/robot_hardware/__init__.py to __init__.cpython-312.pyc
[2.103s] running install_data
[2.103s] running install_egg_info
[2.126s] removing '/home/davicito/CursoRobotica/proyecto/install/robot_hardware/lib/python3.12/site-packages/robot_hardware-0.0.0-py3.12.egg-info' (and everything under it)
[2.127s] Copying ../../build/robot_hardware/robot_hardware.egg-info to /home/davicito/CursoRobotica/proyecto/install/robot_hardware/lib/python3.12/site-packages/robot_hardware-0.0.0-py3.12.egg-info
[2.127s] running install_scripts
[2.275s] Installing robot_hardware script to /home/davicito/CursoRobotica/proyecto/install/robot_hardware/lib/robot_hardware
[2.276s] writing list of installed files to '/home/davicito/CursoRobotica/proyecto/build/robot_hardware/install.log'
[2.324s] Invoked command in '/home/davicito/CursoRobotica/proyecto/src/robot_hardware' returned '0': DEBUGINFOD_URLS=https://debuginfod.ubuntu.com PYTHONPATH=/home/davicito/CursoRobotica/proyecto/build/robot_hardware/prefix_override:/usr/lib/python3/dist-packages/colcon_core/task/python/colcon_distutils_commands:/home/davicito/CursoRobotica/proyecto/install/robot_hardware/lib/python3.12/site-packages:${PYTHONPATH} /usr/bin/python3 -W ignore:setup.py install is deprecated -W ignore:easy_install command is deprecated setup.py egg_info --egg-base ../../build/robot_hardware build --build-base /home/davicito/CursoRobotica/proyecto/build/robot_hardware/build install --record /home/davicito/CursoRobotica/proyecto/build/robot_hardware/install.log --single-version-externally-managed install_data
