running develop
running egg_info
creating robot_kinematics.egg-info
writing robot_kinematics.egg-info/PKG-INFO
writing dependency_links to robot_kinematics.egg-info/dependency_links.txt
writing entry points to robot_kinematics.egg-info/entry_points.txt
writing requirements to robot_kinematics.egg-info/requires.txt
writing top-level names to robot_kinematics.egg-info/top_level.txt
writing manifest file 'robot_kinematics.egg-info/SOURCES.txt'
reading manifest file 'robot_kinematics.egg-info/SOURCES.txt'
writing manifest file 'robot_kinematics.egg-info/SOURCES.txt'
running build_ext
Creating /home/samuel_arteaga/Desktop/Roboticos_Insanos/proyecto_ws/install/robot_kinematics/lib/python3.12/site-packages/robot-kinematics.egg-link (link to .)
Installing trajectory_publisher script to /home/samuel_arteaga/Desktop/Roboticos_Insanos/proyecto_ws/install/robot_kinematics/lib/robot_kinematics

Installed /home/samuel_arteaga/Desktop/Roboticos_Insanos/proyecto_ws/build/robot_kinematics
running symlink_data
creating /home/samuel_arteaga/Desktop/Roboticos_Insanos/proyecto_ws/install/robot_kinematics/share/ament_index
creating /home/samuel_arteaga/Desktop/Roboticos_Insanos/proyecto_ws/install/robot_kinematics/share/ament_index/resource_index
creating /home/samuel_arteaga/Desktop/Roboticos_Insanos/proyecto_ws/install/robot_kinematics/share/ament_index/resource_index/packages
symbolically linking /home/samuel_arteaga/Desktop/Roboticos_Insanos/proyecto_ws/build/robot_kinematics/resource/robot_kinematics -> /home/samuel_arteaga/Desktop/Roboticos_Insanos/proyecto_ws/install/robot_kinematics/share/ament_index/resource_index/packages
symbolically linking /home/samuel_arteaga/Desktop/Roboticos_Insanos/proyecto_ws/build/robot_kinematics/package.xml -> /home/samuel_arteaga/Desktop/Roboticos_Insanos/proyecto_ws/install/robot_kinematics/share/robot_kinematics
