[1.415s] Invoking command in '/home/davicito/Roboticos_Insanos/proyecto_ws/build/robot_hardware': DEBUGINFOD_URLS=https://debuginfod.ubuntu.com PYTHONPATH=/home/davicito/Roboticos_Insanos/proyecto_ws/build/robot_hardware/prefix_override:/usr/lib/python3/dist-packages/colcon_core/task/python/colcon_distutils_commands:/home/davicito/Roboticos_Insanos/proyecto_ws/install/robot_hardware/lib/python3.12/site-packages:${PYTHONPATH} /usr/bin/python3 -W ignore:setup.py install is deprecated -W ignore:easy_install command is deprecated setup.py develop --editable --build-directory /home/davicito/Roboticos_Insanos/proyecto_ws/build/robot_hardware/build --no-deps symlink_data
[1.772s] running develop
[2.019s] running egg_info
[2.019s] creating robot_hardware.egg-info
[2.043s] writing robot_hardware.egg-info/PKG-INFO
[2.044s] writing dependency_links to robot_hardware.egg-info/dependency_links.txt
[2.044s] writing entry points to robot_hardware.egg-info/entry_points.txt
[2.044s] writing requirements to robot_hardware.egg-info/requires.txt
[2.044s] writing top-level names to robot_hardware.egg-info/top_level.txt
[2.044s] writing manifest file 'robot_hardware.egg-info/SOURCES.txt'
[2.093s] reading manifest file 'robot_hardware.egg-info/SOURCES.txt'
[2.093s] writing manifest file 'robot_hardware.egg-info/SOURCES.txt'
[2.149s] running build_ext
[2.149s] Creating /home/davicito/Roboticos_Insanos/proyecto_ws/install/robot_hardware/lib/python3.12/site-packages/robot-hardware.egg-link (link to .)
[2.149s] Installing robot_hardware script to /home/davicito/Roboticos_Insanos/proyecto_ws/install/robot_hardware/lib/robot_hardware
[2.149s] 
[2.150s] Installed /home/davicito/Roboticos_Insanos/proyecto_ws/build/robot_hardware
[2.150s] running symlink_data
[2.150s] creating /home/davicito/Roboticos_Insanos/proyecto_ws/install/robot_hardware/share/ament_index
[2.150s] creating /home/davicito/Roboticos_Insanos/proyecto_ws/install/robot_hardware/share/ament_index/resource_index
[2.150s] creating /home/davicito/Roboticos_Insanos/proyecto_ws/install/robot_hardware/share/ament_index/resource_index/packages
[2.150s] symbolically linking /home/davicito/Roboticos_Insanos/proyecto_ws/build/robot_hardware/resource/robot_hardware -> /home/davicito/Roboticos_Insanos/proyecto_ws/install/robot_hardware/share/ament_index/resource_index/packages
[2.150s] symbolically linking /home/davicito/Roboticos_Insanos/proyecto_ws/build/robot_hardware/package.xml -> /home/davicito/Roboticos_Insanos/proyecto_ws/install/robot_hardware/share/robot_hardware
[2.215s] Invoked command in '/home/davicito/Roboticos_Insanos/proyecto_ws/build/robot_hardware' returned '0': DEBUGINFOD_URLS=https://debuginfod.ubuntu.com PYTHONPATH=/home/davicito/Roboticos_Insanos/proyecto_ws/build/robot_hardware/prefix_override:/usr/lib/python3/dist-packages/colcon_core/task/python/colcon_distutils_commands:/home/davicito/Roboticos_Insanos/proyecto_ws/install/robot_hardware/lib/python3.12/site-packages:${PYTHONPATH} /usr/bin/python3 -W ignore:setup.py install is deprecated -W ignore:easy_install command is deprecated setup.py develop --editable --build-directory /home/davicito/Roboticos_Insanos/proyecto_ws/build/robot_hardware/build --no-deps symlink_data
