[2.208s] Invoking command in '/home/samuel_arteaga/Desktop/Roboticos_Insanos/proyecto_ws/build/robot_hardware': DEBUGINFOD_URLS=https://debuginfod.ubuntu.com PYTHONPATH=/home/samuel_arteaga/Desktop/Roboticos_Insanos/proyecto_ws/build/robot_hardware/prefix_override:/usr/lib/python3/dist-packages/colcon_core/task/python/colcon_distutils_commands:/home/samuel_arteaga/Desktop/Roboticos_Insanos/proyecto_ws/install/robot_hardware/lib/python3.12/site-packages:${PYTHONPATH} /usr/bin/python3 -W ignore:setup.py install is deprecated -W ignore:easy_install command is deprecated setup.py develop --editable --build-directory /home/samuel_arteaga/Desktop/Roboticos_Insanos/proyecto_ws/build/robot_hardware/build --no-deps symlink_data
[2.735s] running develop
[2.994s] running egg_info
[2.994s] creating robot_hardware.egg-info
[3.024s] writing robot_hardware.egg-info/PKG-INFO
[3.025s] writing dependency_links to robot_hardware.egg-info/dependency_links.txt
[3.025s] writing entry points to robot_hardware.egg-info/entry_points.txt
[3.025s] writing requirements to robot_hardware.egg-info/requires.txt
[3.025s] writing top-level names to robot_hardware.egg-info/top_level.txt
[3.025s] writing manifest file 'robot_hardware.egg-info/SOURCES.txt'
[3.079s] reading manifest file 'robot_hardware.egg-info/SOURCES.txt'
[3.080s] writing manifest file 'robot_hardware.egg-info/SOURCES.txt'
[3.108s] running build_ext
[3.108s] Creating /home/samuel_arteaga/Desktop/Roboticos_Insanos/proyecto_ws/install/robot_hardware/lib/python3.12/site-packages/robot-hardware.egg-link (link to .)
[3.109s] Installing robot_hardware script to /home/samuel_arteaga/Desktop/Roboticos_Insanos/proyecto_ws/install/robot_hardware/lib/robot_hardware
[3.109s] 
[3.109s] Installed /home/samuel_arteaga/Desktop/Roboticos_Insanos/proyecto_ws/build/robot_hardware
[3.109s] running symlink_data
[3.109s] creating /home/samuel_arteaga/Desktop/Roboticos_Insanos/proyecto_ws/install/robot_hardware/share/ament_index
[3.110s] creating /home/samuel_arteaga/Desktop/Roboticos_Insanos/proyecto_ws/install/robot_hardware/share/ament_index/resource_index
[3.110s] creating /home/samuel_arteaga/Desktop/Roboticos_Insanos/proyecto_ws/install/robot_hardware/share/ament_index/resource_index/packages
[3.110s] symbolically linking /home/samuel_arteaga/Desktop/Roboticos_Insanos/proyecto_ws/build/robot_hardware/resource/robot_hardware -> /home/samuel_arteaga/Desktop/Roboticos_Insanos/proyecto_ws/install/robot_hardware/share/ament_index/resource_index/packages
[3.110s] symbolically linking /home/samuel_arteaga/Desktop/Roboticos_Insanos/proyecto_ws/build/robot_hardware/package.xml -> /home/samuel_arteaga/Desktop/Roboticos_Insanos/proyecto_ws/install/robot_hardware/share/robot_hardware
[3.152s] Invoked command in '/home/samuel_arteaga/Desktop/Roboticos_Insanos/proyecto_ws/build/robot_hardware' returned '0': DEBUGINFOD_URLS=https://debuginfod.ubuntu.com PYTHONPATH=/home/samuel_arteaga/Desktop/Roboticos_Insanos/proyecto_ws/build/robot_hardware/prefix_override:/usr/lib/python3/dist-packages/colcon_core/task/python/colcon_distutils_commands:/home/samuel_arteaga/Desktop/Roboticos_Insanos/proyecto_ws/install/robot_hardware/lib/python3.12/site-packages:${PYTHONPATH} /usr/bin/python3 -W ignore:setup.py install is deprecated -W ignore:easy_install command is deprecated setup.py develop --editable --build-directory /home/samuel_arteaga/Desktop/Roboticos_Insanos/proyecto_ws/build/robot_hardware/build --no-deps symlink_data
