[1.412s] Invoking command in '/home/davicito/Roboticos_Insanos/proyecto_ws/build/robot_bringup': DEBUGINFOD_URLS=https://debuginfod.ubuntu.com PYTHONPATH=/home/davicito/Roboticos_Insanos/proyecto_ws/build/robot_bringup/prefix_override:/usr/lib/python3/dist-packages/colcon_core/task/python/colcon_distutils_commands:/home/davicito/Roboticos_Insanos/proyecto_ws/install/robot_bringup/lib/python3.12/site-packages:${PYTHONPATH} /usr/bin/python3 -W ignore:setup.py install is deprecated -W ignore:easy_install command is deprecated setup.py develop --editable --build-directory /home/davicito/Roboticos_Insanos/proyecto_ws/build/robot_bringup/build --no-deps symlink_data
[1.761s] running develop
[2.000s] running egg_info
[2.000s] creating robot_bringup.egg-info
[2.022s] writing robot_bringup.egg-info/PKG-INFO
[2.023s] writing dependency_links to robot_bringup.egg-info/dependency_links.txt
[2.023s] writing requirements to robot_bringup.egg-info/requires.txt
[2.023s] writing top-level names to robot_bringup.egg-info/top_level.txt
[2.023s] writing manifest file 'robot_bringup.egg-info/SOURCES.txt'
[2.069s] reading manifest file 'robot_bringup.egg-info/SOURCES.txt'
[2.069s] writing manifest file 'robot_bringup.egg-info/SOURCES.txt'
[2.093s] running build_ext
[2.094s] Creating /home/davicito/Roboticos_Insanos/proyecto_ws/install/robot_bringup/lib/python3.12/site-packages/robot-bringup.egg-link (link to .)
[2.094s] 
[2.094s] Installed /home/davicito/Roboticos_Insanos/proyecto_ws/build/robot_bringup
[2.094s] running symlink_data
[2.094s] creating /home/davicito/Roboticos_Insanos/proyecto_ws/install/robot_bringup/share/ament_index
[2.095s] creating /home/davicito/Roboticos_Insanos/proyecto_ws/install/robot_bringup/share/ament_index/resource_index
[2.095s] creating /home/davicito/Roboticos_Insanos/proyecto_ws/install/robot_bringup/share/ament_index/resource_index/packages
[2.095s] symbolically linking /home/davicito/Roboticos_Insanos/proyecto_ws/build/robot_bringup/resource/robot_bringup -> /home/davicito/Roboticos_Insanos/proyecto_ws/install/robot_bringup/share/ament_index/resource_index/packages
[2.095s] symbolically linking /home/davicito/Roboticos_Insanos/proyecto_ws/build/robot_bringup/package.xml -> /home/davicito/Roboticos_Insanos/proyecto_ws/install/robot_bringup/share/robot_bringup
[2.095s] creating /home/davicito/Roboticos_Insanos/proyecto_ws/install/robot_bringup/share/robot_bringup/launch
[2.095s] symbolically linking /home/davicito/Roboticos_Insanos/proyecto_ws/build/robot_bringup/launch/trajectory_bringup.launch.py -> /home/davicito/Roboticos_Insanos/proyecto_ws/install/robot_bringup/share/robot_bringup/launch
[2.095s] symbolically linking /home/davicito/Roboticos_Insanos/proyecto_ws/build/robot_bringup/launch/rviz_bringup.launch.py -> /home/davicito/Roboticos_Insanos/proyecto_ws/install/robot_bringup/share/robot_bringup/launch
[2.133s] Invoked command in '/home/davicito/Roboticos_Insanos/proyecto_ws/build/robot_bringup' returned '0': DEBUGINFOD_URLS=https://debuginfod.ubuntu.com PYTHONPATH=/home/davicito/Roboticos_Insanos/proyecto_ws/build/robot_bringup/prefix_override:/usr/lib/python3/dist-packages/colcon_core/task/python/colcon_distutils_commands:/home/davicito/Roboticos_Insanos/proyecto_ws/install/robot_bringup/lib/python3.12/site-packages:${PYTHONPATH} /usr/bin/python3 -W ignore:setup.py install is deprecated -W ignore:easy_install command is deprecated setup.py develop --editable --build-directory /home/davicito/Roboticos_Insanos/proyecto_ws/build/robot_bringup/build --no-deps symlink_data
