[5.829s] DEBUG:colcon:Command line arguments: ['/usr/bin/colcon', 'build', '--symlink-install']
[5.829s] DEBUG:colcon:Parsed command line arguments: Namespace(log_base=None, log_level=None, verb_name='build', build_base='build', install_base='install', merge_install=False, symlink_install=True, test_result_base=None, continue_on_error=False, executor='parallel', parallel_workers=12, event_handlers=None, ignore_user_meta=False, metas=['./colcon.meta'], base_paths=['.'], packages_ignore=None, packages_ignore_regex=None, paths=None, packages_up_to=None, packages_up_to_regex=None, packages_above=None, packages_above_and_dependencies=None, packages_above_depth=None, packages_select_by_dep=None, packages_skip_by_dep=None, packages_skip_up_to=None, packages_select_build_failed=False, packages_skip_build_finished=False, packages_select_test_failures=False, packages_skip_test_passed=False, packages_select=None, packages_skip=None, packages_select_regex=None, packages_skip_regex=None, packages_start=None, packages_end=None, allow_overriding=[], cmake_args=None, cmake_target=None, cmake_target_skip_unavailable=False, cmake_clean_cache=False, cmake_clean_first=False, cmake_force_configure=False, ament_cmake_args=None, catkin_cmake_args=None, catkin_skip_building_tests=False, mixin_files=None, mixin=None, verb_parser=<colcon_mixin.mixin.mixin_argument.MixinArgumentDecorator object at 0x7617a28c48f0>, verb_extension=<colcon_core.verb.build.BuildVerb object at 0x7617a29e4da0>, main=<bound method BuildVerb.main of <colcon_core.verb.build.BuildVerb object at 0x7617a29e4da0>>, mixin_verb=('build',))
[5.941s] Level 1:colcon.colcon_core.package_discovery:discover_packages(colcon_meta) check parameters
[5.941s] Level 1:colcon.colcon_core.package_discovery:discover_packages(recursive) check parameters
[5.941s] Level 1:colcon.colcon_core.package_discovery:discover_packages(ignore) check parameters
[5.941s] Level 1:colcon.colcon_core.package_discovery:discover_packages(path) check parameters
[5.941s] Level 1:colcon.colcon_core.package_discovery:discover_packages(colcon_meta) discover
[5.942s] Level 1:colcon.colcon_core.package_discovery:discover_packages(recursive) discover
[5.942s] INFO:colcon.colcon_core.package_discovery:Crawling recursively for packages in '/home/davicito/Roboticos_Insanos/proyecto_ws'
[5.942s] Level 1:colcon.colcon_core.package_identification:_identify(.) by extensions ['ignore', 'ignore_ament_install']
[5.942s] Level 1:colcon.colcon_core.package_identification:_identify(.) by extension 'ignore'
[5.942s] Level 1:colcon.colcon_core.package_identification:_identify(.) by extension 'ignore_ament_install'
[5.942s] Level 1:colcon.colcon_core.package_identification:_identify(.) by extensions ['colcon_pkg']
[5.942s] Level 1:colcon.colcon_core.package_identification:_identify(.) by extension 'colcon_pkg'
[5.942s] Level 1:colcon.colcon_core.package_identification:_identify(.) by extensions ['colcon_meta']
[5.942s] Level 1:colcon.colcon_core.package_identification:_identify(.) by extension 'colcon_meta'
[5.942s] Level 1:colcon.colcon_core.package_identification:_identify(.) by extensions ['ros']
[5.942s] Level 1:colcon.colcon_core.package_identification:_identify(.) by extension 'ros'
[5.992s] Level 1:colcon.colcon_core.package_identification:_identify(.) by extensions ['cmake', 'python']
[5.992s] Level 1:colcon.colcon_core.package_identification:_identify(.) by extension 'cmake'
[5.992s] Level 1:colcon.colcon_core.package_identification:_identify(.) by extension 'python'
[5.992s] Level 1:colcon.colcon_core.package_identification:_identify(.) by extensions ['python_setup_py']
[5.992s] Level 1:colcon.colcon_core.package_identification:_identify(.) by extension 'python_setup_py'
[5.992s] Level 1:colcon.colcon_core.package_identification:_identify(build) by extensions ['ignore', 'ignore_ament_install']
[5.992s] Level 1:colcon.colcon_core.package_identification:_identify(build) by extension 'ignore'
[5.992s] Level 1:colcon.colcon_core.package_identification:_identify(build) ignored
[5.992s] Level 1:colcon.colcon_core.package_identification:_identify(install) by extensions ['ignore', 'ignore_ament_install']
[5.992s] Level 1:colcon.colcon_core.package_identification:_identify(install) by extension 'ignore'
[5.992s] Level 1:colcon.colcon_core.package_identification:_identify(install) ignored
[5.993s] Level 1:colcon.colcon_core.package_identification:_identify(log) by extensions ['ignore', 'ignore_ament_install']
[5.993s] Level 1:colcon.colcon_core.package_identification:_identify(log) by extension 'ignore'
[5.993s] Level 1:colcon.colcon_core.package_identification:_identify(log) ignored
[5.993s] Level 1:colcon.colcon_core.package_identification:_identify(src) by extensions ['ignore', 'ignore_ament_install']
[5.993s] Level 1:colcon.colcon_core.package_identification:_identify(src) by extension 'ignore'
[5.993s] Level 1:colcon.colcon_core.package_identification:_identify(src) by extension 'ignore_ament_install'
[5.993s] Level 1:colcon.colcon_core.package_identification:_identify(src) by extensions ['colcon_pkg']
[5.993s] Level 1:colcon.colcon_core.package_identification:_identify(src) by extension 'colcon_pkg'
[5.993s] Level 1:colcon.colcon_core.package_identification:_identify(src) by extensions ['colcon_meta']
[5.993s] Level 1:colcon.colcon_core.package_identification:_identify(src) by extension 'colcon_meta'
[5.993s] Level 1:colcon.colcon_core.package_identification:_identify(src) by extensions ['ros']
[5.993s] Level 1:colcon.colcon_core.package_identification:_identify(src) by extension 'ros'
[5.993s] Level 1:colcon.colcon_core.package_identification:_identify(src) by extensions ['cmake', 'python']
[5.993s] Level 1:colcon.colcon_core.package_identification:_identify(src) by extension 'cmake'
[5.993s] Level 1:colcon.colcon_core.package_identification:_identify(src) by extension 'python'
[5.993s] Level 1:colcon.colcon_core.package_identification:_identify(src) by extensions ['python_setup_py']
[5.993s] Level 1:colcon.colcon_core.package_identification:_identify(src) by extension 'python_setup_py'
[5.993s] Level 1:colcon.colcon_core.package_identification:_identify(src/install) by extensions ['ignore', 'ignore_ament_install']
[5.993s] Level 1:colcon.colcon_core.package_identification:_identify(src/install) by extension 'ignore'
[5.993s] Level 1:colcon.colcon_core.package_identification:_identify(src/install) ignored
[5.993s] Level 1:colcon.colcon_core.package_identification:_identify(src/robot_bringup) by extensions ['ignore', 'ignore_ament_install']
[5.994s] Level 1:colcon.colcon_core.package_identification:_identify(src/robot_bringup) by extension 'ignore'
[5.994s] Level 1:colcon.colcon_core.package_identification:_identify(src/robot_bringup) by extension 'ignore_ament_install'
[5.994s] Level 1:colcon.colcon_core.package_identification:_identify(src/robot_bringup) by extensions ['colcon_pkg']
[5.994s] Level 1:colcon.colcon_core.package_identification:_identify(src/robot_bringup) by extension 'colcon_pkg'
[5.994s] Level 1:colcon.colcon_core.package_identification:_identify(src/robot_bringup) by extensions ['colcon_meta']
[5.994s] Level 1:colcon.colcon_core.package_identification:_identify(src/robot_bringup) by extension 'colcon_meta'
[5.994s] Level 1:colcon.colcon_core.package_identification:_identify(src/robot_bringup) by extensions ['ros']
[5.994s] Level 1:colcon.colcon_core.package_identification:_identify(src/robot_bringup) by extension 'ros'
[6.001s] DEBUG:colcon.colcon_core.package_identification:Package 'src/robot_bringup' with type 'ros.ament_python' and name 'robot_bringup'
[6.001s] Level 1:colcon.colcon_core.package_identification:_identify(src/robot_description) by extensions ['ignore', 'ignore_ament_install']
[6.001s] Level 1:colcon.colcon_core.package_identification:_identify(src/robot_description) by extension 'ignore'
[6.001s] Level 1:colcon.colcon_core.package_identification:_identify(src/robot_description) by extension 'ignore_ament_install'
[6.001s] Level 1:colcon.colcon_core.package_identification:_identify(src/robot_description) by extensions ['colcon_pkg']
[6.001s] Level 1:colcon.colcon_core.package_identification:_identify(src/robot_description) by extension 'colcon_pkg'
[6.001s] Level 1:colcon.colcon_core.package_identification:_identify(src/robot_description) by extensions ['colcon_meta']
[6.001s] Level 1:colcon.colcon_core.package_identification:_identify(src/robot_description) by extension 'colcon_meta'
[6.001s] Level 1:colcon.colcon_core.package_identification:_identify(src/robot_description) by extensions ['ros']
[6.001s] Level 1:colcon.colcon_core.package_identification:_identify(src/robot_description) by extension 'ros'
[6.003s] DEBUG:colcon.colcon_core.package_identification:Package 'src/robot_description' with type 'ros.ament_python' and name 'robot_description'
[6.003s] Level 1:colcon.colcon_core.package_identification:_identify(src/robot_hardware) by extensions ['ignore', 'ignore_ament_install']
[6.003s] Level 1:colcon.colcon_core.package_identification:_identify(src/robot_hardware) by extension 'ignore'
[6.003s] Level 1:colcon.colcon_core.package_identification:_identify(src/robot_hardware) by extension 'ignore_ament_install'
[6.003s] Level 1:colcon.colcon_core.package_identification:_identify(src/robot_hardware) by extensions ['colcon_pkg']
[6.003s] Level 1:colcon.colcon_core.package_identification:_identify(src/robot_hardware) by extension 'colcon_pkg'
[6.003s] Level 1:colcon.colcon_core.package_identification:_identify(src/robot_hardware) by extensions ['colcon_meta']
[6.003s] Level 1:colcon.colcon_core.package_identification:_identify(src/robot_hardware) by extension 'colcon_meta'
[6.003s] Level 1:colcon.colcon_core.package_identification:_identify(src/robot_hardware) by extensions ['ros']
[6.003s] Level 1:colcon.colcon_core.package_identification:_identify(src/robot_hardware) by extension 'ros'
[6.004s] DEBUG:colcon.colcon_core.package_identification:Package 'src/robot_hardware' with type 'ros.ament_python' and name 'robot_hardware'
[6.004s] Level 1:colcon.colcon_core.package_identification:_identify(src/robot_kinematics) by extensions ['ignore', 'ignore_ament_install']
[6.004s] Level 1:colcon.colcon_core.package_identification:_identify(src/robot_kinematics) by extension 'ignore'
[6.004s] Level 1:colcon.colcon_core.package_identification:_identify(src/robot_kinematics) by extension 'ignore_ament_install'
[6.004s] Level 1:colcon.colcon_core.package_identification:_identify(src/robot_kinematics) by extensions ['colcon_pkg']
[6.005s] Level 1:colcon.colcon_core.package_identification:_identify(src/robot_kinematics) by extension 'colcon_pkg'
[6.005s] Level 1:colcon.colcon_core.package_identification:_identify(src/robot_kinematics) by extensions ['colcon_meta']
[6.005s] Level 1:colcon.colcon_core.package_identification:_identify(src/robot_kinematics) by extension 'colcon_meta'
[6.005s] Level 1:colcon.colcon_core.package_identification:_identify(src/robot_kinematics) by extensions ['ros']
[6.005s] Level 1:colcon.colcon_core.package_identification:_identify(src/robot_kinematics) by extension 'ros'
[6.005s] DEBUG:colcon.colcon_core.package_identification:Package 'src/robot_kinematics' with type 'ros.ament_python' and name 'robot_kinematics'
[6.005s] Level 1:colcon.colcon_core.package_discovery:discover_packages(recursive) using defaults
[6.006s] Level 1:colcon.colcon_core.package_discovery:discover_packages(ignore) discover
[6.006s] Level 1:colcon.colcon_core.package_discovery:discover_packages(ignore) using defaults
[6.006s] Level 1:colcon.colcon_core.package_discovery:discover_packages(path) discover
[6.006s] Level 1:colcon.colcon_core.package_discovery:discover_packages(path) using defaults
[6.048s] Level 1:colcon.colcon_core.package_discovery:discover_packages(prefix_path) check parameters
[6.048s] Level 1:colcon.colcon_core.package_discovery:discover_packages(prefix_path) discover
[6.054s] DEBUG:colcon.colcon_installed_package_information.package_discovery:Found 292 installed packages in /opt/ros/jazzy
[6.056s] Level 1:colcon.colcon_core.package_discovery:discover_packages(prefix_path) using defaults
[6.099s] Level 5:colcon.colcon_core.verb:set package 'robot_bringup' build argument 'cmake_args' from command line to 'None'
[6.099s] Level 5:colcon.colcon_core.verb:set package 'robot_bringup' build argument 'cmake_target' from command line to 'None'
[6.099s] Level 5:colcon.colcon_core.verb:set package 'robot_bringup' build argument 'cmake_target_skip_unavailable' from command line to 'False'
[6.099s] Level 5:colcon.colcon_core.verb:set package 'robot_bringup' build argument 'cmake_clean_cache' from command line to 'False'
[6.099s] Level 5:colcon.colcon_core.verb:set package 'robot_bringup' build argument 'cmake_clean_first' from command line to 'False'
[6.099s] Level 5:colcon.colcon_core.verb:set package 'robot_bringup' build argument 'cmake_force_configure' from command line to 'False'
[6.099s] Level 5:colcon.colcon_core.verb:set package 'robot_bringup' build argument 'ament_cmake_args' from command line to 'None'
[6.100s] Level 5:colcon.colcon_core.verb:set package 'robot_bringup' build argument 'catkin_cmake_args' from command line to 'None'
[6.100s] Level 5:colcon.colcon_core.verb:set package 'robot_bringup' build argument 'catkin_skip_building_tests' from command line to 'False'
[6.100s] DEBUG:colcon.colcon_core.verb:Building package 'robot_bringup' with the following arguments: {'ament_cmake_args': None, 'build_base': '/home/davicito/Roboticos_Insanos/proyecto_ws/build/robot_bringup', 'catkin_cmake_args': None, 'catkin_skip_building_tests': False, 'cmake_args': None, 'cmake_clean_cache': False, 'cmake_clean_first': False, 'cmake_force_configure': False, 'cmake_target': None, 'cmake_target_skip_unavailable': False, 'install_base': '/home/davicito/Roboticos_Insanos/proyecto_ws/install/robot_bringup', 'merge_install': False, 'path': '/home/davicito/Roboticos_Insanos/proyecto_ws/src/robot_bringup', 'symlink_install': True, 'test_result_base': None}
[6.100s] Level 5:colcon.colcon_core.verb:set package 'robot_description' build argument 'cmake_args' from command line to 'None'
[6.100s] Level 5:colcon.colcon_core.verb:set package 'robot_description' build argument 'cmake_target' from command line to 'None'
[6.100s] Level 5:colcon.colcon_core.verb:set package 'robot_description' build argument 'cmake_target_skip_unavailable' from command line to 'False'
[6.100s] Level 5:colcon.colcon_core.verb:set package 'robot_description' build argument 'cmake_clean_cache' from command line to 'False'
[6.100s] Level 5:colcon.colcon_core.verb:set package 'robot_description' build argument 'cmake_clean_first' from command line to 'False'
[6.100s] Level 5:colcon.colcon_core.verb:set package 'robot_description' build argument 'cmake_force_configure' from command line to 'False'
[6.100s] Level 5:colcon.colcon_core.verb:set package 'robot_description' build argument 'ament_cmake_args' from command line to 'None'
[6.100s] Level 5:colcon.colcon_core.verb:set package 'robot_description' build argument 'catkin_cmake_args' from command line to 'None'
[6.100s] Level 5:colcon.colcon_core.verb:set package 'robot_description' build argument 'catkin_skip_building_tests' from command line to 'False'
[6.100s] DEBUG:colcon.colcon_core.verb:Building package 'robot_description' with the following arguments: {'ament_cmake_args': None, 'build_base': '/home/davicito/Roboticos_Insanos/proyecto_ws/build/robot_description', 'catkin_cmake_args': None, 'catkin_skip_building_tests': False, 'cmake_args': None, 'cmake_clean_cache': False, 'cmake_clean_first': False, 'cmake_force_configure': False, 'cmake_target': None, 'cmake_target_skip_unavailable': False, 'install_base': '/home/davicito/Roboticos_Insanos/proyecto_ws/install/robot_description', 'merge_install': False, 'path': '/home/davicito/Roboticos_Insanos/proyecto_ws/src/robot_description', 'symlink_install': True, 'test_result_base': None}
[6.100s] Level 5:colcon.colcon_core.verb:set package 'robot_hardware' build argument 'cmake_args' from command line to 'None'
[6.100s] Level 5:colcon.colcon_core.verb:set package 'robot_hardware' build argument 'cmake_target' from command line to 'None'
[6.100s] Level 5:colcon.colcon_core.verb:set package 'robot_hardware' build argument 'cmake_target_skip_unavailable' from command line to 'False'
[6.100s] Level 5:colcon.colcon_core.verb:set package 'robot_hardware' build argument 'cmake_clean_cache' from command line to 'False'
[6.100s] Level 5:colcon.colcon_core.verb:set package 'robot_hardware' build argument 'cmake_clean_first' from command line to 'False'
[6.100s] Level 5:colcon.colcon_core.verb:set package 'robot_hardware' build argument 'cmake_force_configure' from command line to 'False'
[6.100s] Level 5:colcon.colcon_core.verb:set package 'robot_hardware' build argument 'ament_cmake_args' from command line to 'None'
[6.100s] Level 5:colcon.colcon_core.verb:set package 'robot_hardware' build argument 'catkin_cmake_args' from command line to 'None'
[6.100s] Level 5:colcon.colcon_core.verb:set package 'robot_hardware' build argument 'catkin_skip_building_tests' from command line to 'False'
[6.100s] DEBUG:colcon.colcon_core.verb:Building package 'robot_hardware' with the following arguments: {'ament_cmake_args': None, 'build_base': '/home/davicito/Roboticos_Insanos/proyecto_ws/build/robot_hardware', 'catkin_cmake_args': None, 'catkin_skip_building_tests': False, 'cmake_args': None, 'cmake_clean_cache': False, 'cmake_clean_first': False, 'cmake_force_configure': False, 'cmake_target': None, 'cmake_target_skip_unavailable': False, 'install_base': '/home/davicito/Roboticos_Insanos/proyecto_ws/install/robot_hardware', 'merge_install': False, 'path': '/home/davicito/Roboticos_Insanos/proyecto_ws/src/robot_hardware', 'symlink_install': True, 'test_result_base': None}
[6.100s] Level 5:colcon.colcon_core.verb:set package 'robot_kinematics' build argument 'cmake_args' from command line to 'None'
[6.100s] Level 5:colcon.colcon_core.verb:set package 'robot_kinematics' build argument 'cmake_target' from command line to 'None'
[6.101s] Level 5:colcon.colcon_core.verb:set package 'robot_kinematics' build argument 'cmake_target_skip_unavailable' from command line to 'False'
[6.101s] Level 5:colcon.colcon_core.verb:set package 'robot_kinematics' build argument 'cmake_clean_cache' from command line to 'False'
[6.101s] Level 5:colcon.colcon_core.verb:set package 'robot_kinematics' build argument 'cmake_clean_first' from command line to 'False'
[6.101s] Level 5:colcon.colcon_core.verb:set package 'robot_kinematics' build argument 'cmake_force_configure' from command line to 'False'
[6.101s] Level 5:colcon.colcon_core.verb:set package 'robot_kinematics' build argument 'ament_cmake_args' from command line to 'None'
[6.101s] Level 5:colcon.colcon_core.verb:set package 'robot_kinematics' build argument 'catkin_cmake_args' from command line to 'None'
[6.101s] Level 5:colcon.colcon_core.verb:set package 'robot_kinematics' build argument 'catkin_skip_building_tests' from command line to 'False'
[6.101s] DEBUG:colcon.colcon_core.verb:Building package 'robot_kinematics' with the following arguments: {'ament_cmake_args': None, 'build_base': '/home/davicito/Roboticos_Insanos/proyecto_ws/build/robot_kinematics', 'catkin_cmake_args': None, 'catkin_skip_building_tests': False, 'cmake_args': None, 'cmake_clean_cache': False, 'cmake_clean_first': False, 'cmake_force_configure': False, 'cmake_target': None, 'cmake_target_skip_unavailable': False, 'install_base': '/home/davicito/Roboticos_Insanos/proyecto_ws/install/robot_kinematics', 'merge_install': False, 'path': '/home/davicito/Roboticos_Insanos/proyecto_ws/src/robot_kinematics', 'symlink_install': True, 'test_result_base': None}
[6.101s] INFO:colcon.colcon_core.executor:Executing jobs using 'parallel' executor
[6.102s] DEBUG:colcon.colcon_parallel_executor.executor.parallel:run_until_complete
[6.102s] INFO:colcon.colcon_ros.task.ament_python.build:Building ROS package in '/home/davicito/Roboticos_Insanos/proyecto_ws/src/robot_bringup' with build type 'ament_python'
[6.102s] Level 1:colcon.colcon_core.shell:create_environment_hook('robot_bringup', 'ament_prefix_path')
[6.109s] INFO:colcon.colcon_core.plugin_system:Skipping extension 'colcon_core.shell.bat': Not used on non-Windows systems
[6.109s] INFO:colcon.colcon_core.shell:Creating environment hook '/home/davicito/Roboticos_Insanos/proyecto_ws/install/robot_bringup/share/robot_bringup/hook/ament_prefix_path.ps1'
[6.110s] INFO:colcon.colcon_core.shell:Creating environment descriptor '/home/davicito/Roboticos_Insanos/proyecto_ws/install/robot_bringup/share/robot_bringup/hook/ament_prefix_path.dsv'
[6.144s] INFO:colcon.colcon_core.shell:Creating environment hook '/home/davicito/Roboticos_Insanos/proyecto_ws/install/robot_bringup/share/robot_bringup/hook/ament_prefix_path.sh'
[6.178s] INFO:colcon.colcon_core.shell:Skip shell extension 'powershell' for command environment: Not usable outside of PowerShell
[6.178s] DEBUG:colcon.colcon_core.shell:Skip shell extension 'dsv' for command environment
[6.211s] INFO:colcon.colcon_ros.task.ament_python.build:Building ROS package in '/home/davicito/Roboticos_Insanos/proyecto_ws/src/robot_description' with build type 'ament_python'
[6.212s] Level 1:colcon.colcon_core.shell:create_environment_hook('robot_description', 'ament_prefix_path')
[6.212s] INFO:colcon.colcon_core.shell:Creating environment hook '/home/davicito/Roboticos_Insanos/proyecto_ws/install/robot_description/share/robot_description/hook/ament_prefix_path.ps1'
[6.243s] INFO:colcon.colcon_core.shell:Creating environment descriptor '/home/davicito/Roboticos_Insanos/proyecto_ws/install/robot_description/share/robot_description/hook/ament_prefix_path.dsv'
[6.275s] INFO:colcon.colcon_core.shell:Creating environment hook '/home/davicito/Roboticos_Insanos/proyecto_ws/install/robot_description/share/robot_description/hook/ament_prefix_path.sh'
[6.306s] INFO:colcon.colcon_core.shell:Skip shell extension 'powershell' for command environment: Not usable outside of PowerShell
[6.306s] DEBUG:colcon.colcon_core.shell:Skip shell extension 'dsv' for command environment
[6.339s] INFO:colcon.colcon_ros.task.ament_python.build:Building ROS package in '/home/davicito/Roboticos_Insanos/proyecto_ws/src/robot_hardware' with build type 'ament_python'
[6.339s] Level 1:colcon.colcon_core.shell:create_environment_hook('robot_hardware', 'ament_prefix_path')
[6.339s] INFO:colcon.colcon_core.shell:Creating environment hook '/home/davicito/Roboticos_Insanos/proyecto_ws/install/robot_hardware/share/robot_hardware/hook/ament_prefix_path.ps1'
[6.340s] INFO:colcon.colcon_core.shell:Creating environment descriptor '/home/davicito/Roboticos_Insanos/proyecto_ws/install/robot_hardware/share/robot_hardware/hook/ament_prefix_path.dsv'
[6.340s] INFO:colcon.colcon_core.shell:Creating environment hook '/home/davicito/Roboticos_Insanos/proyecto_ws/install/robot_hardware/share/robot_hardware/hook/ament_prefix_path.sh'
[6.341s] INFO:colcon.colcon_core.shell:Skip shell extension 'powershell' for command environment: Not usable outside of PowerShell
[6.341s] DEBUG:colcon.colcon_core.shell:Skip shell extension 'dsv' for command environment
[6.343s] INFO:colcon.colcon_ros.task.ament_python.build:Building ROS package in '/home/davicito/Roboticos_Insanos/proyecto_ws/src/robot_kinematics' with build type 'ament_python'
[6.343s] Level 1:colcon.colcon_core.shell:create_environment_hook('robot_kinematics', 'ament_prefix_path')
[6.343s] INFO:colcon.colcon_core.shell:Creating environment hook '/home/davicito/Roboticos_Insanos/proyecto_ws/install/robot_kinematics/share/robot_kinematics/hook/ament_prefix_path.ps1'
[6.343s] INFO:colcon.colcon_core.shell:Creating environment descriptor '/home/davicito/Roboticos_Insanos/proyecto_ws/install/robot_kinematics/share/robot_kinematics/hook/ament_prefix_path.dsv'
[6.344s] INFO:colcon.colcon_core.shell:Creating environment hook '/home/davicito/Roboticos_Insanos/proyecto_ws/install/robot_kinematics/share/robot_kinematics/hook/ament_prefix_path.sh'
[6.344s] INFO:colcon.colcon_core.shell:Skip shell extension 'powershell' for command environment: Not usable outside of PowerShell
[6.344s] DEBUG:colcon.colcon_core.shell:Skip shell extension 'dsv' for command environment
[6.850s] INFO:colcon.colcon_core.task.python.build:Building Python package in '/home/davicito/Roboticos_Insanos/proyecto_ws/src/robot_bringup'
[6.851s] INFO:colcon.colcon_core.shell:Skip shell extension 'powershell' for command environment: Not usable outside of PowerShell
[6.851s] DEBUG:colcon.colcon_core.shell:Skip shell extension 'dsv' for command environment
[7.084s] INFO:colcon.colcon_core.task.python.build:Building Python package in '/home/davicito/Roboticos_Insanos/proyecto_ws/src/robot_description'
[7.084s] INFO:colcon.colcon_core.shell:Skip shell extension 'powershell' for command environment: Not usable outside of PowerShell
[7.084s] DEBUG:colcon.colcon_core.shell:Skip shell extension 'dsv' for command environment
[7.314s] INFO:colcon.colcon_core.task.python.build:Building Python package in '/home/davicito/Roboticos_Insanos/proyecto_ws/src/robot_hardware'
[7.314s] INFO:colcon.colcon_core.shell:Skip shell extension 'powershell' for command environment: Not usable outside of PowerShell
[7.314s] DEBUG:colcon.colcon_core.shell:Skip shell extension 'dsv' for command environment
[7.545s] INFO:colcon.colcon_core.task.python.build:Building Python package in '/home/davicito/Roboticos_Insanos/proyecto_ws/src/robot_kinematics'
[7.545s] INFO:colcon.colcon_core.shell:Skip shell extension 'powershell' for command environment: Not usable outside of PowerShell
[7.545s] DEBUG:colcon.colcon_core.shell:Skip shell extension 'dsv' for command environment
[28.005s] DEBUG:colcon.colcon_core.event_handler.log_command:Invoking command in '/home/davicito/Roboticos_Insanos/proyecto_ws/build/robot_description': DEBUGINFOD_URLS=https://debuginfod.ubuntu.com PYTHONPATH=/home/davicito/Roboticos_Insanos/proyecto_ws/build/robot_description/prefix_override:/usr/lib/python3/dist-packages/colcon_core/task/python/colcon_distutils_commands:/home/davicito/Roboticos_Insanos/proyecto_ws/install/robot_description/lib/python3.12/site-packages:${PYTHONPATH} /usr/bin/python3 -W ignore:setup.py install is deprecated -W ignore:easy_install command is deprecated setup.py develop --editable --build-directory /home/davicito/Roboticos_Insanos/proyecto_ws/build/robot_description/build --no-deps symlink_data
[28.014s] DEBUG:colcon.colcon_core.event_handler.log_command:Invoking command in '/home/davicito/Roboticos_Insanos/proyecto_ws/build/robot_kinematics': DEBUGINFOD_URLS=https://debuginfod.ubuntu.com PYTHONPATH=/home/davicito/Roboticos_Insanos/proyecto_ws/build/robot_kinematics/prefix_override:/usr/lib/python3/dist-packages/colcon_core/task/python/colcon_distutils_commands:/home/davicito/Roboticos_Insanos/proyecto_ws/install/robot_kinematics/lib/python3.12/site-packages:${PYTHONPATH} /usr/bin/python3 -W ignore:setup.py install is deprecated -W ignore:easy_install command is deprecated setup.py develop --editable --build-directory /home/davicito/Roboticos_Insanos/proyecto_ws/build/robot_kinematics/build --no-deps symlink_data
[28.015s] DEBUG:colcon.colcon_core.event_handler.log_command:Invoking command in '/home/davicito/Roboticos_Insanos/proyecto_ws/build/robot_bringup': DEBUGINFOD_URLS=https://debuginfod.ubuntu.com PYTHONPATH=/home/davicito/Roboticos_Insanos/proyecto_ws/build/robot_bringup/prefix_override:/usr/lib/python3/dist-packages/colcon_core/task/python/colcon_distutils_commands:/home/davicito/Roboticos_Insanos/proyecto_ws/install/robot_bringup/lib/python3.12/site-packages:${PYTHONPATH} /usr/bin/python3 -W ignore:setup.py install is deprecated -W ignore:easy_install command is deprecated setup.py develop --editable --build-directory /home/davicito/Roboticos_Insanos/proyecto_ws/build/robot_bringup/build --no-deps symlink_data
[28.017s] DEBUG:colcon.colcon_core.event_handler.log_command:Invoking command in '/home/davicito/Roboticos_Insanos/proyecto_ws/build/robot_hardware': DEBUGINFOD_URLS=https://debuginfod.ubuntu.com PYTHONPATH=/home/davicito/Roboticos_Insanos/proyecto_ws/build/robot_hardware/prefix_override:/usr/lib/python3/dist-packages/colcon_core/task/python/colcon_distutils_commands:/home/davicito/Roboticos_Insanos/proyecto_ws/install/robot_hardware/lib/python3.12/site-packages:${PYTHONPATH} /usr/bin/python3 -W ignore:setup.py install is deprecated -W ignore:easy_install command is deprecated setup.py develop --editable --build-directory /home/davicito/Roboticos_Insanos/proyecto_ws/build/robot_hardware/build --no-deps symlink_data
[29.296s] Level 1:colcon.colcon_core.shell:create_environment_hook('robot_description', 'pythonpath_develop')
[29.297s] INFO:colcon.colcon_core.shell:Creating environment hook '/home/davicito/Roboticos_Insanos/proyecto_ws/build/robot_description/share/robot_description/hook/pythonpath_develop.ps1'
[29.297s] DEBUG:colcon.colcon_core.event_handler.log_command:Invoked command in '/home/davicito/Roboticos_Insanos/proyecto_ws/build/robot_description' returned '0': DEBUGINFOD_URLS=https://debuginfod.ubuntu.com PYTHONPATH=/home/davicito/Roboticos_Insanos/proyecto_ws/build/robot_description/prefix_override:/usr/lib/python3/dist-packages/colcon_core/task/python/colcon_distutils_commands:/home/davicito/Roboticos_Insanos/proyecto_ws/install/robot_description/lib/python3.12/site-packages:${PYTHONPATH} /usr/bin/python3 -W ignore:setup.py install is deprecated -W ignore:easy_install command is deprecated setup.py develop --editable --build-directory /home/davicito/Roboticos_Insanos/proyecto_ws/build/robot_description/build --no-deps symlink_data
[29.434s] INFO:colcon.colcon_core.shell:Creating environment descriptor '/home/davicito/Roboticos_Insanos/proyecto_ws/build/robot_description/share/robot_description/hook/pythonpath_develop.dsv'
[29.434s] INFO:colcon.colcon_core.shell:Creating environment hook '/home/davicito/Roboticos_Insanos/proyecto_ws/build/robot_description/share/robot_description/hook/pythonpath_develop.sh'
[29.645s] Level 1:colcon.colcon_core.environment:checking '/home/davicito/Roboticos_Insanos/proyecto_ws/install/robot_description' for CMake module files
[29.646s] Level 1:colcon.colcon_core.environment:checking '/home/davicito/Roboticos_Insanos/proyecto_ws/install/robot_description' for CMake config files
[29.646s] Level 1:colcon.colcon_core.environment:checking '/home/davicito/Roboticos_Insanos/proyecto_ws/install/robot_description/lib'
[29.647s] Level 1:colcon.colcon_core.environment:checking '/home/davicito/Roboticos_Insanos/proyecto_ws/install/robot_description/bin'
[29.647s] Level 1:colcon.colcon_core.environment:checking '/home/davicito/Roboticos_Insanos/proyecto_ws/install/robot_description/lib/pkgconfig/robot_description.pc'
[29.647s] Level 1:colcon.colcon_core.environment:checking '/home/davicito/Roboticos_Insanos/proyecto_ws/install/robot_description/lib/python3.12/site-packages'
[29.647s] Level 1:colcon.colcon_core.shell:create_environment_hook('robot_description', 'pythonpath')
[29.647s] INFO:colcon.colcon_core.shell:Creating environment hook '/home/davicito/Roboticos_Insanos/proyecto_ws/install/robot_description/share/robot_description/hook/pythonpath.ps1'
[29.647s] INFO:colcon.colcon_core.shell:Creating environment descriptor '/home/davicito/Roboticos_Insanos/proyecto_ws/install/robot_description/share/robot_description/hook/pythonpath.dsv'
[29.682s] INFO:colcon.colcon_core.shell:Creating environment hook '/home/davicito/Roboticos_Insanos/proyecto_ws/install/robot_description/share/robot_description/hook/pythonpath.sh'
[29.715s] Level 1:colcon.colcon_core.environment:checking '/home/davicito/Roboticos_Insanos/proyecto_ws/install/robot_description/bin'
[29.716s] Level 1:colcon.colcon_core.environment:create_environment_scripts_only(robot_description)
[29.716s] INFO:colcon.colcon_core.shell:Creating package script '/home/davicito/Roboticos_Insanos/proyecto_ws/install/robot_description/share/robot_description/package.ps1'
[29.751s] INFO:colcon.colcon_core.shell:Creating package descriptor '/home/davicito/Roboticos_Insanos/proyecto_ws/install/robot_description/share/robot_description/package.dsv'
[29.788s] INFO:colcon.colcon_core.shell:Creating package script '/home/davicito/Roboticos_Insanos/proyecto_ws/install/robot_description/share/robot_description/package.sh'
[29.825s] INFO:colcon.colcon_core.shell:Creating package script '/home/davicito/Roboticos_Insanos/proyecto_ws/install/robot_description/share/robot_description/package.bash'
[29.861s] INFO:colcon.colcon_core.shell:Creating package script '/home/davicito/Roboticos_Insanos/proyecto_ws/install/robot_description/share/robot_description/package.zsh'
[29.902s] Level 1:colcon.colcon_core.environment:create_file_with_runtime_dependencies(/home/davicito/Roboticos_Insanos/proyecto_ws/install/robot_description/share/colcon-core/packages/robot_description)
[29.904s] Level 1:colcon.colcon_core.shell:create_environment_hook('robot_hardware', 'pythonpath_develop')
[29.904s] INFO:colcon.colcon_core.shell:Creating environment hook '/home/davicito/Roboticos_Insanos/proyecto_ws/build/robot_hardware/share/robot_hardware/hook/pythonpath_develop.ps1'
[29.918s] DEBUG:colcon.colcon_core.event_handler.log_command:Invoked command in '/home/davicito/Roboticos_Insanos/proyecto_ws/build/robot_hardware' returned '0': DEBUGINFOD_URLS=https://debuginfod.ubuntu.com PYTHONPATH=/home/davicito/Roboticos_Insanos/proyecto_ws/build/robot_hardware/prefix_override:/usr/lib/python3/dist-packages/colcon_core/task/python/colcon_distutils_commands:/home/davicito/Roboticos_Insanos/proyecto_ws/install/robot_hardware/lib/python3.12/site-packages:${PYTHONPATH} /usr/bin/python3 -W ignore:setup.py install is deprecated -W ignore:easy_install command is deprecated setup.py develop --editable --build-directory /home/davicito/Roboticos_Insanos/proyecto_ws/build/robot_hardware/build --no-deps symlink_data
[29.950s] INFO:colcon.colcon_core.shell:Creating environment descriptor '/home/davicito/Roboticos_Insanos/proyecto_ws/build/robot_hardware/share/robot_hardware/hook/pythonpath_develop.dsv'
[29.983s] INFO:colcon.colcon_core.shell:Creating environment hook '/home/davicito/Roboticos_Insanos/proyecto_ws/build/robot_hardware/share/robot_hardware/hook/pythonpath_develop.sh'
[30.015s] Level 1:colcon.colcon_core.environment:checking '/home/davicito/Roboticos_Insanos/proyecto_ws/install/robot_hardware' for CMake module files
[30.016s] Level 1:colcon.colcon_core.environment:checking '/home/davicito/Roboticos_Insanos/proyecto_ws/install/robot_hardware' for CMake config files
[30.016s] Level 1:colcon.colcon_core.environment:checking '/home/davicito/Roboticos_Insanos/proyecto_ws/install/robot_hardware/lib'
[30.016s] Level 1:colcon.colcon_core.environment:checking '/home/davicito/Roboticos_Insanos/proyecto_ws/install/robot_hardware/bin'
[30.016s] Level 1:colcon.colcon_core.environment:checking '/home/davicito/Roboticos_Insanos/proyecto_ws/install/robot_hardware/lib/pkgconfig/robot_hardware.pc'
[30.016s] Level 1:colcon.colcon_core.environment:checking '/home/davicito/Roboticos_Insanos/proyecto_ws/install/robot_hardware/lib/python3.12/site-packages'
[30.016s] Level 1:colcon.colcon_core.shell:create_environment_hook('robot_hardware', 'pythonpath')
[30.017s] INFO:colcon.colcon_core.shell:Creating environment hook '/home/davicito/Roboticos_Insanos/proyecto_ws/install/robot_hardware/share/robot_hardware/hook/pythonpath.ps1'
[30.017s] INFO:colcon.colcon_core.shell:Creating environment descriptor '/home/davicito/Roboticos_Insanos/proyecto_ws/install/robot_hardware/share/robot_hardware/hook/pythonpath.dsv'
[30.017s] INFO:colcon.colcon_core.shell:Creating environment hook '/home/davicito/Roboticos_Insanos/proyecto_ws/install/robot_hardware/share/robot_hardware/hook/pythonpath.sh'
[30.018s] Level 1:colcon.colcon_core.environment:checking '/home/davicito/Roboticos_Insanos/proyecto_ws/install/robot_hardware/bin'
[30.018s] Level 1:colcon.colcon_core.environment:create_environment_scripts_only(robot_hardware)
[30.018s] INFO:colcon.colcon_core.shell:Creating package script '/home/davicito/Roboticos_Insanos/proyecto_ws/install/robot_hardware/share/robot_hardware/package.ps1'
[30.019s] INFO:colcon.colcon_core.shell:Creating package descriptor '/home/davicito/Roboticos_Insanos/proyecto_ws/install/robot_hardware/share/robot_hardware/package.dsv'
[30.019s] INFO:colcon.colcon_core.shell:Creating package script '/home/davicito/Roboticos_Insanos/proyecto_ws/install/robot_hardware/share/robot_hardware/package.sh'
[30.020s] INFO:colcon.colcon_core.shell:Creating package script '/home/davicito/Roboticos_Insanos/proyecto_ws/install/robot_hardware/share/robot_hardware/package.bash'
[30.020s] INFO:colcon.colcon_core.shell:Creating package script '/home/davicito/Roboticos_Insanos/proyecto_ws/install/robot_hardware/share/robot_hardware/package.zsh'
[30.020s] Level 1:colcon.colcon_core.environment:create_file_with_runtime_dependencies(/home/davicito/Roboticos_Insanos/proyecto_ws/install/robot_hardware/share/colcon-core/packages/robot_hardware)
[30.020s] Level 1:colcon.colcon_core.shell:create_environment_hook('robot_bringup', 'pythonpath_develop')
[30.021s] INFO:colcon.colcon_core.shell:Creating environment hook '/home/davicito/Roboticos_Insanos/proyecto_ws/build/robot_bringup/share/robot_bringup/hook/pythonpath_develop.ps1'
[30.021s] INFO:colcon.colcon_core.shell:Creating environment descriptor '/home/davicito/Roboticos_Insanos/proyecto_ws/build/robot_bringup/share/robot_bringup/hook/pythonpath_develop.dsv'
[30.021s] INFO:colcon.colcon_core.shell:Creating environment hook '/home/davicito/Roboticos_Insanos/proyecto_ws/build/robot_bringup/share/robot_bringup/hook/pythonpath_develop.sh'
[30.022s] Level 1:colcon.colcon_core.environment:checking '/home/davicito/Roboticos_Insanos/proyecto_ws/install/robot_bringup' for CMake module files
[30.022s] Level 1:colcon.colcon_core.environment:checking '/home/davicito/Roboticos_Insanos/proyecto_ws/install/robot_bringup' for CMake config files
[30.022s] Level 1:colcon.colcon_core.environment:checking '/home/davicito/Roboticos_Insanos/proyecto_ws/install/robot_bringup/lib'
[30.023s] Level 1:colcon.colcon_core.environment:checking '/home/davicito/Roboticos_Insanos/proyecto_ws/install/robot_bringup/bin'
[30.023s] Level 1:colcon.colcon_core.environment:checking '/home/davicito/Roboticos_Insanos/proyecto_ws/install/robot_bringup/lib/pkgconfig/robot_bringup.pc'
[30.023s] Level 1:colcon.colcon_core.environment:checking '/home/davicito/Roboticos_Insanos/proyecto_ws/install/robot_bringup/lib/python3.12/site-packages'
[30.023s] Level 1:colcon.colcon_core.shell:create_environment_hook('robot_bringup', 'pythonpath')
[30.023s] INFO:colcon.colcon_core.shell:Creating environment hook '/home/davicito/Roboticos_Insanos/proyecto_ws/install/robot_bringup/share/robot_bringup/hook/pythonpath.ps1'
[30.023s] INFO:colcon.colcon_core.shell:Creating environment descriptor '/home/davicito/Roboticos_Insanos/proyecto_ws/install/robot_bringup/share/robot_bringup/hook/pythonpath.dsv'
[30.023s] INFO:colcon.colcon_core.shell:Creating environment hook '/home/davicito/Roboticos_Insanos/proyecto_ws/install/robot_bringup/share/robot_bringup/hook/pythonpath.sh'
[30.024s] Level 1:colcon.colcon_core.environment:checking '/home/davicito/Roboticos_Insanos/proyecto_ws/install/robot_bringup/bin'
[30.024s] Level 1:colcon.colcon_core.environment:create_environment_scripts_only(robot_bringup)
[30.024s] INFO:colcon.colcon_core.shell:Creating package script '/home/davicito/Roboticos_Insanos/proyecto_ws/install/robot_bringup/share/robot_bringup/package.ps1'
[30.024s] INFO:colcon.colcon_core.shell:Creating package descriptor '/home/davicito/Roboticos_Insanos/proyecto_ws/install/robot_bringup/share/robot_bringup/package.dsv'
[30.025s] INFO:colcon.colcon_core.shell:Creating package script '/home/davicito/Roboticos_Insanos/proyecto_ws/install/robot_bringup/share/robot_bringup/package.sh'
[30.025s] INFO:colcon.colcon_core.shell:Creating package script '/home/davicito/Roboticos_Insanos/proyecto_ws/install/robot_bringup/share/robot_bringup/package.bash'
[30.025s] INFO:colcon.colcon_core.shell:Creating package script '/home/davicito/Roboticos_Insanos/proyecto_ws/install/robot_bringup/share/robot_bringup/package.zsh'
[30.026s] Level 1:colcon.colcon_core.environment:create_file_with_runtime_dependencies(/home/davicito/Roboticos_Insanos/proyecto_ws/install/robot_bringup/share/colcon-core/packages/robot_bringup)
[30.026s] Level 1:colcon.colcon_core.shell:create_environment_hook('robot_kinematics', 'pythonpath_develop')
[30.026s] INFO:colcon.colcon_core.shell:Creating environment hook '/home/davicito/Roboticos_Insanos/proyecto_ws/build/robot_kinematics/share/robot_kinematics/hook/pythonpath_develop.ps1'
[30.026s] INFO:colcon.colcon_core.shell:Creating environment descriptor '/home/davicito/Roboticos_Insanos/proyecto_ws/build/robot_kinematics/share/robot_kinematics/hook/pythonpath_develop.dsv'
[30.026s] INFO:colcon.colcon_core.shell:Creating environment hook '/home/davicito/Roboticos_Insanos/proyecto_ws/build/robot_kinematics/share/robot_kinematics/hook/pythonpath_develop.sh'
[30.027s] Level 1:colcon.colcon_core.environment:checking '/home/davicito/Roboticos_Insanos/proyecto_ws/install/robot_kinematics' for CMake module files
[30.027s] Level 1:colcon.colcon_core.environment:checking '/home/davicito/Roboticos_Insanos/proyecto_ws/install/robot_kinematics' for CMake config files
[30.027s] Level 1:colcon.colcon_core.environment:checking '/home/davicito/Roboticos_Insanos/proyecto_ws/install/robot_kinematics/lib'
[30.027s] Level 1:colcon.colcon_core.environment:checking '/home/davicito/Roboticos_Insanos/proyecto_ws/install/robot_kinematics/bin'
[30.028s] Level 1:colcon.colcon_core.environment:checking '/home/davicito/Roboticos_Insanos/proyecto_ws/install/robot_kinematics/lib/pkgconfig/robot_kinematics.pc'
[30.028s] Level 1:colcon.colcon_core.environment:checking '/home/davicito/Roboticos_Insanos/proyecto_ws/install/robot_kinematics/lib/python3.12/site-packages'
[30.028s] Level 1:colcon.colcon_core.shell:create_environment_hook('robot_kinematics', 'pythonpath')
[30.028s] INFO:colcon.colcon_core.shell:Creating environment hook '/home/davicito/Roboticos_Insanos/proyecto_ws/install/robot_kinematics/share/robot_kinematics/hook/pythonpath.ps1'
[30.028s] INFO:colcon.colcon_core.shell:Creating environment descriptor '/home/davicito/Roboticos_Insanos/proyecto_ws/install/robot_kinematics/share/robot_kinematics/hook/pythonpath.dsv'
[30.028s] INFO:colcon.colcon_core.shell:Creating environment hook '/home/davicito/Roboticos_Insanos/proyecto_ws/install/robot_kinematics/share/robot_kinematics/hook/pythonpath.sh'
[30.029s] Level 1:colcon.colcon_core.environment:checking '/home/davicito/Roboticos_Insanos/proyecto_ws/install/robot_kinematics/bin'
[30.029s] Level 1:colcon.colcon_core.environment:create_environment_scripts_only(robot_kinematics)
[30.029s] INFO:colcon.colcon_core.shell:Creating package script '/home/davicito/Roboticos_Insanos/proyecto_ws/install/robot_kinematics/share/robot_kinematics/package.ps1'
[30.029s] INFO:colcon.colcon_core.shell:Creating package descriptor '/home/davicito/Roboticos_Insanos/proyecto_ws/install/robot_kinematics/share/robot_kinematics/package.dsv'
[30.030s] INFO:colcon.colcon_core.shell:Creating package script '/home/davicito/Roboticos_Insanos/proyecto_ws/install/robot_kinematics/share/robot_kinematics/package.sh'
[30.030s] INFO:colcon.colcon_core.shell:Creating package script '/home/davicito/Roboticos_Insanos/proyecto_ws/install/robot_kinematics/share/robot_kinematics/package.bash'
[30.030s] INFO:colcon.colcon_core.shell:Creating package script '/home/davicito/Roboticos_Insanos/proyecto_ws/install/robot_kinematics/share/robot_kinematics/package.zsh'
[30.031s] Level 1:colcon.colcon_core.environment:create_file_with_runtime_dependencies(/home/davicito/Roboticos_Insanos/proyecto_ws/install/robot_kinematics/share/colcon-core/packages/robot_kinematics)
[30.031s] DEBUG:colcon.colcon_parallel_executor.executor.parallel:closing loop
[30.031s] DEBUG:colcon.colcon_parallel_executor.executor.parallel:loop closed
[30.031s] DEBUG:colcon.colcon_parallel_executor.executor.parallel:run_until_complete finished with '0'
[30.031s] DEBUG:colcon.colcon_core.event_reactor:joining thread
[30.047s] DEBUG:colcon.colcon_core.event_handler.log_command:Invoked command in '/home/davicito/Roboticos_Insanos/proyecto_ws/build/robot_bringup' returned '0': DEBUGINFOD_URLS=https://debuginfod.ubuntu.com PYTHONPATH=/home/davicito/Roboticos_Insanos/proyecto_ws/build/robot_bringup/prefix_override:/usr/lib/python3/dist-packages/colcon_core/task/python/colcon_distutils_commands:/home/davicito/Roboticos_Insanos/proyecto_ws/install/robot_bringup/lib/python3.12/site-packages:${PYTHONPATH} /usr/bin/python3 -W ignore:setup.py install is deprecated -W ignore:easy_install command is deprecated setup.py develop --editable --build-directory /home/davicito/Roboticos_Insanos/proyecto_ws/build/robot_bringup/build --no-deps symlink_data
[30.047s] DEBUG:colcon.colcon_core.event_handler.log_command:Invoked command in '/home/davicito/Roboticos_Insanos/proyecto_ws/build/robot_kinematics' returned '0': DEBUGINFOD_URLS=https://debuginfod.ubuntu.com PYTHONPATH=/home/davicito/Roboticos_Insanos/proyecto_ws/build/robot_kinematics/prefix_override:/usr/lib/python3/dist-packages/colcon_core/task/python/colcon_distutils_commands:/home/davicito/Roboticos_Insanos/proyecto_ws/install/robot_kinematics/lib/python3.12/site-packages:${PYTHONPATH} /usr/bin/python3 -W ignore:setup.py install is deprecated -W ignore:easy_install command is deprecated setup.py develop --editable --build-directory /home/davicito/Roboticos_Insanos/proyecto_ws/build/robot_kinematics/build --no-deps symlink_data
[30.222s] INFO:colcon.colcon_core.plugin_system:Skipping extension 'colcon_notification.desktop_notification.terminal_notifier': Not used on non-Darwin systems
[30.222s] INFO:colcon.colcon_core.plugin_system:Skipping extension 'colcon_notification.desktop_notification.win32': Not used on non-Windows systems
[30.222s] INFO:colcon.colcon_notification.desktop_notification:Sending desktop notification using 'notify2'
[30.240s] DEBUG:colcon.colcon_core.event_reactor:joined thread
[30.240s] INFO:colcon.colcon_core.shell:Creating prefix script '/home/davicito/Roboticos_Insanos/proyecto_ws/install/local_setup.ps1'
[30.242s] INFO:colcon.colcon_core.shell:Creating prefix util module '/home/davicito/Roboticos_Insanos/proyecto_ws/install/_local_setup_util_ps1.py'
[30.278s] INFO:colcon.colcon_core.shell:Creating prefix chain script '/home/davicito/Roboticos_Insanos/proyecto_ws/install/setup.ps1'
[30.281s] INFO:colcon.colcon_core.shell:Creating prefix script '/home/davicito/Roboticos_Insanos/proyecto_ws/install/local_setup.sh'
[30.315s] INFO:colcon.colcon_core.shell:Creating prefix util module '/home/davicito/Roboticos_Insanos/proyecto_ws/install/_local_setup_util_sh.py'
[30.315s] INFO:colcon.colcon_core.shell:Creating prefix chain script '/home/davicito/Roboticos_Insanos/proyecto_ws/install/setup.sh'
[30.461s] INFO:colcon.colcon_core.shell:Creating prefix script '/home/davicito/Roboticos_Insanos/proyecto_ws/install/local_setup.bash'
[30.494s] INFO:colcon.colcon_core.shell:Creating prefix chain script '/home/davicito/Roboticos_Insanos/proyecto_ws/install/setup.bash'
[30.527s] INFO:colcon.colcon_core.shell:Creating prefix script '/home/davicito/Roboticos_Insanos/proyecto_ws/install/local_setup.zsh'
[30.561s] INFO:colcon.colcon_core.shell:Creating prefix chain script '/home/davicito/Roboticos_Insanos/proyecto_ws/install/setup.zsh'
