[0.091s] DEBUG:colcon:Command line arguments: ['/usr/bin/colcon', 'build']
[0.091s] DEBUG:colcon:Parsed command line arguments: Namespace(log_base=None, log_level=None, verb_name='build', build_base='build', install_base='install', merge_install=False, symlink_install=False, test_result_base=None, continue_on_error=False, executor='parallel', parallel_workers=12, event_handlers=None, ignore_user_meta=False, metas=['./colcon.meta'], base_paths=['.'], packages_ignore=None, packages_ignore_regex=None, paths=None, packages_up_to=None, packages_up_to_regex=None, packages_above=None, packages_above_and_dependencies=None, packages_above_depth=None, packages_select_by_dep=None, packages_skip_by_dep=None, packages_skip_up_to=None, packages_select_build_failed=False, packages_skip_build_finished=False, packages_select_test_failures=False, packages_skip_test_passed=False, packages_select=None, packages_skip=None, packages_select_regex=None, packages_skip_regex=None, packages_start=None, packages_end=None, allow_overriding=[], cmake_args=None, cmake_target=None, cmake_target_skip_unavailable=False, cmake_clean_cache=False, cmake_clean_first=False, cmake_force_configure=False, ament_cmake_args=None, catkin_cmake_args=None, catkin_skip_building_tests=False, mixin_files=None, mixin=None, verb_parser=<colcon_mixin.mixin.mixin_argument.MixinArgumentDecorator object at 0x7076949d1250>, verb_extension=<colcon_core.verb.build.BuildVerb object at 0x707694af9970>, main=<bound method BuildVerb.main of <colcon_core.verb.build.BuildVerb object at 0x707694af9970>>, mixin_verb=('build',))
[0.123s] Level 1:colcon.colcon_core.package_discovery:discover_packages(colcon_meta) check parameters
[0.123s] Level 1:colcon.colcon_core.package_discovery:discover_packages(recursive) check parameters
[0.123s] Level 1:colcon.colcon_core.package_discovery:discover_packages(ignore) check parameters
[0.123s] Level 1:colcon.colcon_core.package_discovery:discover_packages(path) check parameters
[0.123s] Level 1:colcon.colcon_core.package_discovery:discover_packages(colcon_meta) discover
[0.123s] Level 1:colcon.colcon_core.package_discovery:discover_packages(recursive) discover
[0.123s] INFO:colcon.colcon_core.package_discovery:Crawling recursively for packages in '/home/davicito/CursoRobotica/proyecto'
[0.123s] Level 1:colcon.colcon_core.package_identification:_identify(.) by extensions ['ignore', 'ignore_ament_install']
[0.123s] Level 1:colcon.colcon_core.package_identification:_identify(.) by extension 'ignore'
[0.123s] Level 1:colcon.colcon_core.package_identification:_identify(.) by extension 'ignore_ament_install'
[0.123s] Level 1:colcon.colcon_core.package_identification:_identify(.) by extensions ['colcon_pkg']
[0.123s] Level 1:colcon.colcon_core.package_identification:_identify(.) by extension 'colcon_pkg'
[0.123s] Level 1:colcon.colcon_core.package_identification:_identify(.) by extensions ['colcon_meta']
[0.123s] Level 1:colcon.colcon_core.package_identification:_identify(.) by extension 'colcon_meta'
[0.123s] Level 1:colcon.colcon_core.package_identification:_identify(.) by extensions ['ros']
[0.123s] Level 1:colcon.colcon_core.package_identification:_identify(.) by extension 'ros'
[0.143s] Level 1:colcon.colcon_core.package_identification:_identify(.) by extensions ['cmake', 'python']
[0.143s] Level 1:colcon.colcon_core.package_identification:_identify(.) by extension 'cmake'
[0.143s] Level 1:colcon.colcon_core.package_identification:_identify(.) by extension 'python'
[0.143s] Level 1:colcon.colcon_core.package_identification:_identify(.) by extensions ['python_setup_py']
[0.143s] Level 1:colcon.colcon_core.package_identification:_identify(.) by extension 'python_setup_py'
[0.143s] Level 1:colcon.colcon_core.package_identification:_identify(build) by extensions ['ignore', 'ignore_ament_install']
[0.143s] Level 1:colcon.colcon_core.package_identification:_identify(build) by extension 'ignore'
[0.143s] Level 1:colcon.colcon_core.package_identification:_identify(build) ignored
[0.143s] Level 1:colcon.colcon_core.package_identification:_identify(install) by extensions ['ignore', 'ignore_ament_install']
[0.143s] Level 1:colcon.colcon_core.package_identification:_identify(install) by extension 'ignore'
[0.143s] Level 1:colcon.colcon_core.package_identification:_identify(install) ignored
[0.143s] Level 1:colcon.colcon_core.package_identification:_identify(log) by extensions ['ignore', 'ignore_ament_install']
[0.143s] Level 1:colcon.colcon_core.package_identification:_identify(log) by extension 'ignore'
[0.143s] Level 1:colcon.colcon_core.package_identification:_identify(log) ignored
[0.143s] Level 1:colcon.colcon_core.package_identification:_identify(src) by extensions ['ignore', 'ignore_ament_install']
[0.144s] Level 1:colcon.colcon_core.package_identification:_identify(src) by extension 'ignore'
[0.144s] Level 1:colcon.colcon_core.package_identification:_identify(src) by extension 'ignore_ament_install'
[0.144s] Level 1:colcon.colcon_core.package_identification:_identify(src) by extensions ['colcon_pkg']
[0.144s] Level 1:colcon.colcon_core.package_identification:_identify(src) by extension 'colcon_pkg'
[0.144s] Level 1:colcon.colcon_core.package_identification:_identify(src) by extensions ['colcon_meta']
[0.144s] Level 1:colcon.colcon_core.package_identification:_identify(src) by extension 'colcon_meta'
[0.144s] Level 1:colcon.colcon_core.package_identification:_identify(src) by extensions ['ros']
[0.144s] Level 1:colcon.colcon_core.package_identification:_identify(src) by extension 'ros'
[0.144s] Level 1:colcon.colcon_core.package_identification:_identify(src) by extensions ['cmake', 'python']
[0.144s] Level 1:colcon.colcon_core.package_identification:_identify(src) by extension 'cmake'
[0.144s] Level 1:colcon.colcon_core.package_identification:_identify(src) by extension 'python'
[0.144s] Level 1:colcon.colcon_core.package_identification:_identify(src) by extensions ['python_setup_py']
[0.144s] Level 1:colcon.colcon_core.package_identification:_identify(src) by extension 'python_setup_py'
[0.144s] Level 1:colcon.colcon_core.package_identification:_identify(src/install) by extensions ['ignore', 'ignore_ament_install']
[0.144s] Level 1:colcon.colcon_core.package_identification:_identify(src/install) by extension 'ignore'
[0.144s] Level 1:colcon.colcon_core.package_identification:_identify(src/install) ignored
[0.144s] Level 1:colcon.colcon_core.package_identification:_identify(src/robot_bringup) by extensions ['ignore', 'ignore_ament_install']
[0.144s] Level 1:colcon.colcon_core.package_identification:_identify(src/robot_bringup) by extension 'ignore'
[0.144s] Level 1:colcon.colcon_core.package_identification:_identify(src/robot_bringup) by extension 'ignore_ament_install'
[0.144s] Level 1:colcon.colcon_core.package_identification:_identify(src/robot_bringup) by extensions ['colcon_pkg']
[0.144s] Level 1:colcon.colcon_core.package_identification:_identify(src/robot_bringup) by extension 'colcon_pkg'
[0.144s] Level 1:colcon.colcon_core.package_identification:_identify(src/robot_bringup) by extensions ['colcon_meta']
[0.145s] Level 1:colcon.colcon_core.package_identification:_identify(src/robot_bringup) by extension 'colcon_meta'
[0.145s] Level 1:colcon.colcon_core.package_identification:_identify(src/robot_bringup) by extensions ['ros']
[0.145s] Level 1:colcon.colcon_core.package_identification:_identify(src/robot_bringup) by extension 'ros'
[0.146s] DEBUG:colcon.colcon_core.package_identification:Package 'src/robot_bringup' with type 'ros.ament_python' and name 'robot_bringup'
[0.146s] Level 1:colcon.colcon_core.package_identification:_identify(src/robot_description) by extensions ['ignore', 'ignore_ament_install']
[0.146s] Level 1:colcon.colcon_core.package_identification:_identify(src/robot_description) by extension 'ignore'
[0.146s] Level 1:colcon.colcon_core.package_identification:_identify(src/robot_description) by extension 'ignore_ament_install'
[0.147s] Level 1:colcon.colcon_core.package_identification:_identify(src/robot_description) by extensions ['colcon_pkg']
[0.147s] Level 1:colcon.colcon_core.package_identification:_identify(src/robot_description) by extension 'colcon_pkg'
[0.147s] Level 1:colcon.colcon_core.package_identification:_identify(src/robot_description) by extensions ['colcon_meta']
[0.147s] Level 1:colcon.colcon_core.package_identification:_identify(src/robot_description) by extension 'colcon_meta'
[0.147s] Level 1:colcon.colcon_core.package_identification:_identify(src/robot_description) by extensions ['ros']
[0.147s] Level 1:colcon.colcon_core.package_identification:_identify(src/robot_description) by extension 'ros'
[0.147s] DEBUG:colcon.colcon_core.package_identification:Package 'src/robot_description' with type 'ros.ament_python' and name 'robot_description'
[0.147s] Level 1:colcon.colcon_core.package_identification:_identify(src/robot_hardware) by extensions ['ignore', 'ignore_ament_install']
[0.147s] Level 1:colcon.colcon_core.package_identification:_identify(src/robot_hardware) by extension 'ignore'
[0.147s] Level 1:colcon.colcon_core.package_identification:_identify(src/robot_hardware) by extension 'ignore_ament_install'
[0.147s] Level 1:colcon.colcon_core.package_identification:_identify(src/robot_hardware) by extensions ['colcon_pkg']
[0.147s] Level 1:colcon.colcon_core.package_identification:_identify(src/robot_hardware) by extension 'colcon_pkg'
[0.147s] Level 1:colcon.colcon_core.package_identification:_identify(src/robot_hardware) by extensions ['colcon_meta']
[0.147s] Level 1:colcon.colcon_core.package_identification:_identify(src/robot_hardware) by extension 'colcon_meta'
[0.147s] Level 1:colcon.colcon_core.package_identification:_identify(src/robot_hardware) by extensions ['ros']
[0.147s] Level 1:colcon.colcon_core.package_identification:_identify(src/robot_hardware) by extension 'ros'
[0.148s] DEBUG:colcon.colcon_core.package_identification:Package 'src/robot_hardware' with type 'ros.ament_python' and name 'robot_hardware'
[0.148s] Level 1:colcon.colcon_core.package_identification:_identify(src/robot_kinematics) by extensions ['ignore', 'ignore_ament_install']
[0.148s] Level 1:colcon.colcon_core.package_identification:_identify(src/robot_kinematics) by extension 'ignore'
[0.148s] Level 1:colcon.colcon_core.package_identification:_identify(src/robot_kinematics) by extension 'ignore_ament_install'
[0.148s] Level 1:colcon.colcon_core.package_identification:_identify(src/robot_kinematics) by extensions ['colcon_pkg']
[0.148s] Level 1:colcon.colcon_core.package_identification:_identify(src/robot_kinematics) by extension 'colcon_pkg'
[0.148s] Level 1:colcon.colcon_core.package_identification:_identify(src/robot_kinematics) by extensions ['colcon_meta']
[0.148s] Level 1:colcon.colcon_core.package_identification:_identify(src/robot_kinematics) by extension 'colcon_meta'
[0.148s] Level 1:colcon.colcon_core.package_identification:_identify(src/robot_kinematics) by extensions ['ros']
[0.148s] Level 1:colcon.colcon_core.package_identification:_identify(src/robot_kinematics) by extension 'ros'
[0.148s] DEBUG:colcon.colcon_core.package_identification:Package 'src/robot_kinematics' with type 'ros.ament_python' and name 'robot_kinematics'
[0.148s] Level 1:colcon.colcon_core.package_discovery:discover_packages(recursive) using defaults
[0.148s] Level 1:colcon.colcon_core.package_discovery:discover_packages(ignore) discover
[0.148s] Level 1:colcon.colcon_core.package_discovery:discover_packages(ignore) using defaults
[0.148s] Level 1:colcon.colcon_core.package_discovery:discover_packages(path) discover
[0.148s] Level 1:colcon.colcon_core.package_discovery:discover_packages(path) using defaults
[0.162s] Level 1:colcon.colcon_core.package_discovery:discover_packages(prefix_path) check parameters
[0.162s] Level 1:colcon.colcon_core.package_discovery:discover_packages(prefix_path) discover
[0.164s] DEBUG:colcon.colcon_installed_package_information.package_discovery:Found 4 installed packages in /home/davicito/CursoRobotica/proyecto/install
[0.164s] DEBUG:colcon.colcon_installed_package_information.package_discovery:Found 1 installed packages in /home/davicito/Robotica-2026-2/proyecto_final_ws/install
[0.165s] DEBUG:colcon.colcon_installed_package_information.package_discovery:Found 292 installed packages in /opt/ros/jazzy
[0.167s] Level 1:colcon.colcon_core.package_discovery:discover_packages(prefix_path) using defaults
[0.199s] Level 5:colcon.colcon_core.verb:set package 'robot_bringup' build argument 'cmake_args' from command line to 'None'
[0.200s] Level 5:colcon.colcon_core.verb:set package 'robot_bringup' build argument 'cmake_target' from command line to 'None'
[0.200s] Level 5:colcon.colcon_core.verb:set package 'robot_bringup' build argument 'cmake_target_skip_unavailable' from command line to 'False'
[0.200s] Level 5:colcon.colcon_core.verb:set package 'robot_bringup' build argument 'cmake_clean_cache' from command line to 'False'
[0.200s] Level 5:colcon.colcon_core.verb:set package 'robot_bringup' build argument 'cmake_clean_first' from command line to 'False'
[0.200s] Level 5:colcon.colcon_core.verb:set package 'robot_bringup' build argument 'cmake_force_configure' from command line to 'False'
[0.200s] Level 5:colcon.colcon_core.verb:set package 'robot_bringup' build argument 'ament_cmake_args' from command line to 'None'
[0.200s] Level 5:colcon.colcon_core.verb:set package 'robot_bringup' build argument 'catkin_cmake_args' from command line to 'None'
[0.200s] Level 5:colcon.colcon_core.verb:set package 'robot_bringup' build argument 'catkin_skip_building_tests' from command line to 'False'
[0.200s] DEBUG:colcon.colcon_core.verb:Building package 'robot_bringup' with the following arguments: {'ament_cmake_args': None, 'build_base': '/home/davicito/CursoRobotica/proyecto/build/robot_bringup', 'catkin_cmake_args': None, 'catkin_skip_building_tests': False, 'cmake_args': None, 'cmake_clean_cache': False, 'cmake_clean_first': False, 'cmake_force_configure': False, 'cmake_target': None, 'cmake_target_skip_unavailable': False, 'install_base': '/home/davicito/CursoRobotica/proyecto/install/robot_bringup', 'merge_install': False, 'path': '/home/davicito/CursoRobotica/proyecto/src/robot_bringup', 'symlink_install': False, 'test_result_base': None}
[0.200s] Level 5:colcon.colcon_core.verb:set package 'robot_description' build argument 'cmake_args' from command line to 'None'
[0.200s] Level 5:colcon.colcon_core.verb:set package 'robot_description' build argument 'cmake_target' from command line to 'None'
[0.200s] Level 5:colcon.colcon_core.verb:set package 'robot_description' build argument 'cmake_target_skip_unavailable' from command line to 'False'
[0.200s] Level 5:colcon.colcon_core.verb:set package 'robot_description' build argument 'cmake_clean_cache' from command line to 'False'
[0.200s] Level 5:colcon.colcon_core.verb:set package 'robot_description' build argument 'cmake_clean_first' from command line to 'False'
[0.200s] Level 5:colcon.colcon_core.verb:set package 'robot_description' build argument 'cmake_force_configure' from command line to 'False'
[0.200s] Level 5:colcon.colcon_core.verb:set package 'robot_description' build argument 'ament_cmake_args' from command line to 'None'
[0.200s] Level 5:colcon.colcon_core.verb:set package 'robot_description' build argument 'catkin_cmake_args' from command line to 'None'
[0.200s] Level 5:colcon.colcon_core.verb:set package 'robot_description' build argument 'catkin_skip_building_tests' from command line to 'False'
[0.200s] DEBUG:colcon.colcon_core.verb:Building package 'robot_description' with the following arguments: {'ament_cmake_args': None, 'build_base': '/home/davicito/CursoRobotica/proyecto/build/robot_description', 'catkin_cmake_args': None, 'catkin_skip_building_tests': False, 'cmake_args': None, 'cmake_clean_cache': False, 'cmake_clean_first': False, 'cmake_force_configure': False, 'cmake_target': None, 'cmake_target_skip_unavailable': False, 'install_base': '/home/davicito/CursoRobotica/proyecto/install/robot_description', 'merge_install': False, 'path': '/home/davicito/CursoRobotica/proyecto/src/robot_description', 'symlink_install': False, 'test_result_base': None}
[0.200s] Level 5:colcon.colcon_core.verb:set package 'robot_hardware' build argument 'cmake_args' from command line to 'None'
[0.200s] Level 5:colcon.colcon_core.verb:set package 'robot_hardware' build argument 'cmake_target' from command line to 'None'
[0.200s] Level 5:colcon.colcon_core.verb:set package 'robot_hardware' build argument 'cmake_target_skip_unavailable' from command line to 'False'
[0.200s] Level 5:colcon.colcon_core.verb:set package 'robot_hardware' build argument 'cmake_clean_cache' from command line to 'False'
[0.200s] Level 5:colcon.colcon_core.verb:set package 'robot_hardware' build argument 'cmake_clean_first' from command line to 'False'
[0.200s] Level 5:colcon.colcon_core.verb:set package 'robot_hardware' build argument 'cmake_force_configure' from command line to 'False'
[0.200s] Level 5:colcon.colcon_core.verb:set package 'robot_hardware' build argument 'ament_cmake_args' from command line to 'None'
[0.200s] Level 5:colcon.colcon_core.verb:set package 'robot_hardware' build argument 'catkin_cmake_args' from command line to 'None'
[0.201s] Level 5:colcon.colcon_core.verb:set package 'robot_hardware' build argument 'catkin_skip_building_tests' from command line to 'False'
[0.201s] DEBUG:colcon.colcon_core.verb:Building package 'robot_hardware' with the following arguments: {'ament_cmake_args': None, 'build_base': '/home/davicito/CursoRobotica/proyecto/build/robot_hardware', 'catkin_cmake_args': None, 'catkin_skip_building_tests': False, 'cmake_args': None, 'cmake_clean_cache': False, 'cmake_clean_first': False, 'cmake_force_configure': False, 'cmake_target': None, 'cmake_target_skip_unavailable': False, 'install_base': '/home/davicito/CursoRobotica/proyecto/install/robot_hardware', 'merge_install': False, 'path': '/home/davicito/CursoRobotica/proyecto/src/robot_hardware', 'symlink_install': False, 'test_result_base': None}
[0.201s] Level 5:colcon.colcon_core.verb:set package 'robot_kinematics' build argument 'cmake_args' from command line to 'None'
[0.201s] Level 5:colcon.colcon_core.verb:set package 'robot_kinematics' build argument 'cmake_target' from command line to 'None'
[0.201s] Level 5:colcon.colcon_core.verb:set package 'robot_kinematics' build argument 'cmake_target_skip_unavailable' from command line to 'False'
[0.201s] Level 5:colcon.colcon_core.verb:set package 'robot_kinematics' build argument 'cmake_clean_cache' from command line to 'False'
[0.201s] Level 5:colcon.colcon_core.verb:set package 'robot_kinematics' build argument 'cmake_clean_first' from command line to 'False'
[0.201s] Level 5:colcon.colcon_core.verb:set package 'robot_kinematics' build argument 'cmake_force_configure' from command line to 'False'
[0.201s] Level 5:colcon.colcon_core.verb:set package 'robot_kinematics' build argument 'ament_cmake_args' from command line to 'None'
[0.201s] Level 5:colcon.colcon_core.verb:set package 'robot_kinematics' build argument 'catkin_cmake_args' from command line to 'None'
[0.201s] Level 5:colcon.colcon_core.verb:set package 'robot_kinematics' build argument 'catkin_skip_building_tests' from command line to 'False'
[0.201s] DEBUG:colcon.colcon_core.verb:Building package 'robot_kinematics' with the following arguments: {'ament_cmake_args': None, 'build_base': '/home/davicito/CursoRobotica/proyecto/build/robot_kinematics', 'catkin_cmake_args': None, 'catkin_skip_building_tests': False, 'cmake_args': None, 'cmake_clean_cache': False, 'cmake_clean_first': False, 'cmake_force_configure': False, 'cmake_target': None, 'cmake_target_skip_unavailable': False, 'install_base': '/home/davicito/CursoRobotica/proyecto/install/robot_kinematics', 'merge_install': False, 'path': '/home/davicito/CursoRobotica/proyecto/src/robot_kinematics', 'symlink_install': False, 'test_result_base': None}
[0.201s] INFO:colcon.colcon_core.executor:Executing jobs using 'parallel' executor
[0.202s] DEBUG:colcon.colcon_parallel_executor.executor.parallel:run_until_complete
[0.202s] INFO:colcon.colcon_ros.task.ament_python.build:Building ROS package in '/home/davicito/CursoRobotica/proyecto/src/robot_bringup' with build type 'ament_python'
[0.202s] Level 1:colcon.colcon_core.shell:create_environment_hook('robot_bringup', 'ament_prefix_path')
[0.204s] INFO:colcon.colcon_core.plugin_system:Skipping extension 'colcon_core.shell.bat': Not used on non-Windows systems
[0.204s] INFO:colcon.colcon_core.shell:Creating environment hook '/home/davicito/CursoRobotica/proyecto/install/robot_bringup/share/robot_bringup/hook/ament_prefix_path.ps1'
[0.204s] INFO:colcon.colcon_core.shell:Creating environment descriptor '/home/davicito/CursoRobotica/proyecto/install/robot_bringup/share/robot_bringup/hook/ament_prefix_path.dsv'
[0.205s] INFO:colcon.colcon_core.shell:Creating environment hook '/home/davicito/CursoRobotica/proyecto/install/robot_bringup/share/robot_bringup/hook/ament_prefix_path.sh'
[0.205s] INFO:colcon.colcon_core.shell:Skip shell extension 'powershell' for command environment: Not usable outside of PowerShell
[0.205s] DEBUG:colcon.colcon_core.shell:Skip shell extension 'dsv' for command environment
[0.208s] INFO:colcon.colcon_ros.task.ament_python.build:Building ROS package in '/home/davicito/CursoRobotica/proyecto/src/robot_description' with build type 'ament_python'
[0.209s] Level 1:colcon.colcon_core.shell:create_environment_hook('robot_description', 'ament_prefix_path')
[0.209s] INFO:colcon.colcon_core.shell:Creating environment hook '/home/davicito/CursoRobotica/proyecto/install/robot_description/share/robot_description/hook/ament_prefix_path.ps1'
[0.209s] INFO:colcon.colcon_core.shell:Creating environment descriptor '/home/davicito/CursoRobotica/proyecto/install/robot_description/share/robot_description/hook/ament_prefix_path.dsv'
[0.209s] INFO:colcon.colcon_core.shell:Creating environment hook '/home/davicito/CursoRobotica/proyecto/install/robot_description/share/robot_description/hook/ament_prefix_path.sh'
[0.210s] INFO:colcon.colcon_core.shell:Skip shell extension 'powershell' for command environment: Not usable outside of PowerShell
[0.210s] DEBUG:colcon.colcon_core.shell:Skip shell extension 'dsv' for command environment
[0.213s] INFO:colcon.colcon_ros.task.ament_python.build:Building ROS package in '/home/davicito/CursoRobotica/proyecto/src/robot_hardware' with build type 'ament_python'
[0.213s] Level 1:colcon.colcon_core.shell:create_environment_hook('robot_hardware', 'ament_prefix_path')
[0.213s] INFO:colcon.colcon_core.shell:Creating environment hook '/home/davicito/CursoRobotica/proyecto/install/robot_hardware/share/robot_hardware/hook/ament_prefix_path.ps1'
[0.214s] INFO:colcon.colcon_core.shell:Creating environment descriptor '/home/davicito/CursoRobotica/proyecto/install/robot_hardware/share/robot_hardware/hook/ament_prefix_path.dsv'
[0.214s] INFO:colcon.colcon_core.shell:Creating environment hook '/home/davicito/CursoRobotica/proyecto/install/robot_hardware/share/robot_hardware/hook/ament_prefix_path.sh'
[0.214s] INFO:colcon.colcon_core.shell:Skip shell extension 'powershell' for command environment: Not usable outside of PowerShell
[0.214s] DEBUG:colcon.colcon_core.shell:Skip shell extension 'dsv' for command environment
[0.217s] INFO:colcon.colcon_ros.task.ament_python.build:Building ROS package in '/home/davicito/CursoRobotica/proyecto/src/robot_kinematics' with build type 'ament_python'
[0.217s] Level 1:colcon.colcon_core.shell:create_environment_hook('robot_kinematics', 'ament_prefix_path')
[0.218s] INFO:colcon.colcon_core.shell:Creating environment hook '/home/davicito/CursoRobotica/proyecto/install/robot_kinematics/share/robot_kinematics/hook/ament_prefix_path.ps1'
[0.218s] INFO:colcon.colcon_core.shell:Creating environment descriptor '/home/davicito/CursoRobotica/proyecto/install/robot_kinematics/share/robot_kinematics/hook/ament_prefix_path.dsv'
[0.218s] INFO:colcon.colcon_core.shell:Creating environment hook '/home/davicito/CursoRobotica/proyecto/install/robot_kinematics/share/robot_kinematics/hook/ament_prefix_path.sh'
[0.219s] INFO:colcon.colcon_core.shell:Skip shell extension 'powershell' for command environment: Not usable outside of PowerShell
[0.219s] DEBUG:colcon.colcon_core.shell:Skip shell extension 'dsv' for command environment
[0.415s] INFO:colcon.colcon_core.task.python.build:Building Python package in '/home/davicito/CursoRobotica/proyecto/src/robot_bringup'
[0.415s] INFO:colcon.colcon_core.shell:Skip shell extension 'powershell' for command environment: Not usable outside of PowerShell
[0.415s] DEBUG:colcon.colcon_core.shell:Skip shell extension 'dsv' for command environment
[0.692s] INFO:colcon.colcon_core.task.python.build:Building Python package in '/home/davicito/CursoRobotica/proyecto/src/robot_description'
[0.693s] INFO:colcon.colcon_core.shell:Skip shell extension 'powershell' for command environment: Not usable outside of PowerShell
[0.693s] DEBUG:colcon.colcon_core.shell:Skip shell extension 'dsv' for command environment
[0.892s] INFO:colcon.colcon_core.task.python.build:Building Python package in '/home/davicito/CursoRobotica/proyecto/src/robot_hardware'
[0.892s] INFO:colcon.colcon_core.shell:Skip shell extension 'powershell' for command environment: Not usable outside of PowerShell
[0.892s] DEBUG:colcon.colcon_core.shell:Skip shell extension 'dsv' for command environment
[1.089s] INFO:colcon.colcon_core.task.python.build:Building Python package in '/home/davicito/CursoRobotica/proyecto/src/robot_kinematics'
[1.089s] INFO:colcon.colcon_core.shell:Skip shell extension 'powershell' for command environment: Not usable outside of PowerShell
[1.089s] DEBUG:colcon.colcon_core.shell:Skip shell extension 'dsv' for command environment
[1.735s] DEBUG:colcon.colcon_core.event_handler.log_command:Invoking command in '/home/davicito/CursoRobotica/proyecto/src/robot_bringup': DEBUGINFOD_URLS=https://debuginfod.ubuntu.com PYTHONPATH=/home/davicito/CursoRobotica/proyecto/build/robot_bringup/prefix_override:/usr/lib/python3/dist-packages/colcon_core/task/python/colcon_distutils_commands:/home/davicito/CursoRobotica/proyecto/install/robot_bringup/lib/python3.12/site-packages:${PYTHONPATH} /usr/bin/python3 -W ignore:setup.py install is deprecated -W ignore:easy_install command is deprecated setup.py egg_info --egg-base ../../build/robot_bringup build --build-base /home/davicito/CursoRobotica/proyecto/build/robot_bringup/build install --record /home/davicito/CursoRobotica/proyecto/build/robot_bringup/install.log --single-version-externally-managed install_data
[1.752s] DEBUG:colcon.colcon_core.event_handler.log_command:Invoking command in '/home/davicito/CursoRobotica/proyecto/src/robot_description': DEBUGINFOD_URLS=https://debuginfod.ubuntu.com PYTHONPATH=/home/davicito/CursoRobotica/proyecto/build/robot_description/prefix_override:/usr/lib/python3/dist-packages/colcon_core/task/python/colcon_distutils_commands:/home/davicito/CursoRobotica/proyecto/install/robot_description/lib/python3.12/site-packages:${PYTHONPATH} /usr/bin/python3 -W ignore:setup.py install is deprecated -W ignore:easy_install command is deprecated setup.py egg_info --egg-base ../../build/robot_description build --build-base /home/davicito/CursoRobotica/proyecto/build/robot_description/build install --record /home/davicito/CursoRobotica/proyecto/build/robot_description/install.log --single-version-externally-managed install_data
[1.785s] DEBUG:colcon.colcon_core.event_handler.log_command:Invoking command in '/home/davicito/CursoRobotica/proyecto/src/robot_hardware': DEBUGINFOD_URLS=https://debuginfod.ubuntu.com PYTHONPATH=/home/davicito/CursoRobotica/proyecto/build/robot_hardware/prefix_override:/usr/lib/python3/dist-packages/colcon_core/task/python/colcon_distutils_commands:/home/davicito/CursoRobotica/proyecto/install/robot_hardware/lib/python3.12/site-packages:${PYTHONPATH} /usr/bin/python3 -W ignore:setup.py install is deprecated -W ignore:easy_install command is deprecated setup.py egg_info --egg-base ../../build/robot_hardware build --build-base /home/davicito/CursoRobotica/proyecto/build/robot_hardware/build install --record /home/davicito/CursoRobotica/proyecto/build/robot_hardware/install.log --single-version-externally-managed install_data
[1.821s] DEBUG:colcon.colcon_core.event_handler.log_command:Invoking command in '/home/davicito/CursoRobotica/proyecto/src/robot_kinematics': DEBUGINFOD_URLS=https://debuginfod.ubuntu.com PYTHONPATH=/home/davicito/CursoRobotica/proyecto/build/robot_kinematics/prefix_override:/usr/lib/python3/dist-packages/colcon_core/task/python/colcon_distutils_commands:/home/davicito/CursoRobotica/proyecto/install/robot_kinematics/lib/python3.12/site-packages:${PYTHONPATH} /usr/bin/python3 -W ignore:setup.py install is deprecated -W ignore:easy_install command is deprecated setup.py egg_info --egg-base ../../build/robot_kinematics build --build-base /home/davicito/CursoRobotica/proyecto/build/robot_kinematics/build install --record /home/davicito/CursoRobotica/proyecto/build/robot_kinematics/install.log --single-version-externally-managed install_data
[2.429s] DEBUG:colcon.colcon_core.event_handler.log_command:Invoked command in '/home/davicito/CursoRobotica/proyecto/src/robot_hardware' returned '0': DEBUGINFOD_URLS=https://debuginfod.ubuntu.com PYTHONPATH=/home/davicito/CursoRobotica/proyecto/build/robot_hardware/prefix_override:/usr/lib/python3/dist-packages/colcon_core/task/python/colcon_distutils_commands:/home/davicito/CursoRobotica/proyecto/install/robot_hardware/lib/python3.12/site-packages:${PYTHONPATH} /usr/bin/python3 -W ignore:setup.py install is deprecated -W ignore:easy_install command is deprecated setup.py egg_info --egg-base ../../build/robot_hardware build --build-base /home/davicito/CursoRobotica/proyecto/build/robot_hardware/build install --record /home/davicito/CursoRobotica/proyecto/build/robot_hardware/install.log --single-version-externally-managed install_data
[2.431s] Level 1:colcon.colcon_core.environment:checking '/home/davicito/CursoRobotica/proyecto/install/robot_hardware' for CMake module files
[2.431s] Level 1:colcon.colcon_core.environment:checking '/home/davicito/CursoRobotica/proyecto/install/robot_hardware' for CMake config files
[2.432s] Level 1:colcon.colcon_core.environment:checking '/home/davicito/CursoRobotica/proyecto/install/robot_hardware/lib'
[2.432s] Level 1:colcon.colcon_core.environment:checking '/home/davicito/CursoRobotica/proyecto/install/robot_hardware/bin'
[2.432s] Level 1:colcon.colcon_core.environment:checking '/home/davicito/CursoRobotica/proyecto/install/robot_hardware/lib/pkgconfig/robot_hardware.pc'
[2.432s] Level 1:colcon.colcon_core.environment:checking '/home/davicito/CursoRobotica/proyecto/install/robot_hardware/lib/python3.12/site-packages'
[2.432s] Level 1:colcon.colcon_core.shell:create_environment_hook('robot_hardware', 'pythonpath')
[2.432s] INFO:colcon.colcon_core.shell:Creating environment hook '/home/davicito/CursoRobotica/proyecto/install/robot_hardware/share/robot_hardware/hook/pythonpath.ps1'
[2.472s] INFO:colcon.colcon_core.shell:Creating environment descriptor '/home/davicito/CursoRobotica/proyecto/install/robot_hardware/share/robot_hardware/hook/pythonpath.dsv'
[2.682s] INFO:colcon.colcon_core.shell:Creating environment hook '/home/davicito/CursoRobotica/proyecto/install/robot_hardware/share/robot_hardware/hook/pythonpath.sh'
[2.746s] Level 1:colcon.colcon_core.environment:checking '/home/davicito/CursoRobotica/proyecto/install/robot_hardware/bin'
[2.746s] Level 1:colcon.colcon_core.environment:create_environment_scripts_only(robot_hardware)
[2.746s] INFO:colcon.colcon_core.shell:Creating package script '/home/davicito/CursoRobotica/proyecto/install/robot_hardware/share/robot_hardware/package.ps1'
[2.807s] INFO:colcon.colcon_core.shell:Creating package descriptor '/home/davicito/CursoRobotica/proyecto/install/robot_hardware/share/robot_hardware/package.dsv'
[2.873s] INFO:colcon.colcon_core.shell:Creating package script '/home/davicito/CursoRobotica/proyecto/install/robot_hardware/share/robot_hardware/package.sh'
[2.903s] INFO:colcon.colcon_core.shell:Creating package script '/home/davicito/CursoRobotica/proyecto/install/robot_hardware/share/robot_hardware/package.bash'
[2.904s] INFO:colcon.colcon_core.shell:Creating package script '/home/davicito/CursoRobotica/proyecto/install/robot_hardware/share/robot_hardware/package.zsh'
[2.905s] Level 1:colcon.colcon_core.environment:create_file_with_runtime_dependencies(/home/davicito/CursoRobotica/proyecto/install/robot_hardware/share/colcon-core/packages/robot_hardware)
[2.906s] Level 1:colcon.colcon_core.environment:checking '/home/davicito/CursoRobotica/proyecto/install/robot_bringup' for CMake module files
[2.906s] Level 1:colcon.colcon_core.environment:checking '/home/davicito/CursoRobotica/proyecto/install/robot_bringup' for CMake config files
[2.907s] Level 1:colcon.colcon_core.environment:checking '/home/davicito/CursoRobotica/proyecto/install/robot_bringup/lib'
[2.907s] Level 1:colcon.colcon_core.environment:checking '/home/davicito/CursoRobotica/proyecto/install/robot_bringup/bin'
[2.907s] Level 1:colcon.colcon_core.environment:checking '/home/davicito/CursoRobotica/proyecto/install/robot_bringup/lib/pkgconfig/robot_bringup.pc'
[2.907s] Level 1:colcon.colcon_core.environment:checking '/home/davicito/CursoRobotica/proyecto/install/robot_bringup/lib/python3.12/site-packages'
[2.907s] Level 1:colcon.colcon_core.shell:create_environment_hook('robot_bringup', 'pythonpath')
[2.908s] INFO:colcon.colcon_core.shell:Creating environment hook '/home/davicito/CursoRobotica/proyecto/install/robot_bringup/share/robot_bringup/hook/pythonpath.ps1'
[2.938s] INFO:colcon.colcon_core.shell:Creating environment descriptor '/home/davicito/CursoRobotica/proyecto/install/robot_bringup/share/robot_bringup/hook/pythonpath.dsv'
[3.003s] DEBUG:colcon.colcon_core.event_handler.log_command:Invoked command in '/home/davicito/CursoRobotica/proyecto/src/robot_bringup' returned '0': DEBUGINFOD_URLS=https://debuginfod.ubuntu.com PYTHONPATH=/home/davicito/CursoRobotica/proyecto/build/robot_bringup/prefix_override:/usr/lib/python3/dist-packages/colcon_core/task/python/colcon_distutils_commands:/home/davicito/CursoRobotica/proyecto/install/robot_bringup/lib/python3.12/site-packages:${PYTHONPATH} /usr/bin/python3 -W ignore:setup.py install is deprecated -W ignore:easy_install command is deprecated setup.py egg_info --egg-base ../../build/robot_bringup build --build-base /home/davicito/CursoRobotica/proyecto/build/robot_bringup/build install --record /home/davicito/CursoRobotica/proyecto/build/robot_bringup/install.log --single-version-externally-managed install_data
[3.018s] INFO:colcon.colcon_core.shell:Creating environment hook '/home/davicito/CursoRobotica/proyecto/install/robot_bringup/share/robot_bringup/hook/pythonpath.sh'
[3.092s] Level 1:colcon.colcon_core.environment:checking '/home/davicito/CursoRobotica/proyecto/install/robot_bringup/bin'
[3.092s] Level 1:colcon.colcon_core.environment:create_environment_scripts_only(robot_bringup)
[3.092s] INFO:colcon.colcon_core.shell:Creating package script '/home/davicito/CursoRobotica/proyecto/install/robot_bringup/share/robot_bringup/package.ps1'
[3.125s] INFO:colcon.colcon_core.shell:Creating package descriptor '/home/davicito/CursoRobotica/proyecto/install/robot_bringup/share/robot_bringup/package.dsv'
[3.126s] INFO:colcon.colcon_core.shell:Creating package script '/home/davicito/CursoRobotica/proyecto/install/robot_bringup/share/robot_bringup/package.sh'
[3.126s] INFO:colcon.colcon_core.shell:Creating package script '/home/davicito/CursoRobotica/proyecto/install/robot_bringup/share/robot_bringup/package.bash'
[3.127s] INFO:colcon.colcon_core.shell:Creating package script '/home/davicito/CursoRobotica/proyecto/install/robot_bringup/share/robot_bringup/package.zsh'
[3.127s] Level 1:colcon.colcon_core.environment:create_file_with_runtime_dependencies(/home/davicito/CursoRobotica/proyecto/install/robot_bringup/share/colcon-core/packages/robot_bringup)
[3.127s] Level 1:colcon.colcon_core.environment:checking '/home/davicito/CursoRobotica/proyecto/install/robot_description' for CMake module files
[3.128s] Level 1:colcon.colcon_core.environment:checking '/home/davicito/CursoRobotica/proyecto/install/robot_description' for CMake config files
[3.129s] Level 1:colcon.colcon_core.environment:checking '/home/davicito/CursoRobotica/proyecto/install/robot_description/lib'
[3.129s] Level 1:colcon.colcon_core.environment:checking '/home/davicito/CursoRobotica/proyecto/install/robot_description/bin'
[3.129s] Level 1:colcon.colcon_core.environment:checking '/home/davicito/CursoRobotica/proyecto/install/robot_description/lib/pkgconfig/robot_description.pc'
[3.129s] Level 1:colcon.colcon_core.environment:checking '/home/davicito/CursoRobotica/proyecto/install/robot_description/lib/python3.12/site-packages'
[3.129s] Level 1:colcon.colcon_core.shell:create_environment_hook('robot_description', 'pythonpath')
[3.129s] INFO:colcon.colcon_core.shell:Creating environment hook '/home/davicito/CursoRobotica/proyecto/install/robot_description/share/robot_description/hook/pythonpath.ps1'
[3.129s] INFO:colcon.colcon_core.shell:Creating environment descriptor '/home/davicito/CursoRobotica/proyecto/install/robot_description/share/robot_description/hook/pythonpath.dsv'
[3.130s] INFO:colcon.colcon_core.shell:Creating environment hook '/home/davicito/CursoRobotica/proyecto/install/robot_description/share/robot_description/hook/pythonpath.sh'
[3.130s] Level 1:colcon.colcon_core.environment:checking '/home/davicito/CursoRobotica/proyecto/install/robot_description/bin'
[3.130s] Level 1:colcon.colcon_core.environment:create_environment_scripts_only(robot_description)
[3.130s] INFO:colcon.colcon_core.shell:Creating package script '/home/davicito/CursoRobotica/proyecto/install/robot_description/share/robot_description/package.ps1'
[3.131s] INFO:colcon.colcon_core.shell:Creating package descriptor '/home/davicito/CursoRobotica/proyecto/install/robot_description/share/robot_description/package.dsv'
[3.131s] INFO:colcon.colcon_core.shell:Creating package script '/home/davicito/CursoRobotica/proyecto/install/robot_description/share/robot_description/package.sh'
[3.131s] INFO:colcon.colcon_core.shell:Creating package script '/home/davicito/CursoRobotica/proyecto/install/robot_description/share/robot_description/package.bash'
[3.132s] INFO:colcon.colcon_core.shell:Creating package script '/home/davicito/CursoRobotica/proyecto/install/robot_description/share/robot_description/package.zsh'
[3.132s] Level 1:colcon.colcon_core.environment:create_file_with_runtime_dependencies(/home/davicito/CursoRobotica/proyecto/install/robot_description/share/colcon-core/packages/robot_description)
[3.132s] Level 1:colcon.colcon_core.environment:checking '/home/davicito/CursoRobotica/proyecto/install/robot_kinematics' for CMake module files
[3.132s] Level 1:colcon.colcon_core.environment:checking '/home/davicito/CursoRobotica/proyecto/install/robot_kinematics' for CMake config files
[3.133s] Level 1:colcon.colcon_core.environment:checking '/home/davicito/CursoRobotica/proyecto/install/robot_kinematics/lib'
[3.133s] Level 1:colcon.colcon_core.environment:checking '/home/davicito/CursoRobotica/proyecto/install/robot_kinematics/bin'
[3.133s] Level 1:colcon.colcon_core.environment:checking '/home/davicito/CursoRobotica/proyecto/install/robot_kinematics/lib/pkgconfig/robot_kinematics.pc'
[3.133s] Level 1:colcon.colcon_core.environment:checking '/home/davicito/CursoRobotica/proyecto/install/robot_kinematics/lib/python3.12/site-packages'
[3.133s] Level 1:colcon.colcon_core.shell:create_environment_hook('robot_kinematics', 'pythonpath')
[3.133s] INFO:colcon.colcon_core.shell:Creating environment hook '/home/davicito/CursoRobotica/proyecto/install/robot_kinematics/share/robot_kinematics/hook/pythonpath.ps1'
[3.133s] INFO:colcon.colcon_core.shell:Creating environment descriptor '/home/davicito/CursoRobotica/proyecto/install/robot_kinematics/share/robot_kinematics/hook/pythonpath.dsv'
[3.134s] INFO:colcon.colcon_core.shell:Creating environment hook '/home/davicito/CursoRobotica/proyecto/install/robot_kinematics/share/robot_kinematics/hook/pythonpath.sh'
[3.134s] Level 1:colcon.colcon_core.environment:checking '/home/davicito/CursoRobotica/proyecto/install/robot_kinematics/bin'
[3.134s] Level 1:colcon.colcon_core.environment:create_environment_scripts_only(robot_kinematics)
[3.134s] INFO:colcon.colcon_core.shell:Creating package script '/home/davicito/CursoRobotica/proyecto/install/robot_kinematics/share/robot_kinematics/package.ps1'
[3.135s] INFO:colcon.colcon_core.shell:Creating package descriptor '/home/davicito/CursoRobotica/proyecto/install/robot_kinematics/share/robot_kinematics/package.dsv'
[3.135s] INFO:colcon.colcon_core.shell:Creating package script '/home/davicito/CursoRobotica/proyecto/install/robot_kinematics/share/robot_kinematics/package.sh'
[3.135s] INFO:colcon.colcon_core.shell:Creating package script '/home/davicito/CursoRobotica/proyecto/install/robot_kinematics/share/robot_kinematics/package.bash'
[3.136s] INFO:colcon.colcon_core.shell:Creating package script '/home/davicito/CursoRobotica/proyecto/install/robot_kinematics/share/robot_kinematics/package.zsh'
[3.136s] Level 1:colcon.colcon_core.environment:create_file_with_runtime_dependencies(/home/davicito/CursoRobotica/proyecto/install/robot_kinematics/share/colcon-core/packages/robot_kinematics)
[3.136s] DEBUG:colcon.colcon_parallel_executor.executor.parallel:closing loop
[3.136s] DEBUG:colcon.colcon_parallel_executor.executor.parallel:loop closed
[3.136s] DEBUG:colcon.colcon_parallel_executor.executor.parallel:run_until_complete finished with '0'
[3.136s] DEBUG:colcon.colcon_core.event_reactor:joining thread
[3.157s] DEBUG:colcon.colcon_core.event_handler.log_command:Invoked command in '/home/davicito/CursoRobotica/proyecto/src/robot_description' returned '0': DEBUGINFOD_URLS=https://debuginfod.ubuntu.com PYTHONPATH=/home/davicito/CursoRobotica/proyecto/build/robot_description/prefix_override:/usr/lib/python3/dist-packages/colcon_core/task/python/colcon_distutils_commands:/home/davicito/CursoRobotica/proyecto/install/robot_description/lib/python3.12/site-packages:${PYTHONPATH} /usr/bin/python3 -W ignore:setup.py install is deprecated -W ignore:easy_install command is deprecated setup.py egg_info --egg-base ../../build/robot_description build --build-base /home/davicito/CursoRobotica/proyecto/build/robot_description/build install --record /home/davicito/CursoRobotica/proyecto/build/robot_description/install.log --single-version-externally-managed install_data
[3.158s] DEBUG:colcon.colcon_core.event_handler.log_command:Invoked command in '/home/davicito/CursoRobotica/proyecto/src/robot_kinematics' returned '0': DEBUGINFOD_URLS=https://debuginfod.ubuntu.com PYTHONPATH=/home/davicito/CursoRobotica/proyecto/build/robot_kinematics/prefix_override:/usr/lib/python3/dist-packages/colcon_core/task/python/colcon_distutils_commands:/home/davicito/CursoRobotica/proyecto/install/robot_kinematics/lib/python3.12/site-packages:${PYTHONPATH} /usr/bin/python3 -W ignore:setup.py install is deprecated -W ignore:easy_install command is deprecated setup.py egg_info --egg-base ../../build/robot_kinematics build --build-base /home/davicito/CursoRobotica/proyecto/build/robot_kinematics/build install --record /home/davicito/CursoRobotica/proyecto/build/robot_kinematics/install.log --single-version-externally-managed install_data
[3.162s] INFO:colcon.colcon_core.plugin_system:Skipping extension 'colcon_notification.desktop_notification.terminal_notifier': Not used on non-Darwin systems
[3.162s] INFO:colcon.colcon_core.plugin_system:Skipping extension 'colcon_notification.desktop_notification.win32': Not used on non-Windows systems
[3.162s] INFO:colcon.colcon_notification.desktop_notification:Sending desktop notification using 'notify2'
[3.186s] DEBUG:colcon.colcon_core.event_reactor:joined thread
[3.186s] INFO:colcon.colcon_core.shell:Creating prefix script '/home/davicito/CursoRobotica/proyecto/install/local_setup.ps1'
[3.452s] INFO:colcon.colcon_core.shell:Creating prefix util module '/home/davicito/CursoRobotica/proyecto/install/_local_setup_util_ps1.py'
[3.454s] INFO:colcon.colcon_core.shell:Creating prefix chain script '/home/davicito/CursoRobotica/proyecto/install/setup.ps1'
[3.499s] INFO:colcon.colcon_core.shell:Creating prefix script '/home/davicito/CursoRobotica/proyecto/install/local_setup.sh'
[3.499s] INFO:colcon.colcon_core.shell:Creating prefix util module '/home/davicito/CursoRobotica/proyecto/install/_local_setup_util_sh.py'
[3.500s] INFO:colcon.colcon_core.shell:Creating prefix chain script '/home/davicito/CursoRobotica/proyecto/install/setup.sh'
[3.501s] INFO:colcon.colcon_core.shell:Creating prefix script '/home/davicito/CursoRobotica/proyecto/install/local_setup.bash'
[3.501s] INFO:colcon.colcon_core.shell:Creating prefix chain script '/home/davicito/CursoRobotica/proyecto/install/setup.bash'
[3.502s] INFO:colcon.colcon_core.shell:Creating prefix script '/home/davicito/CursoRobotica/proyecto/install/local_setup.zsh'
[3.646s] INFO:colcon.colcon_core.shell:Creating prefix chain script '/home/davicito/CursoRobotica/proyecto/install/setup.zsh'
