running egg_info
creating ../../build/robot_kinematics/robot_kinematics.egg-info
writing ../../build/robot_kinematics/robot_kinematics.egg-info/PKG-INFO
writing dependency_links to ../../build/robot_kinematics/robot_kinematics.egg-info/dependency_links.txt
writing requirements to ../../build/robot_kinematics/robot_kinematics.egg-info/requires.txt
writing top-level names to ../../build/robot_kinematics/robot_kinematics.egg-info/top_level.txt
writing manifest file '../../build/robot_kinematics/robot_kinematics.egg-info/SOURCES.txt'
reading manifest file '../../build/robot_kinematics/robot_kinematics.egg-info/SOURCES.txt'
writing manifest file '../../build/robot_kinematics/robot_kinematics.egg-info/SOURCES.txt'
running build
running build_py
creating /home/edu/CursoRobotica/proyecto/build/robot_kinematics/build
creating /home/edu/CursoRobotica/proyecto/build/robot_kinematics/build/lib
creating /home/edu/CursoRobotica/proyecto/build/robot_kinematics/build/lib/robot_kinematics
copying robot_kinematics/__init__.py -> /home/edu/CursoRobotica/proyecto/build/robot_kinematics/build/lib/robot_kinematics
running install
running install_lib
creating /home/edu/CursoRobotica/proyecto/install/robot_kinematics/lib/python3.12/site-packages/robot_kinematics
copying /home/edu/CursoRobotica/proyecto/build/robot_kinematics/build/lib/robot_kinematics/__init__.py -> /home/edu/CursoRobotica/proyecto/install/robot_kinematics/lib/python3.12/site-packages/robot_kinematics
byte-compiling /home/edu/CursoRobotica/proyecto/install/robot_kinematics/lib/python3.12/site-packages/robot_kinematics/__init__.py to __init__.cpython-312.pyc
running install_data
creating /home/edu/CursoRobotica/proyecto/install/robot_kinematics/share/ament_index
creating /home/edu/CursoRobotica/proyecto/install/robot_kinematics/share/ament_index/resource_index
creating /home/edu/CursoRobotica/proyecto/install/robot_kinematics/share/ament_index/resource_index/packages
copying resource/robot_kinematics -> /home/edu/CursoRobotica/proyecto/install/robot_kinematics/share/ament_index/resource_index/packages
copying package.xml -> /home/edu/CursoRobotica/proyecto/install/robot_kinematics/share/robot_kinematics
running install_egg_info
Copying ../../build/robot_kinematics/robot_kinematics.egg-info to /home/edu/CursoRobotica/proyecto/install/robot_kinematics/lib/python3.12/site-packages/robot_kinematics-0.0.0-py3.12.egg-info
running install_scripts
writing list of installed files to '/home/edu/CursoRobotica/proyecto/build/robot_kinematics/install.log'
