[1.287s] Invoking command in '/home/edu/CursoRobotica/proyecto/src/robot_kinematics': DEBUGINFOD_URLS=https://debuginfod.ubuntu.com PYTHONPATH=/home/edu/CursoRobotica/proyecto/build/robot_kinematics/prefix_override:/usr/lib/python3/dist-packages/colcon_core/task/python/colcon_distutils_commands:/home/edu/CursoRobotica/proyecto/install/robot_kinematics/lib/python3.12/site-packages:${PYTHONPATH} /usr/bin/python3 -W ignore:setup.py install is deprecated -W ignore:easy_install command is deprecated setup.py egg_info --egg-base ../../build/robot_kinematics build --build-base /home/edu/CursoRobotica/proyecto/build/robot_kinematics/build install --record /home/edu/CursoRobotica/proyecto/build/robot_kinematics/install.log --single-version-externally-managed install_data
[1.452s] running egg_info
[1.452s] creating ../../build/robot_kinematics/robot_kinematics.egg-info
[1.464s] writing ../../build/robot_kinematics/robot_kinematics.egg-info/PKG-INFO
[1.464s] writing dependency_links to ../../build/robot_kinematics/robot_kinematics.egg-info/dependency_links.txt
[1.464s] writing requirements to ../../build/robot_kinematics/robot_kinematics.egg-info/requires.txt
[1.464s] writing top-level names to ../../build/robot_kinematics/robot_kinematics.egg-info/top_level.txt
[1.464s] writing manifest file '../../build/robot_kinematics/robot_kinematics.egg-info/SOURCES.txt'
[1.489s] reading manifest file '../../build/robot_kinematics/robot_kinematics.egg-info/SOURCES.txt'
[1.489s] writing manifest file '../../build/robot_kinematics/robot_kinematics.egg-info/SOURCES.txt'
[1.489s] running build
[1.489s] running build_py
[1.489s] creating /home/edu/CursoRobotica/proyecto/build/robot_kinematics/build
[1.489s] creating /home/edu/CursoRobotica/proyecto/build/robot_kinematics/build/lib
[1.489s] creating /home/edu/CursoRobotica/proyecto/build/robot_kinematics/build/lib/robot_kinematics
[1.489s] copying robot_kinematics/__init__.py -> /home/edu/CursoRobotica/proyecto/build/robot_kinematics/build/lib/robot_kinematics
[1.489s] running install
[1.493s] running install_lib
[1.506s] creating /home/edu/CursoRobotica/proyecto/install/robot_kinematics/lib/python3.12/site-packages/robot_kinematics
[1.506s] copying /home/edu/CursoRobotica/proyecto/build/robot_kinematics/build/lib/robot_kinematics/__init__.py -> /home/edu/CursoRobotica/proyecto/install/robot_kinematics/lib/python3.12/site-packages/robot_kinematics
[1.506s] byte-compiling /home/edu/CursoRobotica/proyecto/install/robot_kinematics/lib/python3.12/site-packages/robot_kinematics/__init__.py to __init__.cpython-312.pyc
[1.506s] running install_data
[1.506s] creating /home/edu/CursoRobotica/proyecto/install/robot_kinematics/share/ament_index
[1.506s] creating /home/edu/CursoRobotica/proyecto/install/robot_kinematics/share/ament_index/resource_index
[1.506s] creating /home/edu/CursoRobotica/proyecto/install/robot_kinematics/share/ament_index/resource_index/packages
[1.506s] copying resource/robot_kinematics -> /home/edu/CursoRobotica/proyecto/install/robot_kinematics/share/ament_index/resource_index/packages
[1.507s] copying package.xml -> /home/edu/CursoRobotica/proyecto/install/robot_kinematics/share/robot_kinematics
[1.507s] running install_egg_info
[1.520s] Copying ../../build/robot_kinematics/robot_kinematics.egg-info to /home/edu/CursoRobotica/proyecto/install/robot_kinematics/lib/python3.12/site-packages/robot_kinematics-0.0.0-py3.12.egg-info
[1.520s] running install_scripts
[1.604s] writing list of installed files to '/home/edu/CursoRobotica/proyecto/build/robot_kinematics/install.log'
[1.623s] Invoked command in '/home/edu/CursoRobotica/proyecto/src/robot_kinematics' returned '0': DEBUGINFOD_URLS=https://debuginfod.ubuntu.com PYTHONPATH=/home/edu/CursoRobotica/proyecto/build/robot_kinematics/prefix_override:/usr/lib/python3/dist-packages/colcon_core/task/python/colcon_distutils_commands:/home/edu/CursoRobotica/proyecto/install/robot_kinematics/lib/python3.12/site-packages:${PYTHONPATH} /usr/bin/python3 -W ignore:setup.py install is deprecated -W ignore:easy_install command is deprecated setup.py egg_info --egg-base ../../build/robot_kinematics build --build-base /home/edu/CursoRobotica/proyecto/build/robot_kinematics/build install --record /home/edu/CursoRobotica/proyecto/build/robot_kinematics/install.log --single-version-externally-managed install_data
