[1.994s] Invoking command in '/home/samuel_arteaga/Desktop/Roboticos_Insanos/proyecto_ws/build/robot_hardware': DEBUGINFOD_URLS=https://debuginfod.ubuntu.com PYTHONPATH=/home/samuel_arteaga/Desktop/Roboticos_Insanos/proyecto_ws/build/robot_hardware/prefix_override:/usr/lib/python3/dist-packages/colcon_core/task/python/colcon_distutils_commands:/home/samuel_arteaga/Desktop/Roboticos_Insanos/proyecto_ws/install/robot_hardware/lib/python3.12/site-packages:${PYTHONPATH} /usr/bin/python3 -W ignore:setup.py install is deprecated -W ignore:easy_install command is deprecated setup.py develop --editable --build-directory /home/samuel_arteaga/Desktop/Roboticos_Insanos/proyecto_ws/build/robot_hardware/build --no-deps symlink_data
[2.435s] running develop
[2.691s] running egg_info
[2.692s] creating robot_hardware.egg-info
[2.718s] writing robot_hardware.egg-info/PKG-INFO
[2.719s] writing dependency_links to robot_hardware.egg-info/dependency_links.txt
[2.719s] writing entry points to robot_hardware.egg-info/entry_points.txt
[2.719s] writing requirements to robot_hardware.egg-info/requires.txt
[2.720s] writing top-level names to robot_hardware.egg-info/top_level.txt
[2.720s] writing manifest file 'robot_hardware.egg-info/SOURCES.txt'
[2.772s] reading manifest file 'robot_hardware.egg-info/SOURCES.txt'
[2.773s] writing manifest file 'robot_hardware.egg-info/SOURCES.txt'
[2.802s] running build_ext
[2.802s] Creating /home/samuel_arteaga/Desktop/Roboticos_Insanos/proyecto_ws/install/robot_hardware/lib/python3.12/site-packages/robot-hardware.egg-link (link to .)
[2.803s] Installing robot_hardware script to /home/samuel_arteaga/Desktop/Roboticos_Insanos/proyecto_ws/install/robot_hardware/lib/robot_hardware
[2.803s] 
[2.803s] Installed /home/samuel_arteaga/Desktop/Roboticos_Insanos/proyecto_ws/build/robot_hardware
[2.803s] running symlink_data
[2.804s] creating /home/samuel_arteaga/Desktop/Roboticos_Insanos/proyecto_ws/install/robot_hardware/share/ament_index
[2.804s] creating /home/samuel_arteaga/Desktop/Roboticos_Insanos/proyecto_ws/install/robot_hardware/share/ament_index/resource_index
[2.804s] creating /home/samuel_arteaga/Desktop/Roboticos_Insanos/proyecto_ws/install/robot_hardware/share/ament_index/resource_index/packages
[2.804s] symbolically linking /home/samuel_arteaga/Desktop/Roboticos_Insanos/proyecto_ws/build/robot_hardware/resource/robot_hardware -> /home/samuel_arteaga/Desktop/Roboticos_Insanos/proyecto_ws/install/robot_hardware/share/ament_index/resource_index/packages
[2.804s] symbolically linking /home/samuel_arteaga/Desktop/Roboticos_Insanos/proyecto_ws/build/robot_hardware/package.xml -> /home/samuel_arteaga/Desktop/Roboticos_Insanos/proyecto_ws/install/robot_hardware/share/robot_hardware
[2.863s] Invoked command in '/home/samuel_arteaga/Desktop/Roboticos_Insanos/proyecto_ws/build/robot_hardware' returned '0': DEBUGINFOD_URLS=https://debuginfod.ubuntu.com PYTHONPATH=/home/samuel_arteaga/Desktop/Roboticos_Insanos/proyecto_ws/build/robot_hardware/prefix_override:/usr/lib/python3/dist-packages/colcon_core/task/python/colcon_distutils_commands:/home/samuel_arteaga/Desktop/Roboticos_Insanos/proyecto_ws/install/robot_hardware/lib/python3.12/site-packages:${PYTHONPATH} /usr/bin/python3 -W ignore:setup.py install is deprecated -W ignore:easy_install command is deprecated setup.py develop --editable --build-directory /home/samuel_arteaga/Desktop/Roboticos_Insanos/proyecto_ws/build/robot_hardware/build --no-deps symlink_data
