[1.579s] Invoking command in '/home/davicito/CursoRobotica/proyecto/src/robot_hardware': DEBUGINFOD_URLS=https://debuginfod.ubuntu.com PYTHONPATH=/home/davicito/CursoRobotica/proyecto/build/robot_hardware/prefix_override:/usr/lib/python3/dist-packages/colcon_core/task/python/colcon_distutils_commands:/home/davicito/CursoRobotica/proyecto/install/robot_hardware/lib/python3.12/site-packages:${PYTHONPATH} /usr/bin/python3 -W ignore:setup.py install is deprecated -W ignore:easy_install command is deprecated setup.py egg_info --egg-base ../../build/robot_hardware build --build-base /home/davicito/CursoRobotica/proyecto/build/robot_hardware/build install --record /home/davicito/CursoRobotica/proyecto/build/robot_hardware/install.log --single-version-externally-managed install_data
[1.864s] running egg_info
[1.888s] writing ../../build/robot_hardware/robot_hardware.egg-info/PKG-INFO
[2.166s] writing dependency_links to ../../build/robot_hardware/robot_hardware.egg-info/dependency_links.txt
[2.167s] writing entry points to ../../build/robot_hardware/robot_hardware.egg-info/entry_points.txt
[2.167s] writing requirements to ../../build/robot_hardware/robot_hardware.egg-info/requires.txt
[2.167s] writing top-level names to ../../build/robot_hardware/robot_hardware.egg-info/top_level.txt
[2.212s] reading manifest file '../../build/robot_hardware/robot_hardware.egg-info/SOURCES.txt'
[2.213s] writing manifest file '../../build/robot_hardware/robot_hardware.egg-info/SOURCES.txt'
[2.394s] running build
[2.395s] running build_py
[2.395s] running install
[2.400s] running install_lib
[2.423s] running install_data
[2.423s] running install_egg_info
[2.447s] removing '/home/davicito/CursoRobotica/proyecto/install/robot_hardware/lib/python3.12/site-packages/robot_hardware-0.0.0-py3.12.egg-info' (and everything under it)
[2.447s] Copying ../../build/robot_hardware/robot_hardware.egg-info to /home/davicito/CursoRobotica/proyecto/install/robot_hardware/lib/python3.12/site-packages/robot_hardware-0.0.0-py3.12.egg-info
[2.448s] running install_scripts
[2.609s] Installing robot_hardware script to /home/davicito/CursoRobotica/proyecto/install/robot_hardware/lib/robot_hardware
[2.689s] writing list of installed files to '/home/davicito/CursoRobotica/proyecto/build/robot_hardware/install.log'
[2.710s] Invoked command in '/home/davicito/CursoRobotica/proyecto/src/robot_hardware' returned '0': DEBUGINFOD_URLS=https://debuginfod.ubuntu.com PYTHONPATH=/home/davicito/CursoRobotica/proyecto/build/robot_hardware/prefix_override:/usr/lib/python3/dist-packages/colcon_core/task/python/colcon_distutils_commands:/home/davicito/CursoRobotica/proyecto/install/robot_hardware/lib/python3.12/site-packages:${PYTHONPATH} /usr/bin/python3 -W ignore:setup.py install is deprecated -W ignore:easy_install command is deprecated setup.py egg_info --egg-base ../../build/robot_hardware build --build-base /home/davicito/CursoRobotica/proyecto/build/robot_hardware/build install --record /home/davicito/CursoRobotica/proyecto/build/robot_hardware/install.log --single-version-externally-managed install_data
