[1.696s] Invoking command in '/home/davicito/CursoRobotica/proyecto/src/robot_kinematics': DEBUGINFOD_URLS=https://debuginfod.ubuntu.com PYTHONPATH=/home/davicito/CursoRobotica/proyecto/build/robot_kinematics/prefix_override:/usr/lib/python3/dist-packages/colcon_core/task/python/colcon_distutils_commands:/home/davicito/CursoRobotica/proyecto/install/robot_kinematics/lib/python3.12/site-packages:${PYTHONPATH} /usr/bin/python3 -W ignore:setup.py install is deprecated -W ignore:easy_install command is deprecated setup.py egg_info --egg-base ../../build/robot_kinematics build --build-base /home/davicito/CursoRobotica/proyecto/build/robot_kinematics/build install --record /home/davicito/CursoRobotica/proyecto/build/robot_kinematics/install.log --single-version-externally-managed install_data
[1.969s] running egg_info
[1.991s] writing ../../build/robot_kinematics/robot_kinematics.egg-info/PKG-INFO
[1.991s] writing dependency_links to ../../build/robot_kinematics/robot_kinematics.egg-info/dependency_links.txt
[1.991s] writing entry points to ../../build/robot_kinematics/robot_kinematics.egg-info/entry_points.txt
[1.991s] writing requirements to ../../build/robot_kinematics/robot_kinematics.egg-info/requires.txt
[1.991s] writing top-level names to ../../build/robot_kinematics/robot_kinematics.egg-info/top_level.txt
[2.037s] reading manifest file '../../build/robot_kinematics/robot_kinematics.egg-info/SOURCES.txt'
[2.038s] writing manifest file '../../build/robot_kinematics/robot_kinematics.egg-info/SOURCES.txt'
[2.063s] running build
[2.063s] running build_py
[2.063s] copying robot_kinematics/kinematics.py -> /home/davicito/CursoRobotica/proyecto/build/robot_kinematics/build/lib/robot_kinematics
[2.063s] copying robot_kinematics/robot_final_pos_publisher.py -> /home/davicito/CursoRobotica/proyecto/build/robot_kinematics/build/lib/robot_kinematics
[2.063s] copying robot_kinematics/robot_trajectory_publisher.py -> /home/davicito/CursoRobotica/proyecto/build/robot_kinematics/build/lib/robot_kinematics
[2.063s] running install
[2.069s] running install_lib
[2.093s] copying /home/davicito/CursoRobotica/proyecto/build/robot_kinematics/build/lib/robot_kinematics/kinematics.py -> /home/davicito/CursoRobotica/proyecto/install/robot_kinematics/lib/python3.12/site-packages/robot_kinematics
[2.093s] copying /home/davicito/CursoRobotica/proyecto/build/robot_kinematics/build/lib/robot_kinematics/robot_final_pos_publisher.py -> /home/davicito/CursoRobotica/proyecto/install/robot_kinematics/lib/python3.12/site-packages/robot_kinematics
[2.093s] copying /home/davicito/CursoRobotica/proyecto/build/robot_kinematics/build/lib/robot_kinematics/robot_trajectory_publisher.py -> /home/davicito/CursoRobotica/proyecto/install/robot_kinematics/lib/python3.12/site-packages/robot_kinematics
[2.093s] byte-compiling /home/davicito/CursoRobotica/proyecto/install/robot_kinematics/lib/python3.12/site-packages/robot_kinematics/kinematics.py to kinematics.cpython-312.pyc
[2.096s] byte-compiling /home/davicito/CursoRobotica/proyecto/install/robot_kinematics/lib/python3.12/site-packages/robot_kinematics/robot_final_pos_publisher.py to robot_final_pos_publisher.cpython-312.pyc
[2.096s] byte-compiling /home/davicito/CursoRobotica/proyecto/install/robot_kinematics/lib/python3.12/site-packages/robot_kinematics/robot_trajectory_publisher.py to robot_trajectory_publisher.cpython-312.pyc
[2.097s] byte-compiling /home/davicito/CursoRobotica/proyecto/install/robot_kinematics/lib/python3.12/site-packages/robot_kinematics/__init__.py to __init__.cpython-312.pyc
[2.097s] running install_data
[2.097s] running install_egg_info
[2.121s] removing '/home/davicito/CursoRobotica/proyecto/install/robot_kinematics/lib/python3.12/site-packages/robot_kinematics-0.0.0-py3.12.egg-info' (and everything under it)
[2.121s] Copying ../../build/robot_kinematics/robot_kinematics.egg-info to /home/davicito/CursoRobotica/proyecto/install/robot_kinematics/lib/python3.12/site-packages/robot_kinematics-0.0.0-py3.12.egg-info
[2.122s] running install_scripts
[2.269s] Installing trajectory_publisher script to /home/davicito/CursoRobotica/proyecto/install/robot_kinematics/lib/robot_kinematics
[2.269s] writing list of installed files to '/home/davicito/CursoRobotica/proyecto/build/robot_kinematics/install.log'
[2.410s] Invoked command in '/home/davicito/CursoRobotica/proyecto/src/robot_kinematics' returned '0': DEBUGINFOD_URLS=https://debuginfod.ubuntu.com PYTHONPATH=/home/davicito/CursoRobotica/proyecto/build/robot_kinematics/prefix_override:/usr/lib/python3/dist-packages/colcon_core/task/python/colcon_distutils_commands:/home/davicito/CursoRobotica/proyecto/install/robot_kinematics/lib/python3.12/site-packages:${PYTHONPATH} /usr/bin/python3 -W ignore:setup.py install is deprecated -W ignore:easy_install command is deprecated setup.py egg_info --egg-base ../../build/robot_kinematics build --build-base /home/davicito/CursoRobotica/proyecto/build/robot_kinematics/build install --record /home/davicito/CursoRobotica/proyecto/build/robot_kinematics/install.log --single-version-externally-managed install_data
