running egg_info
creating ../build/robot_kinematics/robot_kinematics.egg-info
writing ../build/robot_kinematics/robot_kinematics.egg-info/PKG-INFO
writing dependency_links to ../build/robot_kinematics/robot_kinematics.egg-info/dependency_links.txt
writing entry points to ../build/robot_kinematics/robot_kinematics.egg-info/entry_points.txt
writing requirements to ../build/robot_kinematics/robot_kinematics.egg-info/requires.txt
writing top-level names to ../build/robot_kinematics/robot_kinematics.egg-info/top_level.txt
writing manifest file '../build/robot_kinematics/robot_kinematics.egg-info/SOURCES.txt'
reading manifest file '../build/robot_kinematics/robot_kinematics.egg-info/SOURCES.txt'
writing manifest file '../build/robot_kinematics/robot_kinematics.egg-info/SOURCES.txt'
running build
running build_py
creating /home/samuel_arteaga/Desktop/Roboticos_Insanos/proyecto_ws/src/build/robot_kinematics/build
creating /home/samuel_arteaga/Desktop/Roboticos_Insanos/proyecto_ws/src/build/robot_kinematics/build/lib
creating /home/samuel_arteaga/Desktop/Roboticos_Insanos/proyecto_ws/src/build/robot_kinematics/build/lib/robot_kinematics
copying robot_kinematics/__init__.py -> /home/samuel_arteaga/Desktop/Roboticos_Insanos/proyecto_ws/src/build/robot_kinematics/build/lib/robot_kinematics
copying robot_kinematics/robot_trajectory_publisher.py -> /home/samuel_arteaga/Desktop/Roboticos_Insanos/proyecto_ws/src/build/robot_kinematics/build/lib/robot_kinematics
copying robot_kinematics/robot_final_pos_publisher.py -> /home/samuel_arteaga/Desktop/Roboticos_Insanos/proyecto_ws/src/build/robot_kinematics/build/lib/robot_kinematics
copying robot_kinematics/kinematics.py -> /home/samuel_arteaga/Desktop/Roboticos_Insanos/proyecto_ws/src/build/robot_kinematics/build/lib/robot_kinematics
running install
running install_lib
byte-compiling /home/samuel_arteaga/Desktop/Roboticos_Insanos/proyecto_ws/src/install/robot_kinematics/lib/python3.12/site-packages/robot_kinematics/__init__.py to __init__.cpython-312.pyc
byte-compiling /home/samuel_arteaga/Desktop/Roboticos_Insanos/proyecto_ws/src/install/robot_kinematics/lib/python3.12/site-packages/robot_kinematics/robot_trajectory_publisher.py to robot_trajectory_publisher.cpython-312.pyc
byte-compiling /home/samuel_arteaga/Desktop/Roboticos_Insanos/proyecto_ws/src/install/robot_kinematics/lib/python3.12/site-packages/robot_kinematics/robot_final_pos_publisher.py to robot_final_pos_publisher.cpython-312.pyc
byte-compiling /home/samuel_arteaga/Desktop/Roboticos_Insanos/proyecto_ws/src/install/robot_kinematics/lib/python3.12/site-packages/robot_kinematics/kinematics.py to kinematics.cpython-312.pyc
running install_data
running install_egg_info
removing '/home/samuel_arteaga/Desktop/Roboticos_Insanos/proyecto_ws/src/install/robot_kinematics/lib/python3.12/site-packages/robot_kinematics-0.0.0-py3.12.egg-info' (and everything under it)
Copying ../build/robot_kinematics/robot_kinematics.egg-info to /home/samuel_arteaga/Desktop/Roboticos_Insanos/proyecto_ws/src/install/robot_kinematics/lib/python3.12/site-packages/robot_kinematics-0.0.0-py3.12.egg-info
running install_scripts
Installing trajectory_publisher script to /home/samuel_arteaga/Desktop/Roboticos_Insanos/proyecto_ws/src/install/robot_kinematics/lib/robot_kinematics
writing list of installed files to '/home/samuel_arteaga/Desktop/Roboticos_Insanos/proyecto_ws/src/build/robot_kinematics/install.log'
