[1.821s] Invoking command in '/home/samuel_arteaga/Desktop/Roboticos_Insanos/proyecto_ws/src/robot_kinematics': DEBUGINFOD_URLS=https://debuginfod.ubuntu.com PYTHONPATH=/home/samuel_arteaga/Desktop/Roboticos_Insanos/proyecto_ws/src/build/robot_kinematics/prefix_override:/usr/lib/python3/dist-packages/colcon_core/task/python/colcon_distutils_commands:/home/samuel_arteaga/Desktop/Roboticos_Insanos/proyecto_ws/src/install/robot_kinematics/lib/python3.12/site-packages:${PYTHONPATH} /usr/bin/python3 -W ignore:setup.py install is deprecated -W ignore:easy_install command is deprecated setup.py egg_info --egg-base ../build/robot_kinematics build --build-base /home/samuel_arteaga/Desktop/Roboticos_Insanos/proyecto_ws/src/build/robot_kinematics/build install --record /home/samuel_arteaga/Desktop/Roboticos_Insanos/proyecto_ws/src/build/robot_kinematics/install.log --single-version-externally-managed install_data
[2.160s] running egg_info
[2.161s] creating ../build/robot_kinematics/robot_kinematics.egg-info
[2.186s] writing ../build/robot_kinematics/robot_kinematics.egg-info/PKG-INFO
[2.186s] writing dependency_links to ../build/robot_kinematics/robot_kinematics.egg-info/dependency_links.txt
[2.186s] writing entry points to ../build/robot_kinematics/robot_kinematics.egg-info/entry_points.txt
[2.186s] writing requirements to ../build/robot_kinematics/robot_kinematics.egg-info/requires.txt
[2.186s] writing top-level names to ../build/robot_kinematics/robot_kinematics.egg-info/top_level.txt
[2.187s] writing manifest file '../build/robot_kinematics/robot_kinematics.egg-info/SOURCES.txt'
[2.238s] reading manifest file '../build/robot_kinematics/robot_kinematics.egg-info/SOURCES.txt'
[2.239s] writing manifest file '../build/robot_kinematics/robot_kinematics.egg-info/SOURCES.txt'
[2.239s] running build
[2.239s] running build_py
[2.239s] creating /home/samuel_arteaga/Desktop/Roboticos_Insanos/proyecto_ws/src/build/robot_kinematics/build
[2.239s] creating /home/samuel_arteaga/Desktop/Roboticos_Insanos/proyecto_ws/src/build/robot_kinematics/build/lib
[2.240s] creating /home/samuel_arteaga/Desktop/Roboticos_Insanos/proyecto_ws/src/build/robot_kinematics/build/lib/robot_kinematics
[2.240s] copying robot_kinematics/__init__.py -> /home/samuel_arteaga/Desktop/Roboticos_Insanos/proyecto_ws/src/build/robot_kinematics/build/lib/robot_kinematics
[2.240s] copying robot_kinematics/robot_trajectory_publisher.py -> /home/samuel_arteaga/Desktop/Roboticos_Insanos/proyecto_ws/src/build/robot_kinematics/build/lib/robot_kinematics
[2.240s] copying robot_kinematics/robot_final_pos_publisher.py -> /home/samuel_arteaga/Desktop/Roboticos_Insanos/proyecto_ws/src/build/robot_kinematics/build/lib/robot_kinematics
[2.240s] copying robot_kinematics/kinematics.py -> /home/samuel_arteaga/Desktop/Roboticos_Insanos/proyecto_ws/src/build/robot_kinematics/build/lib/robot_kinematics
[2.240s] running install
[2.247s] running install_lib
[2.273s] byte-compiling /home/samuel_arteaga/Desktop/Roboticos_Insanos/proyecto_ws/src/install/robot_kinematics/lib/python3.12/site-packages/robot_kinematics/__init__.py to __init__.cpython-312.pyc
[2.273s] byte-compiling /home/samuel_arteaga/Desktop/Roboticos_Insanos/proyecto_ws/src/install/robot_kinematics/lib/python3.12/site-packages/robot_kinematics/robot_trajectory_publisher.py to robot_trajectory_publisher.cpython-312.pyc
[2.274s] byte-compiling /home/samuel_arteaga/Desktop/Roboticos_Insanos/proyecto_ws/src/install/robot_kinematics/lib/python3.12/site-packages/robot_kinematics/robot_final_pos_publisher.py to robot_final_pos_publisher.cpython-312.pyc
[2.275s] byte-compiling /home/samuel_arteaga/Desktop/Roboticos_Insanos/proyecto_ws/src/install/robot_kinematics/lib/python3.12/site-packages/robot_kinematics/kinematics.py to kinematics.cpython-312.pyc
[2.279s] running install_data
[2.279s] running install_egg_info
[2.306s] removing '/home/samuel_arteaga/Desktop/Roboticos_Insanos/proyecto_ws/src/install/robot_kinematics/lib/python3.12/site-packages/robot_kinematics-0.0.0-py3.12.egg-info' (and everything under it)
[2.306s] Copying ../build/robot_kinematics/robot_kinematics.egg-info to /home/samuel_arteaga/Desktop/Roboticos_Insanos/proyecto_ws/src/install/robot_kinematics/lib/python3.12/site-packages/robot_kinematics-0.0.0-py3.12.egg-info
[2.307s] running install_scripts
[2.471s] Installing trajectory_publisher script to /home/samuel_arteaga/Desktop/Roboticos_Insanos/proyecto_ws/src/install/robot_kinematics/lib/robot_kinematics
[2.471s] writing list of installed files to '/home/samuel_arteaga/Desktop/Roboticos_Insanos/proyecto_ws/src/build/robot_kinematics/install.log'
[2.514s] Invoked command in '/home/samuel_arteaga/Desktop/Roboticos_Insanos/proyecto_ws/src/robot_kinematics' returned '0': DEBUGINFOD_URLS=https://debuginfod.ubuntu.com PYTHONPATH=/home/samuel_arteaga/Desktop/Roboticos_Insanos/proyecto_ws/src/build/robot_kinematics/prefix_override:/usr/lib/python3/dist-packages/colcon_core/task/python/colcon_distutils_commands:/home/samuel_arteaga/Desktop/Roboticos_Insanos/proyecto_ws/src/install/robot_kinematics/lib/python3.12/site-packages:${PYTHONPATH} /usr/bin/python3 -W ignore:setup.py install is deprecated -W ignore:easy_install command is deprecated setup.py egg_info --egg-base ../build/robot_kinematics build --build-base /home/samuel_arteaga/Desktop/Roboticos_Insanos/proyecto_ws/src/build/robot_kinematics/build install --record /home/samuel_arteaga/Desktop/Roboticos_Insanos/proyecto_ws/src/build/robot_kinematics/install.log --single-version-externally-managed install_data
