[1.819s] Invoking command in '/home/samuel_arteaga/Desktop/Roboticos_Insanos/proyecto_ws/src/robot_description': DEBUGINFOD_URLS=https://debuginfod.ubuntu.com PYTHONPATH=/home/samuel_arteaga/Desktop/Roboticos_Insanos/proyecto_ws/src/build/robot_description/prefix_override:/usr/lib/python3/dist-packages/colcon_core/task/python/colcon_distutils_commands:/home/samuel_arteaga/Desktop/Roboticos_Insanos/proyecto_ws/src/install/robot_description/lib/python3.12/site-packages:${PYTHONPATH} /usr/bin/python3 -W ignore:setup.py install is deprecated -W ignore:easy_install command is deprecated setup.py egg_info --egg-base ../build/robot_description build --build-base /home/samuel_arteaga/Desktop/Roboticos_Insanos/proyecto_ws/src/build/robot_description/build install --record /home/samuel_arteaga/Desktop/Roboticos_Insanos/proyecto_ws/src/build/robot_description/install.log --single-version-externally-managed install_data
[2.157s] running egg_info
[2.158s] creating ../build/robot_description/robot_description.egg-info
[2.210s] writing ../build/robot_description/robot_description.egg-info/PKG-INFO
[2.210s] writing dependency_links to ../build/robot_description/robot_description.egg-info/dependency_links.txt
[2.210s] writing requirements to ../build/robot_description/robot_description.egg-info/requires.txt
[2.210s] writing top-level names to ../build/robot_description/robot_description.egg-info/top_level.txt
[2.210s] writing manifest file '../build/robot_description/robot_description.egg-info/SOURCES.txt'
[2.265s] reading manifest file '../build/robot_description/robot_description.egg-info/SOURCES.txt'
[2.266s] writing manifest file '../build/robot_description/robot_description.egg-info/SOURCES.txt'
[2.266s] running build
[2.266s] running build_py
[2.266s] creating /home/samuel_arteaga/Desktop/Roboticos_Insanos/proyecto_ws/src/build/robot_description/build
[2.266s] creating /home/samuel_arteaga/Desktop/Roboticos_Insanos/proyecto_ws/src/build/robot_description/build/lib
[2.267s] creating /home/samuel_arteaga/Desktop/Roboticos_Insanos/proyecto_ws/src/build/robot_description/build/lib/robot_description
[2.267s] copying robot_description/__init__.py -> /home/samuel_arteaga/Desktop/Roboticos_Insanos/proyecto_ws/src/build/robot_description/build/lib/robot_description
[2.267s] running install
[2.275s] running install_lib
[2.302s] byte-compiling /home/samuel_arteaga/Desktop/Roboticos_Insanos/proyecto_ws/src/install/robot_description/lib/python3.12/site-packages/robot_description/__init__.py to __init__.cpython-312.pyc
[2.302s] running install_data
[2.302s] copying urdf/robotinsano.urdf -> /home/samuel_arteaga/Desktop/Roboticos_Insanos/proyecto_ws/src/install/robot_description/share/robot_description/urdf
[2.303s] running install_egg_info
[2.330s] removing '/home/samuel_arteaga/Desktop/Roboticos_Insanos/proyecto_ws/src/install/robot_description/lib/python3.12/site-packages/robot_description-0.0.0-py3.12.egg-info' (and everything under it)
[2.330s] Copying ../build/robot_description/robot_description.egg-info to /home/samuel_arteaga/Desktop/Roboticos_Insanos/proyecto_ws/src/install/robot_description/lib/python3.12/site-packages/robot_description-0.0.0-py3.12.egg-info
[2.331s] running install_scripts
[2.496s] writing list of installed files to '/home/samuel_arteaga/Desktop/Roboticos_Insanos/proyecto_ws/src/build/robot_description/install.log'
[2.541s] Invoked command in '/home/samuel_arteaga/Desktop/Roboticos_Insanos/proyecto_ws/src/robot_description' returned '0': DEBUGINFOD_URLS=https://debuginfod.ubuntu.com PYTHONPATH=/home/samuel_arteaga/Desktop/Roboticos_Insanos/proyecto_ws/src/build/robot_description/prefix_override:/usr/lib/python3/dist-packages/colcon_core/task/python/colcon_distutils_commands:/home/samuel_arteaga/Desktop/Roboticos_Insanos/proyecto_ws/src/install/robot_description/lib/python3.12/site-packages:${PYTHONPATH} /usr/bin/python3 -W ignore:setup.py install is deprecated -W ignore:easy_install command is deprecated setup.py egg_info --egg-base ../build/robot_description build --build-base /home/samuel_arteaga/Desktop/Roboticos_Insanos/proyecto_ws/src/build/robot_description/build install --record /home/samuel_arteaga/Desktop/Roboticos_Insanos/proyecto_ws/src/build/robot_description/install.log --single-version-externally-managed install_data
