[2.000s] Invoking command in '/home/samuel_arteaga/Desktop/Roboticos_Insanos/proyecto_ws/build/robot_bringup': DEBUGINFOD_URLS=https://debuginfod.ubuntu.com PYTHONPATH=/home/samuel_arteaga/Desktop/Roboticos_Insanos/proyecto_ws/build/robot_bringup/prefix_override:/usr/lib/python3/dist-packages/colcon_core/task/python/colcon_distutils_commands:/home/samuel_arteaga/Desktop/Roboticos_Insanos/proyecto_ws/install/robot_bringup/lib/python3.12/site-packages:${PYTHONPATH} /usr/bin/python3 -W ignore:setup.py install is deprecated -W ignore:easy_install command is deprecated setup.py develop --editable --build-directory /home/samuel_arteaga/Desktop/Roboticos_Insanos/proyecto_ws/build/robot_bringup/build --no-deps symlink_data
[2.413s] running develop
[2.683s] running egg_info
[2.683s] creating robot_bringup.egg-info
[2.708s] writing robot_bringup.egg-info/PKG-INFO
[2.709s] writing dependency_links to robot_bringup.egg-info/dependency_links.txt
[2.709s] writing requirements to robot_bringup.egg-info/requires.txt
[2.709s] writing top-level names to robot_bringup.egg-info/top_level.txt
[2.709s] writing manifest file 'robot_bringup.egg-info/SOURCES.txt'
[2.762s] reading manifest file 'robot_bringup.egg-info/SOURCES.txt'
[2.763s] writing manifest file 'robot_bringup.egg-info/SOURCES.txt'
[2.793s] running build_ext
[2.793s] Creating /home/samuel_arteaga/Desktop/Roboticos_Insanos/proyecto_ws/install/robot_bringup/lib/python3.12/site-packages/robot-bringup.egg-link (link to .)
[2.793s] 
[2.794s] Installed /home/samuel_arteaga/Desktop/Roboticos_Insanos/proyecto_ws/build/robot_bringup
[2.794s] running symlink_data
[2.794s] creating /home/samuel_arteaga/Desktop/Roboticos_Insanos/proyecto_ws/install/robot_bringup/share/ament_index
[2.794s] creating /home/samuel_arteaga/Desktop/Roboticos_Insanos/proyecto_ws/install/robot_bringup/share/ament_index/resource_index
[2.794s] creating /home/samuel_arteaga/Desktop/Roboticos_Insanos/proyecto_ws/install/robot_bringup/share/ament_index/resource_index/packages
[2.795s] symbolically linking /home/samuel_arteaga/Desktop/Roboticos_Insanos/proyecto_ws/build/robot_bringup/resource/robot_bringup -> /home/samuel_arteaga/Desktop/Roboticos_Insanos/proyecto_ws/install/robot_bringup/share/ament_index/resource_index/packages
[2.795s] symbolically linking /home/samuel_arteaga/Desktop/Roboticos_Insanos/proyecto_ws/build/robot_bringup/package.xml -> /home/samuel_arteaga/Desktop/Roboticos_Insanos/proyecto_ws/install/robot_bringup/share/robot_bringup
[2.795s] creating /home/samuel_arteaga/Desktop/Roboticos_Insanos/proyecto_ws/install/robot_bringup/share/robot_bringup/launch
[2.795s] symbolically linking /home/samuel_arteaga/Desktop/Roboticos_Insanos/proyecto_ws/build/robot_bringup/launch/trajectory_bringup.launch.py -> /home/samuel_arteaga/Desktop/Roboticos_Insanos/proyecto_ws/install/robot_bringup/share/robot_bringup/launch
[2.795s] symbolically linking /home/samuel_arteaga/Desktop/Roboticos_Insanos/proyecto_ws/build/robot_bringup/launch/rviz_bringup.launch.py -> /home/samuel_arteaga/Desktop/Roboticos_Insanos/proyecto_ws/install/robot_bringup/share/robot_bringup/launch
[2.844s] Invoked command in '/home/samuel_arteaga/Desktop/Roboticos_Insanos/proyecto_ws/build/robot_bringup' returned '0': DEBUGINFOD_URLS=https://debuginfod.ubuntu.com PYTHONPATH=/home/samuel_arteaga/Desktop/Roboticos_Insanos/proyecto_ws/build/robot_bringup/prefix_override:/usr/lib/python3/dist-packages/colcon_core/task/python/colcon_distutils_commands:/home/samuel_arteaga/Desktop/Roboticos_Insanos/proyecto_ws/install/robot_bringup/lib/python3.12/site-packages:${PYTHONPATH} /usr/bin/python3 -W ignore:setup.py install is deprecated -W ignore:easy_install command is deprecated setup.py develop --editable --build-directory /home/samuel_arteaga/Desktop/Roboticos_Insanos/proyecto_ws/build/robot_bringup/build --no-deps symlink_data
