[1.672s] DEBUG:colcon:Command line arguments: ['/usr/bin/colcon', 'build', '--symlink-install']
[1.672s] DEBUG:colcon:Parsed command line arguments: Namespace(log_base=None, log_level=None, verb_name='build', build_base='build', install_base='install', merge_install=False, symlink_install=True, test_result_base=None, continue_on_error=False, executor='parallel', parallel_workers=12, event_handlers=None, ignore_user_meta=False, metas=['./colcon.meta'], base_paths=['.'], packages_ignore=None, packages_ignore_regex=None, paths=None, packages_up_to=None, packages_up_to_regex=None, packages_above=None, packages_above_and_dependencies=None, packages_above_depth=None, packages_select_by_dep=None, packages_skip_by_dep=None, packages_skip_up_to=None, packages_select_build_failed=False, packages_skip_build_finished=False, packages_select_test_failures=False, packages_skip_test_passed=False, packages_select=None, packages_skip=None, packages_select_regex=None, packages_skip_regex=None, packages_start=None, packages_end=None, allow_overriding=[], cmake_args=None, cmake_target=None, cmake_target_skip_unavailable=False, cmake_clean_cache=False, cmake_clean_first=False, cmake_force_configure=False, ament_cmake_args=None, catkin_cmake_args=None, catkin_skip_building_tests=False, mixin_files=None, mixin=None, verb_parser=<colcon_mixin.mixin.mixin_argument.MixinArgumentDecorator object at 0x7e1087358d40>, verb_extension=<colcon_core.verb.build.BuildVerb object at 0x7e10874d0d10>, main=<bound method BuildVerb.main of <colcon_core.verb.build.BuildVerb object at 0x7e10874d0d10>>, mixin_verb=('build',))
[1.815s] Level 1:colcon.colcon_core.package_discovery:discover_packages(colcon_meta) check parameters
[1.816s] Level 1:colcon.colcon_core.package_discovery:discover_packages(recursive) check parameters
[1.816s] Level 1:colcon.colcon_core.package_discovery:discover_packages(ignore) check parameters
[1.816s] Level 1:colcon.colcon_core.package_discovery:discover_packages(path) check parameters
[1.816s] Level 1:colcon.colcon_core.package_discovery:discover_packages(colcon_meta) discover
[1.816s] Level 1:colcon.colcon_core.package_discovery:discover_packages(recursive) discover
[1.816s] INFO:colcon.colcon_core.package_discovery:Crawling recursively for packages in '/home/davicito/Roboticos_Insanos/proyecto_ws'
[1.816s] Level 1:colcon.colcon_core.package_identification:_identify(.) by extensions ['ignore', 'ignore_ament_install']
[1.816s] Level 1:colcon.colcon_core.package_identification:_identify(.) by extension 'ignore'
[1.816s] Level 1:colcon.colcon_core.package_identification:_identify(.) by extension 'ignore_ament_install'
[1.816s] Level 1:colcon.colcon_core.package_identification:_identify(.) by extensions ['colcon_pkg']
[1.816s] Level 1:colcon.colcon_core.package_identification:_identify(.) by extension 'colcon_pkg'
[1.816s] Level 1:colcon.colcon_core.package_identification:_identify(.) by extensions ['colcon_meta']
[1.816s] Level 1:colcon.colcon_core.package_identification:_identify(.) by extension 'colcon_meta'
[1.816s] Level 1:colcon.colcon_core.package_identification:_identify(.) by extensions ['ros']
[1.816s] Level 1:colcon.colcon_core.package_identification:_identify(.) by extension 'ros'
[1.876s] Level 1:colcon.colcon_core.package_identification:_identify(.) by extensions ['cmake', 'python']
[1.876s] Level 1:colcon.colcon_core.package_identification:_identify(.) by extension 'cmake'
[1.876s] Level 1:colcon.colcon_core.package_identification:_identify(.) by extension 'python'
[1.876s] Level 1:colcon.colcon_core.package_identification:_identify(.) by extensions ['python_setup_py']
[1.876s] Level 1:colcon.colcon_core.package_identification:_identify(.) by extension 'python_setup_py'
[1.876s] Level 1:colcon.colcon_core.package_identification:_identify(build) by extensions ['ignore', 'ignore_ament_install']
[1.876s] Level 1:colcon.colcon_core.package_identification:_identify(build) by extension 'ignore'
[1.876s] Level 1:colcon.colcon_core.package_identification:_identify(build) ignored
[1.877s] Level 1:colcon.colcon_core.package_identification:_identify(install) by extensions ['ignore', 'ignore_ament_install']
[1.877s] Level 1:colcon.colcon_core.package_identification:_identify(install) by extension 'ignore'
[1.877s] Level 1:colcon.colcon_core.package_identification:_identify(install) ignored
[1.877s] Level 1:colcon.colcon_core.package_identification:_identify(log) by extensions ['ignore', 'ignore_ament_install']
[1.877s] Level 1:colcon.colcon_core.package_identification:_identify(log) by extension 'ignore'
[1.877s] Level 1:colcon.colcon_core.package_identification:_identify(log) ignored
[1.877s] Level 1:colcon.colcon_core.package_identification:_identify(src) by extensions ['ignore', 'ignore_ament_install']
[1.877s] Level 1:colcon.colcon_core.package_identification:_identify(src) by extension 'ignore'
[1.877s] Level 1:colcon.colcon_core.package_identification:_identify(src) by extension 'ignore_ament_install'
[1.877s] Level 1:colcon.colcon_core.package_identification:_identify(src) by extensions ['colcon_pkg']
[1.877s] Level 1:colcon.colcon_core.package_identification:_identify(src) by extension 'colcon_pkg'
[1.877s] Level 1:colcon.colcon_core.package_identification:_identify(src) by extensions ['colcon_meta']
[1.877s] Level 1:colcon.colcon_core.package_identification:_identify(src) by extension 'colcon_meta'
[1.877s] Level 1:colcon.colcon_core.package_identification:_identify(src) by extensions ['ros']
[1.877s] Level 1:colcon.colcon_core.package_identification:_identify(src) by extension 'ros'
[1.877s] Level 1:colcon.colcon_core.package_identification:_identify(src) by extensions ['cmake', 'python']
[1.877s] Level 1:colcon.colcon_core.package_identification:_identify(src) by extension 'cmake'
[1.877s] Level 1:colcon.colcon_core.package_identification:_identify(src) by extension 'python'
[1.877s] Level 1:colcon.colcon_core.package_identification:_identify(src) by extensions ['python_setup_py']
[1.877s] Level 1:colcon.colcon_core.package_identification:_identify(src) by extension 'python_setup_py'
[1.877s] Level 1:colcon.colcon_core.package_identification:_identify(src/install) by extensions ['ignore', 'ignore_ament_install']
[1.878s] Level 1:colcon.colcon_core.package_identification:_identify(src/install) by extension 'ignore'
[1.878s] Level 1:colcon.colcon_core.package_identification:_identify(src/install) ignored
[1.878s] Level 1:colcon.colcon_core.package_identification:_identify(src/robot_bringup) by extensions ['ignore', 'ignore_ament_install']
[1.878s] Level 1:colcon.colcon_core.package_identification:_identify(src/robot_bringup) by extension 'ignore'
[1.878s] Level 1:colcon.colcon_core.package_identification:_identify(src/robot_bringup) by extension 'ignore_ament_install'
[1.878s] Level 1:colcon.colcon_core.package_identification:_identify(src/robot_bringup) by extensions ['colcon_pkg']
[1.878s] Level 1:colcon.colcon_core.package_identification:_identify(src/robot_bringup) by extension 'colcon_pkg'
[1.878s] Level 1:colcon.colcon_core.package_identification:_identify(src/robot_bringup) by extensions ['colcon_meta']
[1.878s] Level 1:colcon.colcon_core.package_identification:_identify(src/robot_bringup) by extension 'colcon_meta'
[1.878s] Level 1:colcon.colcon_core.package_identification:_identify(src/robot_bringup) by extensions ['ros']
[1.878s] Level 1:colcon.colcon_core.package_identification:_identify(src/robot_bringup) by extension 'ros'
[1.884s] DEBUG:colcon.colcon_core.package_identification:Package 'src/robot_bringup' with type 'ros.ament_python' and name 'robot_bringup'
[1.884s] Level 1:colcon.colcon_core.package_identification:_identify(src/robot_description) by extensions ['ignore', 'ignore_ament_install']
[1.884s] Level 1:colcon.colcon_core.package_identification:_identify(src/robot_description) by extension 'ignore'
[1.884s] Level 1:colcon.colcon_core.package_identification:_identify(src/robot_description) by extension 'ignore_ament_install'
[1.884s] Level 1:colcon.colcon_core.package_identification:_identify(src/robot_description) by extensions ['colcon_pkg']
[1.884s] Level 1:colcon.colcon_core.package_identification:_identify(src/robot_description) by extension 'colcon_pkg'
[1.884s] Level 1:colcon.colcon_core.package_identification:_identify(src/robot_description) by extensions ['colcon_meta']
[1.884s] Level 1:colcon.colcon_core.package_identification:_identify(src/robot_description) by extension 'colcon_meta'
[1.884s] Level 1:colcon.colcon_core.package_identification:_identify(src/robot_description) by extensions ['ros']
[1.885s] Level 1:colcon.colcon_core.package_identification:_identify(src/robot_description) by extension 'ros'
[1.886s] DEBUG:colcon.colcon_core.package_identification:Package 'src/robot_description' with type 'ros.ament_python' and name 'robot_description'
[1.886s] Level 1:colcon.colcon_core.package_identification:_identify(src/robot_hardware) by extensions ['ignore', 'ignore_ament_install']
[1.886s] Level 1:colcon.colcon_core.package_identification:_identify(src/robot_hardware) by extension 'ignore'
[1.886s] Level 1:colcon.colcon_core.package_identification:_identify(src/robot_hardware) by extension 'ignore_ament_install'
[1.886s] Level 1:colcon.colcon_core.package_identification:_identify(src/robot_hardware) by extensions ['colcon_pkg']
[1.886s] Level 1:colcon.colcon_core.package_identification:_identify(src/robot_hardware) by extension 'colcon_pkg'
[1.886s] Level 1:colcon.colcon_core.package_identification:_identify(src/robot_hardware) by extensions ['colcon_meta']
[1.886s] Level 1:colcon.colcon_core.package_identification:_identify(src/robot_hardware) by extension 'colcon_meta'
[1.886s] Level 1:colcon.colcon_core.package_identification:_identify(src/robot_hardware) by extensions ['ros']
[1.886s] Level 1:colcon.colcon_core.package_identification:_identify(src/robot_hardware) by extension 'ros'
[1.887s] DEBUG:colcon.colcon_core.package_identification:Package 'src/robot_hardware' with type 'ros.ament_python' and name 'robot_hardware'
[1.887s] Level 1:colcon.colcon_core.package_identification:_identify(src/robot_kinematics) by extensions ['ignore', 'ignore_ament_install']
[1.887s] Level 1:colcon.colcon_core.package_identification:_identify(src/robot_kinematics) by extension 'ignore'
[1.887s] Level 1:colcon.colcon_core.package_identification:_identify(src/robot_kinematics) by extension 'ignore_ament_install'
[1.887s] Level 1:colcon.colcon_core.package_identification:_identify(src/robot_kinematics) by extensions ['colcon_pkg']
[1.887s] Level 1:colcon.colcon_core.package_identification:_identify(src/robot_kinematics) by extension 'colcon_pkg'
[1.887s] Level 1:colcon.colcon_core.package_identification:_identify(src/robot_kinematics) by extensions ['colcon_meta']
[1.887s] Level 1:colcon.colcon_core.package_identification:_identify(src/robot_kinematics) by extension 'colcon_meta'
[1.887s] Level 1:colcon.colcon_core.package_identification:_identify(src/robot_kinematics) by extensions ['ros']
[1.887s] Level 1:colcon.colcon_core.package_identification:_identify(src/robot_kinematics) by extension 'ros'
[1.888s] DEBUG:colcon.colcon_core.package_identification:Package 'src/robot_kinematics' with type 'ros.ament_python' and name 'robot_kinematics'
[1.888s] Level 1:colcon.colcon_core.package_discovery:discover_packages(recursive) using defaults
[1.888s] Level 1:colcon.colcon_core.package_discovery:discover_packages(ignore) discover
[1.888s] Level 1:colcon.colcon_core.package_discovery:discover_packages(ignore) using defaults
[1.888s] Level 1:colcon.colcon_core.package_discovery:discover_packages(path) discover
[1.888s] Level 1:colcon.colcon_core.package_discovery:discover_packages(path) using defaults
[1.954s] Level 1:colcon.colcon_core.package_discovery:discover_packages(prefix_path) check parameters
[1.954s] Level 1:colcon.colcon_core.package_discovery:discover_packages(prefix_path) discover
[1.962s] DEBUG:colcon.colcon_installed_package_information.package_discovery:Found 292 installed packages in /opt/ros/jazzy
[1.965s] Level 1:colcon.colcon_core.package_discovery:discover_packages(prefix_path) using defaults
[2.007s] Level 5:colcon.colcon_core.verb:set package 'robot_bringup' build argument 'cmake_args' from command line to 'None'
[2.007s] Level 5:colcon.colcon_core.verb:set package 'robot_bringup' build argument 'cmake_target' from command line to 'None'
[2.007s] Level 5:colcon.colcon_core.verb:set package 'robot_bringup' build argument 'cmake_target_skip_unavailable' from command line to 'False'
[2.007s] Level 5:colcon.colcon_core.verb:set package 'robot_bringup' build argument 'cmake_clean_cache' from command line to 'False'
[2.007s] Level 5:colcon.colcon_core.verb:set package 'robot_bringup' build argument 'cmake_clean_first' from command line to 'False'
[2.007s] Level 5:colcon.colcon_core.verb:set package 'robot_bringup' build argument 'cmake_force_configure' from command line to 'False'
[2.007s] Level 5:colcon.colcon_core.verb:set package 'robot_bringup' build argument 'ament_cmake_args' from command line to 'None'
[2.007s] Level 5:colcon.colcon_core.verb:set package 'robot_bringup' build argument 'catkin_cmake_args' from command line to 'None'
[2.007s] Level 5:colcon.colcon_core.verb:set package 'robot_bringup' build argument 'catkin_skip_building_tests' from command line to 'False'
[2.007s] DEBUG:colcon.colcon_core.verb:Building package 'robot_bringup' with the following arguments: {'ament_cmake_args': None, 'build_base': '/home/davicito/Roboticos_Insanos/proyecto_ws/build/robot_bringup', 'catkin_cmake_args': None, 'catkin_skip_building_tests': False, 'cmake_args': None, 'cmake_clean_cache': False, 'cmake_clean_first': False, 'cmake_force_configure': False, 'cmake_target': None, 'cmake_target_skip_unavailable': False, 'install_base': '/home/davicito/Roboticos_Insanos/proyecto_ws/install/robot_bringup', 'merge_install': False, 'path': '/home/davicito/Roboticos_Insanos/proyecto_ws/src/robot_bringup', 'symlink_install': True, 'test_result_base': None}
[2.007s] Level 5:colcon.colcon_core.verb:set package 'robot_description' build argument 'cmake_args' from command line to 'None'
[2.008s] Level 5:colcon.colcon_core.verb:set package 'robot_description' build argument 'cmake_target' from command line to 'None'
[2.008s] Level 5:colcon.colcon_core.verb:set package 'robot_description' build argument 'cmake_target_skip_unavailable' from command line to 'False'
[2.008s] Level 5:colcon.colcon_core.verb:set package 'robot_description' build argument 'cmake_clean_cache' from command line to 'False'
[2.008s] Level 5:colcon.colcon_core.verb:set package 'robot_description' build argument 'cmake_clean_first' from command line to 'False'
[2.008s] Level 5:colcon.colcon_core.verb:set package 'robot_description' build argument 'cmake_force_configure' from command line to 'False'
[2.008s] Level 5:colcon.colcon_core.verb:set package 'robot_description' build argument 'ament_cmake_args' from command line to 'None'
[2.008s] Level 5:colcon.colcon_core.verb:set package 'robot_description' build argument 'catkin_cmake_args' from command line to 'None'
[2.008s] Level 5:colcon.colcon_core.verb:set package 'robot_description' build argument 'catkin_skip_building_tests' from command line to 'False'
[2.008s] DEBUG:colcon.colcon_core.verb:Building package 'robot_description' with the following arguments: {'ament_cmake_args': None, 'build_base': '/home/davicito/Roboticos_Insanos/proyecto_ws/build/robot_description', 'catkin_cmake_args': None, 'catkin_skip_building_tests': False, 'cmake_args': None, 'cmake_clean_cache': False, 'cmake_clean_first': False, 'cmake_force_configure': False, 'cmake_target': None, 'cmake_target_skip_unavailable': False, 'install_base': '/home/davicito/Roboticos_Insanos/proyecto_ws/install/robot_description', 'merge_install': False, 'path': '/home/davicito/Roboticos_Insanos/proyecto_ws/src/robot_description', 'symlink_install': True, 'test_result_base': None}
[2.008s] Level 5:colcon.colcon_core.verb:set package 'robot_hardware' build argument 'cmake_args' from command line to 'None'
[2.008s] Level 5:colcon.colcon_core.verb:set package 'robot_hardware' build argument 'cmake_target' from command line to 'None'
[2.008s] Level 5:colcon.colcon_core.verb:set package 'robot_hardware' build argument 'cmake_target_skip_unavailable' from command line to 'False'
[2.008s] Level 5:colcon.colcon_core.verb:set package 'robot_hardware' build argument 'cmake_clean_cache' from command line to 'False'
[2.008s] Level 5:colcon.colcon_core.verb:set package 'robot_hardware' build argument 'cmake_clean_first' from command line to 'False'
[2.008s] Level 5:colcon.colcon_core.verb:set package 'robot_hardware' build argument 'cmake_force_configure' from command line to 'False'
[2.008s] Level 5:colcon.colcon_core.verb:set package 'robot_hardware' build argument 'ament_cmake_args' from command line to 'None'
[2.008s] Level 5:colcon.colcon_core.verb:set package 'robot_hardware' build argument 'catkin_cmake_args' from command line to 'None'
[2.008s] Level 5:colcon.colcon_core.verb:set package 'robot_hardware' build argument 'catkin_skip_building_tests' from command line to 'False'
[2.008s] DEBUG:colcon.colcon_core.verb:Building package 'robot_hardware' with the following arguments: {'ament_cmake_args': None, 'build_base': '/home/davicito/Roboticos_Insanos/proyecto_ws/build/robot_hardware', 'catkin_cmake_args': None, 'catkin_skip_building_tests': False, 'cmake_args': None, 'cmake_clean_cache': False, 'cmake_clean_first': False, 'cmake_force_configure': False, 'cmake_target': None, 'cmake_target_skip_unavailable': False, 'install_base': '/home/davicito/Roboticos_Insanos/proyecto_ws/install/robot_hardware', 'merge_install': False, 'path': '/home/davicito/Roboticos_Insanos/proyecto_ws/src/robot_hardware', 'symlink_install': True, 'test_result_base': None}
[2.008s] Level 5:colcon.colcon_core.verb:set package 'robot_kinematics' build argument 'cmake_args' from command line to 'None'
[2.008s] Level 5:colcon.colcon_core.verb:set package 'robot_kinematics' build argument 'cmake_target' from command line to 'None'
[2.008s] Level 5:colcon.colcon_core.verb:set package 'robot_kinematics' build argument 'cmake_target_skip_unavailable' from command line to 'False'
[2.008s] Level 5:colcon.colcon_core.verb:set package 'robot_kinematics' build argument 'cmake_clean_cache' from command line to 'False'
[2.008s] Level 5:colcon.colcon_core.verb:set package 'robot_kinematics' build argument 'cmake_clean_first' from command line to 'False'
[2.008s] Level 5:colcon.colcon_core.verb:set package 'robot_kinematics' build argument 'cmake_force_configure' from command line to 'False'
[2.008s] Level 5:colcon.colcon_core.verb:set package 'robot_kinematics' build argument 'ament_cmake_args' from command line to 'None'
[2.008s] Level 5:colcon.colcon_core.verb:set package 'robot_kinematics' build argument 'catkin_cmake_args' from command line to 'None'
[2.008s] Level 5:colcon.colcon_core.verb:set package 'robot_kinematics' build argument 'catkin_skip_building_tests' from command line to 'False'
[2.008s] DEBUG:colcon.colcon_core.verb:Building package 'robot_kinematics' with the following arguments: {'ament_cmake_args': None, 'build_base': '/home/davicito/Roboticos_Insanos/proyecto_ws/build/robot_kinematics', 'catkin_cmake_args': None, 'catkin_skip_building_tests': False, 'cmake_args': None, 'cmake_clean_cache': False, 'cmake_clean_first': False, 'cmake_force_configure': False, 'cmake_target': None, 'cmake_target_skip_unavailable': False, 'install_base': '/home/davicito/Roboticos_Insanos/proyecto_ws/install/robot_kinematics', 'merge_install': False, 'path': '/home/davicito/Roboticos_Insanos/proyecto_ws/src/robot_kinematics', 'symlink_install': True, 'test_result_base': None}
[2.008s] INFO:colcon.colcon_core.executor:Executing jobs using 'parallel' executor
[2.010s] DEBUG:colcon.colcon_parallel_executor.executor.parallel:run_until_complete
[2.010s] INFO:colcon.colcon_ros.task.ament_python.build:Building ROS package in '/home/davicito/Roboticos_Insanos/proyecto_ws/src/robot_bringup' with build type 'ament_python'
[2.010s] Level 1:colcon.colcon_core.shell:create_environment_hook('robot_bringup', 'ament_prefix_path')
[2.023s] INFO:colcon.colcon_core.plugin_system:Skipping extension 'colcon_core.shell.bat': Not used on non-Windows systems
[2.024s] INFO:colcon.colcon_core.shell:Creating environment hook '/home/davicito/Roboticos_Insanos/proyecto_ws/install/robot_bringup/share/robot_bringup/hook/ament_prefix_path.ps1'
[2.026s] INFO:colcon.colcon_core.shell:Creating environment descriptor '/home/davicito/Roboticos_Insanos/proyecto_ws/install/robot_bringup/share/robot_bringup/hook/ament_prefix_path.dsv'
[2.061s] INFO:colcon.colcon_core.shell:Creating environment hook '/home/davicito/Roboticos_Insanos/proyecto_ws/install/robot_bringup/share/robot_bringup/hook/ament_prefix_path.sh'
[2.096s] INFO:colcon.colcon_core.shell:Skip shell extension 'powershell' for command environment: Not usable outside of PowerShell
[2.096s] DEBUG:colcon.colcon_core.shell:Skip shell extension 'dsv' for command environment
[2.131s] INFO:colcon.colcon_ros.task.ament_python.build:Building ROS package in '/home/davicito/Roboticos_Insanos/proyecto_ws/src/robot_description' with build type 'ament_python'
[2.131s] Level 1:colcon.colcon_core.shell:create_environment_hook('robot_description', 'ament_prefix_path')
[2.132s] INFO:colcon.colcon_core.shell:Creating environment hook '/home/davicito/Roboticos_Insanos/proyecto_ws/install/robot_description/share/robot_description/hook/ament_prefix_path.ps1'
[2.163s] INFO:colcon.colcon_core.shell:Creating environment descriptor '/home/davicito/Roboticos_Insanos/proyecto_ws/install/robot_description/share/robot_description/hook/ament_prefix_path.dsv'
[2.195s] INFO:colcon.colcon_core.shell:Creating environment hook '/home/davicito/Roboticos_Insanos/proyecto_ws/install/robot_description/share/robot_description/hook/ament_prefix_path.sh'
[2.227s] INFO:colcon.colcon_core.shell:Skip shell extension 'powershell' for command environment: Not usable outside of PowerShell
[2.228s] DEBUG:colcon.colcon_core.shell:Skip shell extension 'dsv' for command environment
[2.230s] INFO:colcon.colcon_ros.task.ament_python.build:Building ROS package in '/home/davicito/Roboticos_Insanos/proyecto_ws/src/robot_hardware' with build type 'ament_python'
[2.230s] Level 1:colcon.colcon_core.shell:create_environment_hook('robot_hardware', 'ament_prefix_path')
[2.231s] INFO:colcon.colcon_core.shell:Creating environment hook '/home/davicito/Roboticos_Insanos/proyecto_ws/install/robot_hardware/share/robot_hardware/hook/ament_prefix_path.ps1'
[2.231s] INFO:colcon.colcon_core.shell:Creating environment descriptor '/home/davicito/Roboticos_Insanos/proyecto_ws/install/robot_hardware/share/robot_hardware/hook/ament_prefix_path.dsv'
[2.231s] INFO:colcon.colcon_core.shell:Creating environment hook '/home/davicito/Roboticos_Insanos/proyecto_ws/install/robot_hardware/share/robot_hardware/hook/ament_prefix_path.sh'
[2.232s] INFO:colcon.colcon_core.shell:Skip shell extension 'powershell' for command environment: Not usable outside of PowerShell
[2.232s] DEBUG:colcon.colcon_core.shell:Skip shell extension 'dsv' for command environment
[2.234s] INFO:colcon.colcon_ros.task.ament_python.build:Building ROS package in '/home/davicito/Roboticos_Insanos/proyecto_ws/src/robot_kinematics' with build type 'ament_python'
[2.234s] Level 1:colcon.colcon_core.shell:create_environment_hook('robot_kinematics', 'ament_prefix_path')
[2.234s] INFO:colcon.colcon_core.shell:Creating environment hook '/home/davicito/Roboticos_Insanos/proyecto_ws/install/robot_kinematics/share/robot_kinematics/hook/ament_prefix_path.ps1'
[2.235s] INFO:colcon.colcon_core.shell:Creating environment descriptor '/home/davicito/Roboticos_Insanos/proyecto_ws/install/robot_kinematics/share/robot_kinematics/hook/ament_prefix_path.dsv'
[2.235s] INFO:colcon.colcon_core.shell:Creating environment hook '/home/davicito/Roboticos_Insanos/proyecto_ws/install/robot_kinematics/share/robot_kinematics/hook/ament_prefix_path.sh'
[2.235s] INFO:colcon.colcon_core.shell:Skip shell extension 'powershell' for command environment: Not usable outside of PowerShell
[2.235s] DEBUG:colcon.colcon_core.shell:Skip shell extension 'dsv' for command environment
[2.440s] INFO:colcon.colcon_core.task.python.build:Building Python package in '/home/davicito/Roboticos_Insanos/proyecto_ws/src/robot_bringup'
[2.440s] INFO:colcon.colcon_core.shell:Skip shell extension 'powershell' for command environment: Not usable outside of PowerShell
[2.440s] DEBUG:colcon.colcon_core.shell:Skip shell extension 'dsv' for command environment
[2.674s] INFO:colcon.colcon_core.task.python.build:Building Python package in '/home/davicito/Roboticos_Insanos/proyecto_ws/src/robot_description'
[2.674s] INFO:colcon.colcon_core.shell:Skip shell extension 'powershell' for command environment: Not usable outside of PowerShell
[2.674s] DEBUG:colcon.colcon_core.shell:Skip shell extension 'dsv' for command environment
[2.903s] INFO:colcon.colcon_core.task.python.build:Building Python package in '/home/davicito/Roboticos_Insanos/proyecto_ws/src/robot_hardware'
[2.904s] INFO:colcon.colcon_core.shell:Skip shell extension 'powershell' for command environment: Not usable outside of PowerShell
[2.904s] DEBUG:colcon.colcon_core.shell:Skip shell extension 'dsv' for command environment
[3.134s] INFO:colcon.colcon_core.task.python.build:Building Python package in '/home/davicito/Roboticos_Insanos/proyecto_ws/src/robot_kinematics'
[3.134s] INFO:colcon.colcon_core.shell:Skip shell extension 'powershell' for command environment: Not usable outside of PowerShell
[3.134s] DEBUG:colcon.colcon_core.shell:Skip shell extension 'dsv' for command environment
[5.221s] DEBUG:colcon.colcon_core.event_handler.log_command:Invoking command in '/home/davicito/Roboticos_Insanos/proyecto_ws/build/robot_bringup': DEBUGINFOD_URLS=https://debuginfod.ubuntu.com PYTHONPATH=/home/davicito/Roboticos_Insanos/proyecto_ws/build/robot_bringup/prefix_override:/usr/lib/python3/dist-packages/colcon_core/task/python/colcon_distutils_commands:/home/davicito/Roboticos_Insanos/proyecto_ws/install/robot_bringup/lib/python3.12/site-packages:${PYTHONPATH} /usr/bin/python3 -W ignore:setup.py install is deprecated -W ignore:easy_install command is deprecated setup.py develop --editable --build-directory /home/davicito/Roboticos_Insanos/proyecto_ws/build/robot_bringup/build --no-deps symlink_data
[5.227s] DEBUG:colcon.colcon_core.event_handler.log_command:Invoking command in '/home/davicito/Roboticos_Insanos/proyecto_ws/build/robot_kinematics': DEBUGINFOD_URLS=https://debuginfod.ubuntu.com PYTHONPATH=/home/davicito/Roboticos_Insanos/proyecto_ws/build/robot_kinematics/prefix_override:/usr/lib/python3/dist-packages/colcon_core/task/python/colcon_distutils_commands:/home/davicito/Roboticos_Insanos/proyecto_ws/install/robot_kinematics/lib/python3.12/site-packages:${PYTHONPATH} /usr/bin/python3 -W ignore:setup.py install is deprecated -W ignore:easy_install command is deprecated setup.py develop --editable --build-directory /home/davicito/Roboticos_Insanos/proyecto_ws/build/robot_kinematics/build --no-deps symlink_data
[5.229s] DEBUG:colcon.colcon_core.event_handler.log_command:Invoking command in '/home/davicito/Roboticos_Insanos/proyecto_ws/build/robot_hardware': DEBUGINFOD_URLS=https://debuginfod.ubuntu.com PYTHONPATH=/home/davicito/Roboticos_Insanos/proyecto_ws/build/robot_hardware/prefix_override:/usr/lib/python3/dist-packages/colcon_core/task/python/colcon_distutils_commands:/home/davicito/Roboticos_Insanos/proyecto_ws/install/robot_hardware/lib/python3.12/site-packages:${PYTHONPATH} /usr/bin/python3 -W ignore:setup.py install is deprecated -W ignore:easy_install command is deprecated setup.py develop --editable --build-directory /home/davicito/Roboticos_Insanos/proyecto_ws/build/robot_hardware/build --no-deps symlink_data
[5.231s] DEBUG:colcon.colcon_core.event_handler.log_command:Invoking command in '/home/davicito/Roboticos_Insanos/proyecto_ws/build/robot_description': DEBUGINFOD_URLS=https://debuginfod.ubuntu.com PYTHONPATH=/home/davicito/Roboticos_Insanos/proyecto_ws/build/robot_description/prefix_override:/usr/lib/python3/dist-packages/colcon_core/task/python/colcon_distutils_commands:/home/davicito/Roboticos_Insanos/proyecto_ws/install/robot_description/lib/python3.12/site-packages:${PYTHONPATH} /usr/bin/python3 -W ignore:setup.py install is deprecated -W ignore:easy_install command is deprecated setup.py develop --editable --build-directory /home/davicito/Roboticos_Insanos/proyecto_ws/build/robot_description/build --no-deps symlink_data
[6.616s] Level 1:colcon.colcon_core.shell:create_environment_hook('robot_kinematics', 'pythonpath_develop')
[6.617s] INFO:colcon.colcon_core.shell:Creating environment hook '/home/davicito/Roboticos_Insanos/proyecto_ws/build/robot_kinematics/share/robot_kinematics/hook/pythonpath_develop.ps1'
[6.617s] DEBUG:colcon.colcon_core.event_handler.log_command:Invoked command in '/home/davicito/Roboticos_Insanos/proyecto_ws/build/robot_kinematics' returned '0': DEBUGINFOD_URLS=https://debuginfod.ubuntu.com PYTHONPATH=/home/davicito/Roboticos_Insanos/proyecto_ws/build/robot_kinematics/prefix_override:/usr/lib/python3/dist-packages/colcon_core/task/python/colcon_distutils_commands:/home/davicito/Roboticos_Insanos/proyecto_ws/install/robot_kinematics/lib/python3.12/site-packages:${PYTHONPATH} /usr/bin/python3 -W ignore:setup.py install is deprecated -W ignore:easy_install command is deprecated setup.py develop --editable --build-directory /home/davicito/Roboticos_Insanos/proyecto_ws/build/robot_kinematics/build --no-deps symlink_data
[6.811s] INFO:colcon.colcon_core.shell:Creating environment descriptor '/home/davicito/Roboticos_Insanos/proyecto_ws/build/robot_kinematics/share/robot_kinematics/hook/pythonpath_develop.dsv'
[6.812s] INFO:colcon.colcon_core.shell:Creating environment hook '/home/davicito/Roboticos_Insanos/proyecto_ws/build/robot_kinematics/share/robot_kinematics/hook/pythonpath_develop.sh'
[16.925s] Level 1:colcon.colcon_core.environment:checking '/home/davicito/Roboticos_Insanos/proyecto_ws/install/robot_kinematics' for CMake module files
[16.926s] Level 1:colcon.colcon_core.environment:checking '/home/davicito/Roboticos_Insanos/proyecto_ws/install/robot_kinematics' for CMake config files
[16.926s] Level 1:colcon.colcon_core.environment:checking '/home/davicito/Roboticos_Insanos/proyecto_ws/install/robot_kinematics/lib'
[16.927s] Level 1:colcon.colcon_core.environment:checking '/home/davicito/Roboticos_Insanos/proyecto_ws/install/robot_kinematics/bin'
[16.927s] Level 1:colcon.colcon_core.environment:checking '/home/davicito/Roboticos_Insanos/proyecto_ws/install/robot_kinematics/lib/pkgconfig/robot_kinematics.pc'
[16.927s] Level 1:colcon.colcon_core.environment:checking '/home/davicito/Roboticos_Insanos/proyecto_ws/install/robot_kinematics/lib/python3.12/site-packages'
[16.927s] Level 1:colcon.colcon_core.shell:create_environment_hook('robot_kinematics', 'pythonpath')
[16.927s] INFO:colcon.colcon_core.shell:Creating environment hook '/home/davicito/Roboticos_Insanos/proyecto_ws/install/robot_kinematics/share/robot_kinematics/hook/pythonpath.ps1'
[16.928s] INFO:colcon.colcon_core.shell:Creating environment descriptor '/home/davicito/Roboticos_Insanos/proyecto_ws/install/robot_kinematics/share/robot_kinematics/hook/pythonpath.dsv'
[16.959s] INFO:colcon.colcon_core.shell:Creating environment hook '/home/davicito/Roboticos_Insanos/proyecto_ws/install/robot_kinematics/share/robot_kinematics/hook/pythonpath.sh'
[16.990s] Level 1:colcon.colcon_core.environment:checking '/home/davicito/Roboticos_Insanos/proyecto_ws/install/robot_kinematics/bin'
[16.990s] Level 1:colcon.colcon_core.environment:create_environment_scripts_only(robot_kinematics)
[16.990s] INFO:colcon.colcon_core.shell:Creating package script '/home/davicito/Roboticos_Insanos/proyecto_ws/install/robot_kinematics/share/robot_kinematics/package.ps1'
[17.023s] INFO:colcon.colcon_core.shell:Creating package descriptor '/home/davicito/Roboticos_Insanos/proyecto_ws/install/robot_kinematics/share/robot_kinematics/package.dsv'
[17.056s] INFO:colcon.colcon_core.shell:Creating package script '/home/davicito/Roboticos_Insanos/proyecto_ws/install/robot_kinematics/share/robot_kinematics/package.sh'
[17.089s] INFO:colcon.colcon_core.shell:Creating package script '/home/davicito/Roboticos_Insanos/proyecto_ws/install/robot_kinematics/share/robot_kinematics/package.bash'
[17.123s] INFO:colcon.colcon_core.shell:Creating package script '/home/davicito/Roboticos_Insanos/proyecto_ws/install/robot_kinematics/share/robot_kinematics/package.zsh'
[17.160s] Level 1:colcon.colcon_core.environment:create_file_with_runtime_dependencies(/home/davicito/Roboticos_Insanos/proyecto_ws/install/robot_kinematics/share/colcon-core/packages/robot_kinematics)
[17.162s] Level 1:colcon.colcon_core.shell:create_environment_hook('robot_description', 'pythonpath_develop')
[17.162s] INFO:colcon.colcon_core.shell:Creating environment hook '/home/davicito/Roboticos_Insanos/proyecto_ws/build/robot_description/share/robot_description/hook/pythonpath_develop.ps1'
[17.193s] DEBUG:colcon.colcon_core.event_handler.log_command:Invoked command in '/home/davicito/Roboticos_Insanos/proyecto_ws/build/robot_description' returned '0': DEBUGINFOD_URLS=https://debuginfod.ubuntu.com PYTHONPATH=/home/davicito/Roboticos_Insanos/proyecto_ws/build/robot_description/prefix_override:/usr/lib/python3/dist-packages/colcon_core/task/python/colcon_distutils_commands:/home/davicito/Roboticos_Insanos/proyecto_ws/install/robot_description/lib/python3.12/site-packages:${PYTHONPATH} /usr/bin/python3 -W ignore:setup.py install is deprecated -W ignore:easy_install command is deprecated setup.py develop --editable --build-directory /home/davicito/Roboticos_Insanos/proyecto_ws/build/robot_description/build --no-deps symlink_data
[17.225s] INFO:colcon.colcon_core.shell:Creating environment descriptor '/home/davicito/Roboticos_Insanos/proyecto_ws/build/robot_description/share/robot_description/hook/pythonpath_develop.dsv'
[17.258s] INFO:colcon.colcon_core.shell:Creating environment hook '/home/davicito/Roboticos_Insanos/proyecto_ws/build/robot_description/share/robot_description/hook/pythonpath_develop.sh'
[17.290s] Level 1:colcon.colcon_core.environment:checking '/home/davicito/Roboticos_Insanos/proyecto_ws/install/robot_description' for CMake module files
[17.291s] Level 1:colcon.colcon_core.environment:checking '/home/davicito/Roboticos_Insanos/proyecto_ws/install/robot_description' for CMake config files
[17.291s] Level 1:colcon.colcon_core.environment:checking '/home/davicito/Roboticos_Insanos/proyecto_ws/install/robot_description/lib'
[17.291s] Level 1:colcon.colcon_core.environment:checking '/home/davicito/Roboticos_Insanos/proyecto_ws/install/robot_description/bin'
[17.291s] Level 1:colcon.colcon_core.environment:checking '/home/davicito/Roboticos_Insanos/proyecto_ws/install/robot_description/lib/pkgconfig/robot_description.pc'
[17.292s] Level 1:colcon.colcon_core.environment:checking '/home/davicito/Roboticos_Insanos/proyecto_ws/install/robot_description/lib/python3.12/site-packages'
[17.292s] Level 1:colcon.colcon_core.shell:create_environment_hook('robot_description', 'pythonpath')
[17.292s] INFO:colcon.colcon_core.shell:Creating environment hook '/home/davicito/Roboticos_Insanos/proyecto_ws/install/robot_description/share/robot_description/hook/pythonpath.ps1'
[17.292s] INFO:colcon.colcon_core.shell:Creating environment descriptor '/home/davicito/Roboticos_Insanos/proyecto_ws/install/robot_description/share/robot_description/hook/pythonpath.dsv'
[17.293s] INFO:colcon.colcon_core.shell:Creating environment hook '/home/davicito/Roboticos_Insanos/proyecto_ws/install/robot_description/share/robot_description/hook/pythonpath.sh'
[17.293s] Level 1:colcon.colcon_core.environment:checking '/home/davicito/Roboticos_Insanos/proyecto_ws/install/robot_description/bin'
[17.293s] Level 1:colcon.colcon_core.environment:create_environment_scripts_only(robot_description)
[17.294s] INFO:colcon.colcon_core.shell:Creating package script '/home/davicito/Roboticos_Insanos/proyecto_ws/install/robot_description/share/robot_description/package.ps1'
[17.294s] INFO:colcon.colcon_core.shell:Creating package descriptor '/home/davicito/Roboticos_Insanos/proyecto_ws/install/robot_description/share/robot_description/package.dsv'
[17.294s] INFO:colcon.colcon_core.shell:Creating package script '/home/davicito/Roboticos_Insanos/proyecto_ws/install/robot_description/share/robot_description/package.sh'
[17.295s] INFO:colcon.colcon_core.shell:Creating package script '/home/davicito/Roboticos_Insanos/proyecto_ws/install/robot_description/share/robot_description/package.bash'
[17.295s] INFO:colcon.colcon_core.shell:Creating package script '/home/davicito/Roboticos_Insanos/proyecto_ws/install/robot_description/share/robot_description/package.zsh'
[17.295s] Level 1:colcon.colcon_core.environment:create_file_with_runtime_dependencies(/home/davicito/Roboticos_Insanos/proyecto_ws/install/robot_description/share/colcon-core/packages/robot_description)
[17.296s] Level 1:colcon.colcon_core.shell:create_environment_hook('robot_bringup', 'pythonpath_develop')
[17.296s] INFO:colcon.colcon_core.shell:Creating environment hook '/home/davicito/Roboticos_Insanos/proyecto_ws/build/robot_bringup/share/robot_bringup/hook/pythonpath_develop.ps1'
[17.296s] INFO:colcon.colcon_core.shell:Creating environment descriptor '/home/davicito/Roboticos_Insanos/proyecto_ws/build/robot_bringup/share/robot_bringup/hook/pythonpath_develop.dsv'
[17.297s] INFO:colcon.colcon_core.shell:Creating environment hook '/home/davicito/Roboticos_Insanos/proyecto_ws/build/robot_bringup/share/robot_bringup/hook/pythonpath_develop.sh'
[17.297s] Level 1:colcon.colcon_core.environment:checking '/home/davicito/Roboticos_Insanos/proyecto_ws/install/robot_bringup' for CMake module files
[17.297s] Level 1:colcon.colcon_core.environment:checking '/home/davicito/Roboticos_Insanos/proyecto_ws/install/robot_bringup' for CMake config files
[17.298s] Level 1:colcon.colcon_core.environment:checking '/home/davicito/Roboticos_Insanos/proyecto_ws/install/robot_bringup/lib'
[17.298s] Level 1:colcon.colcon_core.environment:checking '/home/davicito/Roboticos_Insanos/proyecto_ws/install/robot_bringup/bin'
[17.298s] Level 1:colcon.colcon_core.environment:checking '/home/davicito/Roboticos_Insanos/proyecto_ws/install/robot_bringup/lib/pkgconfig/robot_bringup.pc'
[17.298s] Level 1:colcon.colcon_core.environment:checking '/home/davicito/Roboticos_Insanos/proyecto_ws/install/robot_bringup/lib/python3.12/site-packages'
[17.298s] Level 1:colcon.colcon_core.shell:create_environment_hook('robot_bringup', 'pythonpath')
[17.298s] INFO:colcon.colcon_core.shell:Creating environment hook '/home/davicito/Roboticos_Insanos/proyecto_ws/install/robot_bringup/share/robot_bringup/hook/pythonpath.ps1'
[17.298s] INFO:colcon.colcon_core.shell:Creating environment descriptor '/home/davicito/Roboticos_Insanos/proyecto_ws/install/robot_bringup/share/robot_bringup/hook/pythonpath.dsv'
[17.299s] INFO:colcon.colcon_core.shell:Creating environment hook '/home/davicito/Roboticos_Insanos/proyecto_ws/install/robot_bringup/share/robot_bringup/hook/pythonpath.sh'
[17.299s] Level 1:colcon.colcon_core.environment:checking '/home/davicito/Roboticos_Insanos/proyecto_ws/install/robot_bringup/bin'
[17.299s] Level 1:colcon.colcon_core.environment:create_environment_scripts_only(robot_bringup)
[17.299s] INFO:colcon.colcon_core.shell:Creating package script '/home/davicito/Roboticos_Insanos/proyecto_ws/install/robot_bringup/share/robot_bringup/package.ps1'
[17.300s] INFO:colcon.colcon_core.shell:Creating package descriptor '/home/davicito/Roboticos_Insanos/proyecto_ws/install/robot_bringup/share/robot_bringup/package.dsv'
[17.300s] INFO:colcon.colcon_core.shell:Creating package script '/home/davicito/Roboticos_Insanos/proyecto_ws/install/robot_bringup/share/robot_bringup/package.sh'
[17.300s] INFO:colcon.colcon_core.shell:Creating package script '/home/davicito/Roboticos_Insanos/proyecto_ws/install/robot_bringup/share/robot_bringup/package.bash'
[17.301s] INFO:colcon.colcon_core.shell:Creating package script '/home/davicito/Roboticos_Insanos/proyecto_ws/install/robot_bringup/share/robot_bringup/package.zsh'
[17.301s] Level 1:colcon.colcon_core.environment:create_file_with_runtime_dependencies(/home/davicito/Roboticos_Insanos/proyecto_ws/install/robot_bringup/share/colcon-core/packages/robot_bringup)
[17.301s] Level 1:colcon.colcon_core.shell:create_environment_hook('robot_hardware', 'pythonpath_develop')
[17.301s] INFO:colcon.colcon_core.shell:Creating environment hook '/home/davicito/Roboticos_Insanos/proyecto_ws/build/robot_hardware/share/robot_hardware/hook/pythonpath_develop.ps1'
[17.301s] INFO:colcon.colcon_core.shell:Creating environment descriptor '/home/davicito/Roboticos_Insanos/proyecto_ws/build/robot_hardware/share/robot_hardware/hook/pythonpath_develop.dsv'
[17.302s] INFO:colcon.colcon_core.shell:Creating environment hook '/home/davicito/Roboticos_Insanos/proyecto_ws/build/robot_hardware/share/robot_hardware/hook/pythonpath_develop.sh'
[17.302s] Level 1:colcon.colcon_core.environment:checking '/home/davicito/Roboticos_Insanos/proyecto_ws/install/robot_hardware' for CMake module files
[17.302s] Level 1:colcon.colcon_core.environment:checking '/home/davicito/Roboticos_Insanos/proyecto_ws/install/robot_hardware' for CMake config files
[17.303s] Level 1:colcon.colcon_core.environment:checking '/home/davicito/Roboticos_Insanos/proyecto_ws/install/robot_hardware/lib'
[17.303s] Level 1:colcon.colcon_core.environment:checking '/home/davicito/Roboticos_Insanos/proyecto_ws/install/robot_hardware/bin'
[17.303s] Level 1:colcon.colcon_core.environment:checking '/home/davicito/Roboticos_Insanos/proyecto_ws/install/robot_hardware/lib/pkgconfig/robot_hardware.pc'
[17.303s] Level 1:colcon.colcon_core.environment:checking '/home/davicito/Roboticos_Insanos/proyecto_ws/install/robot_hardware/lib/python3.12/site-packages'
[17.303s] Level 1:colcon.colcon_core.shell:create_environment_hook('robot_hardware', 'pythonpath')
[17.303s] INFO:colcon.colcon_core.shell:Creating environment hook '/home/davicito/Roboticos_Insanos/proyecto_ws/install/robot_hardware/share/robot_hardware/hook/pythonpath.ps1'
[17.304s] INFO:colcon.colcon_core.shell:Creating environment descriptor '/home/davicito/Roboticos_Insanos/proyecto_ws/install/robot_hardware/share/robot_hardware/hook/pythonpath.dsv'
[17.304s] INFO:colcon.colcon_core.shell:Creating environment hook '/home/davicito/Roboticos_Insanos/proyecto_ws/install/robot_hardware/share/robot_hardware/hook/pythonpath.sh'
[17.304s] Level 1:colcon.colcon_core.environment:checking '/home/davicito/Roboticos_Insanos/proyecto_ws/install/robot_hardware/bin'
[17.304s] Level 1:colcon.colcon_core.environment:create_environment_scripts_only(robot_hardware)
[17.304s] INFO:colcon.colcon_core.shell:Creating package script '/home/davicito/Roboticos_Insanos/proyecto_ws/install/robot_hardware/share/robot_hardware/package.ps1'
[17.305s] INFO:colcon.colcon_core.shell:Creating package descriptor '/home/davicito/Roboticos_Insanos/proyecto_ws/install/robot_hardware/share/robot_hardware/package.dsv'
[17.305s] INFO:colcon.colcon_core.shell:Creating package script '/home/davicito/Roboticos_Insanos/proyecto_ws/install/robot_hardware/share/robot_hardware/package.sh'
[17.306s] INFO:colcon.colcon_core.shell:Creating package script '/home/davicito/Roboticos_Insanos/proyecto_ws/install/robot_hardware/share/robot_hardware/package.bash'
[17.306s] INFO:colcon.colcon_core.shell:Creating package script '/home/davicito/Roboticos_Insanos/proyecto_ws/install/robot_hardware/share/robot_hardware/package.zsh'
[17.306s] Level 1:colcon.colcon_core.environment:create_file_with_runtime_dependencies(/home/davicito/Roboticos_Insanos/proyecto_ws/install/robot_hardware/share/colcon-core/packages/robot_hardware)
[17.306s] DEBUG:colcon.colcon_parallel_executor.executor.parallel:closing loop
[17.306s] DEBUG:colcon.colcon_parallel_executor.executor.parallel:loop closed
[17.306s] DEBUG:colcon.colcon_parallel_executor.executor.parallel:run_until_complete finished with '0'
[17.306s] DEBUG:colcon.colcon_core.event_reactor:joining thread
[17.323s] DEBUG:colcon.colcon_core.event_handler.log_command:Invoked command in '/home/davicito/Roboticos_Insanos/proyecto_ws/build/robot_bringup' returned '0': DEBUGINFOD_URLS=https://debuginfod.ubuntu.com PYTHONPATH=/home/davicito/Roboticos_Insanos/proyecto_ws/build/robot_bringup/prefix_override:/usr/lib/python3/dist-packages/colcon_core/task/python/colcon_distutils_commands:/home/davicito/Roboticos_Insanos/proyecto_ws/install/robot_bringup/lib/python3.12/site-packages:${PYTHONPATH} /usr/bin/python3 -W ignore:setup.py install is deprecated -W ignore:easy_install command is deprecated setup.py develop --editable --build-directory /home/davicito/Roboticos_Insanos/proyecto_ws/build/robot_bringup/build --no-deps symlink_data
[17.323s] DEBUG:colcon.colcon_core.event_handler.log_command:Invoked command in '/home/davicito/Roboticos_Insanos/proyecto_ws/build/robot_hardware' returned '0': DEBUGINFOD_URLS=https://debuginfod.ubuntu.com PYTHONPATH=/home/davicito/Roboticos_Insanos/proyecto_ws/build/robot_hardware/prefix_override:/usr/lib/python3/dist-packages/colcon_core/task/python/colcon_distutils_commands:/home/davicito/Roboticos_Insanos/proyecto_ws/install/robot_hardware/lib/python3.12/site-packages:${PYTHONPATH} /usr/bin/python3 -W ignore:setup.py install is deprecated -W ignore:easy_install command is deprecated setup.py develop --editable --build-directory /home/davicito/Roboticos_Insanos/proyecto_ws/build/robot_hardware/build --no-deps symlink_data
[18.553s] INFO:colcon.colcon_core.plugin_system:Skipping extension 'colcon_notification.desktop_notification.terminal_notifier': Not used on non-Darwin systems
[18.553s] INFO:colcon.colcon_core.plugin_system:Skipping extension 'colcon_notification.desktop_notification.win32': Not used on non-Windows systems
[18.553s] INFO:colcon.colcon_notification.desktop_notification:Sending desktop notification using 'notify2'
[18.579s] DEBUG:colcon.colcon_core.event_reactor:joined thread
[18.580s] INFO:colcon.colcon_core.shell:Creating prefix script '/home/davicito/Roboticos_Insanos/proyecto_ws/install/local_setup.ps1'
[18.582s] INFO:colcon.colcon_core.shell:Creating prefix util module '/home/davicito/Roboticos_Insanos/proyecto_ws/install/_local_setup_util_ps1.py'
[18.758s] INFO:colcon.colcon_core.shell:Creating prefix chain script '/home/davicito/Roboticos_Insanos/proyecto_ws/install/setup.ps1'
[18.948s] INFO:colcon.colcon_core.shell:Creating prefix script '/home/davicito/Roboticos_Insanos/proyecto_ws/install/local_setup.sh'
[19.237s] INFO:colcon.colcon_core.shell:Creating prefix util module '/home/davicito/Roboticos_Insanos/proyecto_ws/install/_local_setup_util_sh.py'
[19.530s] INFO:colcon.colcon_core.shell:Creating prefix chain script '/home/davicito/Roboticos_Insanos/proyecto_ws/install/setup.sh'
[20.229s] INFO:colcon.colcon_core.shell:Creating prefix script '/home/davicito/Roboticos_Insanos/proyecto_ws/install/local_setup.bash'
[20.584s] INFO:colcon.colcon_core.shell:Creating prefix chain script '/home/davicito/Roboticos_Insanos/proyecto_ws/install/setup.bash'
[20.713s] INFO:colcon.colcon_core.shell:Creating prefix script '/home/davicito/Roboticos_Insanos/proyecto_ws/install/local_setup.zsh'
[20.916s] INFO:colcon.colcon_core.shell:Creating prefix chain script '/home/davicito/Roboticos_Insanos/proyecto_ws/install/setup.zsh'
