[1.729s] Invoking command in '/home/davicito/CursoRobotica/proyecto/src/robot_description': DEBUGINFOD_URLS=https://debuginfod.ubuntu.com PYTHONPATH=/home/davicito/CursoRobotica/proyecto/build/robot_description/prefix_override:/usr/lib/python3/dist-packages/colcon_core/task/python/colcon_distutils_commands:/home/davicito/CursoRobotica/proyecto/install/robot_description/lib/python3.12/site-packages:${PYTHONPATH} /usr/bin/python3 -W ignore:setup.py install is deprecated -W ignore:easy_install command is deprecated setup.py egg_info --egg-base ../../build/robot_description build --build-base /home/davicito/CursoRobotica/proyecto/build/robot_description/build install --record /home/davicito/CursoRobotica/proyecto/build/robot_description/install.log --single-version-externally-managed install_data
[2.010s] running egg_info
[2.033s] writing ../../build/robot_description/robot_description.egg-info/PKG-INFO
[2.033s] writing dependency_links to ../../build/robot_description/robot_description.egg-info/dependency_links.txt
[2.034s] writing requirements to ../../build/robot_description/robot_description.egg-info/requires.txt
[2.034s] writing top-level names to ../../build/robot_description/robot_description.egg-info/top_level.txt
[2.079s] reading manifest file '../../build/robot_description/robot_description.egg-info/SOURCES.txt'
[2.079s] writing manifest file '../../build/robot_description/robot_description.egg-info/SOURCES.txt'
[2.105s] running build
[2.105s] running build_py
[2.105s] running install
[2.110s] running install_lib
[2.135s] byte-compiling /home/davicito/CursoRobotica/proyecto/install/robot_description/lib/python3.12/site-packages/robot_description/__init__.py to __init__.cpython-312.pyc
[2.135s] running install_data
[2.135s] creating /home/davicito/CursoRobotica/proyecto/install/robot_description/share/robot_description/rviz
[2.135s] copying rviz/rviz.conf.rviz -> /home/davicito/CursoRobotica/proyecto/install/robot_description/share/robot_description/rviz
[2.135s] creating /home/davicito/CursoRobotica/proyecto/install/robot_description/share/robot_description/urdf
[2.135s] copying urdf/robotRRR.urdf -> /home/davicito/CursoRobotica/proyecto/install/robot_description/share/robot_description/urdf
[2.135s] creating /home/davicito/CursoRobotica/proyecto/install/robot_description/share/robot_description/meshes
[2.136s] copying meshes/link.stl -> /home/davicito/CursoRobotica/proyecto/install/robot_description/share/robot_description/meshes
[2.136s] running install_egg_info
[2.161s] removing '/home/davicito/CursoRobotica/proyecto/install/robot_description/lib/python3.12/site-packages/robot_description-0.0.0-py3.12.egg-info' (and everything under it)
[2.162s] Copying ../../build/robot_description/robot_description.egg-info to /home/davicito/CursoRobotica/proyecto/install/robot_description/lib/python3.12/site-packages/robot_description-0.0.0-py3.12.egg-info
[2.163s] running install_scripts
[2.322s] writing list of installed files to '/home/davicito/CursoRobotica/proyecto/build/robot_description/install.log'
[2.552s] Invoked command in '/home/davicito/CursoRobotica/proyecto/src/robot_description' returned '0': DEBUGINFOD_URLS=https://debuginfod.ubuntu.com PYTHONPATH=/home/davicito/CursoRobotica/proyecto/build/robot_description/prefix_override:/usr/lib/python3/dist-packages/colcon_core/task/python/colcon_distutils_commands:/home/davicito/CursoRobotica/proyecto/install/robot_description/lib/python3.12/site-packages:${PYTHONPATH} /usr/bin/python3 -W ignore:setup.py install is deprecated -W ignore:easy_install command is deprecated setup.py egg_info --egg-base ../../build/robot_description build --build-base /home/davicito/CursoRobotica/proyecto/build/robot_description/build install --record /home/davicito/CursoRobotica/proyecto/build/robot_description/install.log --single-version-externally-managed install_data
