running develop
running egg_info
creating robot_description.egg-info
writing robot_description.egg-info/PKG-INFO
writing dependency_links to robot_description.egg-info/dependency_links.txt
writing requirements to robot_description.egg-info/requires.txt
writing top-level names to robot_description.egg-info/top_level.txt
writing manifest file 'robot_description.egg-info/SOURCES.txt'
reading manifest file 'robot_description.egg-info/SOURCES.txt'
writing manifest file 'robot_description.egg-info/SOURCES.txt'
running build_ext
Creating /home/samuel_arteaga/Desktop/Roboticos_Insanos/proyecto_ws/install/robot_description/lib/python3.12/site-packages/robot-description.egg-link (link to .)

Installed /home/samuel_arteaga/Desktop/Roboticos_Insanos/proyecto_ws/build/robot_description
running symlink_data
creating /home/samuel_arteaga/Desktop/Roboticos_Insanos/proyecto_ws/install/robot_description/share/ament_index
creating /home/samuel_arteaga/Desktop/Roboticos_Insanos/proyecto_ws/install/robot_description/share/ament_index/resource_index
creating /home/samuel_arteaga/Desktop/Roboticos_Insanos/proyecto_ws/install/robot_description/share/ament_index/resource_index/packages
symbolically linking /home/samuel_arteaga/Desktop/Roboticos_Insanos/proyecto_ws/build/robot_description/resource/robot_description -> /home/samuel_arteaga/Desktop/Roboticos_Insanos/proyecto_ws/install/robot_description/share/ament_index/resource_index/packages
symbolically linking /home/samuel_arteaga/Desktop/Roboticos_Insanos/proyecto_ws/build/robot_description/package.xml -> /home/samuel_arteaga/Desktop/Roboticos_Insanos/proyecto_ws/install/robot_description/share/robot_description
creating /home/samuel_arteaga/Desktop/Roboticos_Insanos/proyecto_ws/install/robot_description/share/robot_description/rviz
symbolically linking /home/samuel_arteaga/Desktop/Roboticos_Insanos/proyecto_ws/build/robot_description/rviz/rviz.conf.rviz -> /home/samuel_arteaga/Desktop/Roboticos_Insanos/proyecto_ws/install/robot_description/share/robot_description/rviz
creating /home/samuel_arteaga/Desktop/Roboticos_Insanos/proyecto_ws/install/robot_description/share/robot_description/urdf
symbolically linking /home/samuel_arteaga/Desktop/Roboticos_Insanos/proyecto_ws/build/robot_description/urdf/robotinsano.urdf -> /home/samuel_arteaga/Desktop/Roboticos_Insanos/proyecto_ws/install/robot_description/share/robot_description/urdf
creating /home/samuel_arteaga/Desktop/Roboticos_Insanos/proyecto_ws/install/robot_description/share/robot_description/meshes
symbolically linking /home/samuel_arteaga/Desktop/Roboticos_Insanos/proyecto_ws/build/robot_description/meshes/link.stl -> /home/samuel_arteaga/Desktop/Roboticos_Insanos/proyecto_ws/install/robot_description/share/robot_description/meshes
