running egg_info
creating ../../build/robot_hardware/robot_hardware.egg-info
writing ../../build/robot_hardware/robot_hardware.egg-info/PKG-INFO
writing dependency_links to ../../build/robot_hardware/robot_hardware.egg-info/dependency_links.txt
writing requirements to ../../build/robot_hardware/robot_hardware.egg-info/requires.txt
writing top-level names to ../../build/robot_hardware/robot_hardware.egg-info/top_level.txt
writing manifest file '../../build/robot_hardware/robot_hardware.egg-info/SOURCES.txt'
reading manifest file '../../build/robot_hardware/robot_hardware.egg-info/SOURCES.txt'
writing manifest file '../../build/robot_hardware/robot_hardware.egg-info/SOURCES.txt'
running build
running build_py
creating /home/edu/CursoRobotica/proyecto/build/robot_hardware/build
creating /home/edu/CursoRobotica/proyecto/build/robot_hardware/build/lib
creating /home/edu/CursoRobotica/proyecto/build/robot_hardware/build/lib/robot_hardware
copying robot_hardware/__init__.py -> /home/edu/CursoRobotica/proyecto/build/robot_hardware/build/lib/robot_hardware
running install
running install_lib
creating /home/edu/CursoRobotica/proyecto/install/robot_hardware/lib/python3.12/site-packages/robot_hardware
copying /home/edu/CursoRobotica/proyecto/build/robot_hardware/build/lib/robot_hardware/__init__.py -> /home/edu/CursoRobotica/proyecto/install/robot_hardware/lib/python3.12/site-packages/robot_hardware
byte-compiling /home/edu/CursoRobotica/proyecto/install/robot_hardware/lib/python3.12/site-packages/robot_hardware/__init__.py to __init__.cpython-312.pyc
running install_data
creating /home/edu/CursoRobotica/proyecto/install/robot_hardware/share/ament_index
creating /home/edu/CursoRobotica/proyecto/install/robot_hardware/share/ament_index/resource_index
creating /home/edu/CursoRobotica/proyecto/install/robot_hardware/share/ament_index/resource_index/packages
copying resource/robot_hardware -> /home/edu/CursoRobotica/proyecto/install/robot_hardware/share/ament_index/resource_index/packages
copying package.xml -> /home/edu/CursoRobotica/proyecto/install/robot_hardware/share/robot_hardware
running install_egg_info
Copying ../../build/robot_hardware/robot_hardware.egg-info to /home/edu/CursoRobotica/proyecto/install/robot_hardware/lib/python3.12/site-packages/robot_hardware-0.0.0-py3.12.egg-info
running install_scripts
writing list of installed files to '/home/edu/CursoRobotica/proyecto/build/robot_hardware/install.log'
